Archive member included to satisfy reference by file (symbol)

../../lib/libbtwam.a(btwam.o)
                              cal.o (OpenWAM)
../../lib/libbtwam.a(gimbals.o)
                              ../../lib/libbtwam.a(btwam.o) (gimbalsInit)
../../lib/libbtsystem.a(btsystem.o)
                              ../../lib/libbtwam.a(btwam.o) (buses)
../../lib/libbtsystem.a(btlogger.o)
                              ../../lib/libbtwam.a(btwam.o) (PrepDL)
../../lib/libbtsystem.a(btcan_peakesd.o)
                              ../../lib/libbtsystem.a(btsystem.o) (initCAN)
../../lib/libbtsystem.a(btrobot.o)
                              ../../lib/libbtwam.a(btwam.o) (new_bot)
../../lib/libbtsystem.a(btmath.o)
                              cal.o (fill_vn)
../../lib/libbtsystem.a(btos.o)
                              ../../lib/libbtwam.a(btwam.o) (test_and_log)
../../lib/libbtsystem.a(btcontrol.o)
                              ../../lib/libbtwam.a(btwam.o) (init_btPID)
../../lib/libbtsystem.a(btstatecontrol.o)
                              ../../lib/libbtwam.a(btwam.o) (map_btstatecontrol)
../../lib/libbtsystem.a(btparser.o)
                              ../../lib/libbtwam.a(btwam.o) (parseFile)
../../lib/libbtsystem.a(btseg.o)
                              ../../lib/libbtsystem.a(btcontrol.o) (destroy_pavn)
../../lib/libbtsystem.a(btpath.o)
                              ../../lib/libbtsystem.a(btcontrol.o) (new_pwl)
/usr/lib/x86_64-linux-gnu/libc_nonshared.a(elf-init.oS)
                              /usr/lib/gcc/x86_64-linux-gnu/7/../../../x86_64-linux-gnu/Scrt1.o (__libc_csu_init)
/usr/lib/x86_64-linux-gnu/libc_nonshared.a(atexit.oS)
                              cal.o (atexit)

As-needed library included to satisfy reference by file (symbol)

libncurses.so.5               cal.o (noecho@@NCURSES_5.0.19991023)
libtinfo.so.5                 cal.o (wtimeout@@NCURSES_TINFO_5.0.19991023)
libm.so.6                     ../../lib/libbtsystem.a(btmath.o) (acos@@GLIBC_2.2.5)
libtrank.so.0                 ../../lib/libbtwam.a(btwam.o) (rt_task_set_periodic)
libalchemy.so.0               /usr/lib/libtrank.so (__current_rt_alarm_create)

Allocating common symbols
Common symbol       size              file

GAIN1               0x4               cal.o
MCV                 0x4               cal.o
LFDP                0x4               cal.o
X1                  0x4               cal.o
LOG2                0x4               cal.o
FET0                0x4               cal.o
VLOGIC              0x4               cal.o
ZERO                0x4               cal.o
mask                0xc               ../../lib/libbtsystem.a(btcan_peakesd.o)
mz_mechset          0x8               cal.o
ERROR               0x4               cal.o
DUMP                0x4               cal.o
HSG                 0x4               cal.o
UPSECS              0x4               cal.o
TSTOP               0x4               cal.o
X5                  0x4               cal.o
startDone           0x4               cal.o
JP2                 0x4               cal.o
TENST               0x4               cal.o
KI                  0x4               cal.o
CTS                 0x4               cal.o
VERS                0x4               cal.o
IFAULT              0x4               cal.o
backtracesize       0x4               ../../lib/libbtsystem.a(btos.o)
JOFST2              0x4               cal.o
LFV                 0x4               cal.o
UNITS               0x4               cal.o
GRPC                0x4               cal.o
HALLH               0x4               cal.o
_DS                 0x4               cal.o
hdr                 0xff              ../../lib/libbtsystem.a(btparser.o)
COMMON_END          0x4               cal.o
BAUD                0x4               cal.o
LCVC                0x4               cal.o
done                0x4               cal.o
VALUE32             0x4               cal.o
VOLTL1              0x4               cal.o
D                   0x4               cal.o
P_OLD               0x4               cal.o
ID                  0x4               cal.o
btptrs              0x1f40            ../../lib/libbtsystem.a(btmath.o)
backtracearray      0x190             ../../lib/libbtsystem.a(btos.o)
HOLD                0x4               cal.o
SAVE                0x4               cal.o
T                   0x4               cal.o
IKP                 0x4               cal.o
P                   0x4               cal.o
mu_jps              0x8               cal.o
STAT                0x4               cal.o
GAIN2               0x4               cal.o
OT2                 0x4               cal.o
VALUE               0x4               cal.o
LCTC                0x4               cal.o
ILOGIC              0x4               cal.o
DEF                 0x4               cal.o
MECH2               0x4               cal.o
CT2                 0x4               cal.o
LOG3                0x4               cal.o
FET1                0x4               cal.o
[...]
Memory Configuration

Name             Origin             Length             Attributes
*default*        0x0000000000000000 0xffffffffffffffff

Linker script and memory map

LOAD /usr/lib/gcc/x86_64-linux-gnu/7/../../../x86_64-linux-gnu/Scrt1.o
LOAD /usr/lib/gcc/x86_64-linux-gnu/7/../../../x86_64-linux-gnu/crti.o
LOAD /usr/lib/gcc/x86_64-linux-gnu/7/crtbeginS.o
LOAD cal.o
LOAD /usr/lib/gcc/x86_64-linux-gnu/7/../../../x86_64-linux-gnu/libpthread.so
START GROUP
LOAD /lib/x86_64-linux-gnu/libpthread.so.0
LOAD /usr/lib/x86_64-linux-gnu/libpthread_nonshared.a
END GROUP
LOAD /usr/lib/gcc/x86_64-linux-gnu/7/../../../x86_64-linux-gnu/libncurses.so
LOAD /lib/x86_64-linux-gnu/libncurses.so.5
LOAD /usr/lib/gcc/x86_64-linux-gnu/7/../../../x86_64-linux-gnu/libtinfo.so
LOAD ../../lib/libbtwam.a
LOAD ../../lib/libbtsystem.a
LOAD /usr/lib/gcc/x86_64-linux-gnu/7/../../../x86_64-linux-gnu/libm.so
START GROUP
LOAD /lib/x86_64-linux-gnu/libm.so.6
LOAD /usr/lib/x86_64-linux-gnu/libmvec_nonshared.a
LOAD /lib/x86_64-linux-gnu/libmvec.so.1
END GROUP
LOAD /usr/lib/libtrank.so
LOAD /usr/lib/libalchemy.so
LOAD /usr/lib/libalchemy.so
LOAD /usr/lib/libcopperplate.so
LOAD /usr/xenomai/lib/xenomai/bootstrap.o
LOAD /usr/lib/libcobalt.so
LOAD /usr/lib/libmodechk.so
LOAD /usr/lib/gcc/x86_64-linux-gnu/7/../../../x86_64-linux-gnu/libpthread.so
START GROUP
LOAD /lib/x86_64-linux-gnu/libpthread.so.0
LOAD /usr/lib/x86_64-linux-gnu/libpthread_nonshared.a
END GROUP
LOAD /usr/lib/gcc/x86_64-linux-gnu/7/../../../x86_64-linux-gnu/librt.so
LOAD /usr/lib/libalchemy.so
LOAD /usr/lib/gcc/x86_64-linux-gnu/7/libgcc.a
LOAD /usr/lib/gcc/x86_64-linux-gnu/7/libgcc_s.so
START GROUP
LOAD /usr/lib/gcc/x86_64-linux-gnu/7/libgcc_s.so.1
LOAD /usr/lib/gcc/x86_64-linux-gnu/7/libgcc.a
END GROUP
LOAD /usr/lib/gcc/x86_64-linux-gnu/7/../../../x86_64-linux-gnu/libc.so
START GROUP
LOAD /lib/x86_64-linux-gnu/libc.so.6
LOAD /usr/lib/x86_64-linux-gnu/libc_nonshared.a
LOAD /lib/x86_64-linux-gnu/ld-linux-x86-64.so.2
END GROUP
LOAD /usr/lib/gcc/x86_64-linux-gnu/7/libgcc.a
LOAD /usr/lib/gcc/x86_64-linux-gnu/7/libgcc_s.so
START GROUP
LOAD /usr/lib/gcc/x86_64-linux-gnu/7/libgcc_s.so.1
LOAD /usr/lib/gcc/x86_64-linux-gnu/7/libgcc.a
END GROUP
LOAD /usr/lib/gcc/x86_64-linux-gnu/7/crtendS.o
LOAD /usr/lib/gcc/x86_64-linux-gnu/7/../../../x86_64-linux-gnu/crtn.o
                [!provide]                        PROVIDE (__executable_start = SEGMENT_START ("text-segment", 0x0))
                0x0000000000000238                . = (SEGMENT_START ("text-segment", 0x0) + SIZEOF_HEADERS)

.interp         0x0000000000000238       0x1c
 *(.interp)
 .interp        0x0000000000000238       0x1c /usr/lib/gcc/x86_64-linux-gnu/7/../../../x86_64-linux-gnu/Scrt1.o

.note.ABI-tag   0x0000000000000254       0x20
 .note.ABI-tag  0x0000000000000254       0x20 /usr/lib/gcc/x86_64-linux-gnu/7/../../../x86_64-linux-gnu/Scrt1.o

.note.gnu.build-id
                0x0000000000000274       0x24
 *(.note.gnu.build-id)
 .note.gnu.build-id
                0x0000000000000274       0x24 /usr/lib/gcc/x86_64-linux-gnu/7/../../../x86_64-linux-gnu/Scrt1.o

.hash
 *(.hash)

.gnu.hash       0x0000000000000298     0x1538
 *(.gnu.hash)
 .gnu.hash      0x0000000000000298     0x1538 /usr/lib/gcc/x86_64-linux-gnu/7/../../../x86_64-linux-gnu/Scrt1.o

.dynsym         0x00000000000017d0     0x4d10
 *(.dynsym)
 .dynsym        0x00000000000017d0     0x4d10 /usr/lib/gcc/x86_64-linux-gnu/7/../../../x86_64-linux-gnu/Scrt1.o

.dynstr         0x00000000000064e0     0x21da
 *(.dynstr)
 .dynstr        0x00000000000064e0     0x21da /usr/lib/gcc/x86_64-linux-gnu/7/../../../x86_64-linux-gnu/Scrt1.o

.gnu.version    0x00000000000086ba      0x66c
 *(.gnu.version)
 .gnu.version   0x00000000000086ba      0x66c /usr/lib/gcc/x86_64-linux-gnu/7/../../../x86_64-linux-gnu/Scrt1.o

.gnu.version_d  0x0000000000008d28        0x0
 *(.gnu.version_d)
 .gnu.version_d
                0x0000000000008d28        0x0 /usr/lib/gcc/x86_64-linux-gnu/7/../../../x86_64-linux-gnu/Scrt1.o

.gnu.version_r  0x0000000000008d28       0xd0
 *(.gnu.version_r)
 .gnu.version_r
                0x0000000000008d28       0xd0 /usr/lib/gcc/x86_64-linux-gnu/7/../../../x86_64-linux-gnu/Scrt1.o

.rela.dyn       0x0000000000008df8      0x138
 *(.rela.init)
 *(.rela.text .rela.text.* .rela.gnu.linkonce.t.*)
 .rela.text     0x0000000000008df8        0x0 /usr/lib/gcc/x86_64-linux-gnu/7/../../../x86_64-linux-gnu/Scrt1.o
 *(.rela.fini)
 *(.rela.rodata .rela.rodata.* .rela.gnu.linkonce.r.*)
 *(.rela.data .rela.data.* .rela.gnu.linkonce.d.*)
 .rela.data.rel.ro
                0x0000000000008df8        0x0 /usr/lib/gcc/x86_64-linux-gnu/7/../../../x86_64-linux-gnu/Scrt1.o
 .rela.data.rel.local
                0x0000000000008df8       0x18 /usr/lib/gcc/x86_64-linux-gnu/7/../../../x86_64-linux-gnu/Scrt1.o
 *(.rela.tdata .rela.tdata.* .rela.gnu.linkonce.td.*)
 *(.rela.tbss .rela.tbss.* .rela.gnu.linkonce.tb.*)
 *(.rela.ctors)
 *(.rela.dtors)
 *(.rela.got)
 .rela.got      0x0000000000008e10       0xa8 /usr/lib/gcc/x86_64-linux-gnu/7/../../../x86_64-linux-gnu/Scrt1.o
 *(.rela.bss .rela.bss.* .rela.gnu.linkonce.b.*)
 .rela.bss      0x0000000000008eb8       0x30 /usr/lib/gcc/x86_64-linux-gnu/7/../../../x86_64-linux-gnu/Scrt1.o
 *(.rela.ldata .rela.ldata.* .rela.gnu.linkonce.l.*)
 *(.rela.lbss .rela.lbss.* .rela.gnu.linkonce.lb.*)
 *(.rela.lrodata .rela.lrodata.* .rela.gnu.linkonce.lr.*)
 *(.rela.ifunc)
 .rela.ifunc    0x0000000000008ee8        0x0 /usr/lib/gcc/x86_64-linux-gnu/7/../../../x86_64-linux-gnu/Scrt1.o
 .rela.fini_array
                0x0000000000008ee8       0x18 /usr/lib/gcc/x86_64-linux-gnu/7/../../../x86_64-linux-gnu/Scrt1.o
 .rela.init_array
                0x0000000000008f00       0x18 /usr/lib/gcc/x86_64-linux-gnu/7/../../../x86_64-linux-gnu/Scrt1.o
 .rela.init_array.00220
                0x0000000000008f18       0x18 /usr/lib/gcc/x86_64-linux-gnu/7/../../../x86_64-linux-gnu/Scrt1.o

.rela.plt       0x0000000000008f30      0xa38
 *(.rela.plt)
 .rela.plt      0x0000000000008f30      0xa38 /usr/lib/gcc/x86_64-linux-gnu/7/../../../x86_64-linux-gnu/Scrt1.o
                [!provide]                        PROVIDE (__rela_iplt_start = .)
 *(.rela.iplt)
                [!provide]                        PROVIDE (__rela_iplt_end = .)

.init           0x0000000000009968       0x17
 *(SORT_NONE(.init))
 .init          0x0000000000009968       0x12 /usr/lib/gcc/x86_64-linux-gnu/7/../../../x86_64-linux-gnu/crti.o
                0x0000000000009968                _init
 .init          0x000000000000997a        0x5 /usr/lib/gcc/x86_64-linux-gnu/7/../../../x86_64-linux-gnu/crtn.o

.plt            0x0000000000009980      0x6e0
 *(.plt)
 .plt           0x0000000000009980      0x6e0 /usr/lib/gcc/x86_64-linux-gnu/7/../../../x86_64-linux-gnu/Scrt1.o
 *(.iplt)

.plt.got        0x000000000000a060       0x18
 *(.plt.got)
 .plt.got       0x000000000000a060       0x18 /usr/lib/gcc/x86_64-linux-gnu/7/../../../x86_64-linux-gnu/Scrt1.o

.plt.sec
 *(.plt.sec)

.text           0x000000000000a080    0x2a44e
 *(.text.unlikely .text.*_unlikely .text.unlikely.*)
 *(.text.exit .text.exit.*)
 *(.text.startup .text.startup.*)
 .text.startup  0x000000000000a080      0x18d /usr/xenomai/lib/xenomai/bootstrap.o
 *(.text.hot .text.hot.*)
 *(.text .stub .text.* .gnu.linkonce.t.*)
 *fill*         0x000000000000a20d        0x3 
 .text          0x000000000000a210       0x2b /usr/lib/gcc/x86_64-linux-gnu/7/../../../x86_64-linux-gnu/Scrt1.o
                0x000000000000a210                _start
 .text          0x000000000000a23b        0x0 /usr/lib/gcc/x86_64-linux-gnu/7/../../../x86_64-linux-gnu/crti.o
 *fill*         0x000000000000a23b        0x5 
 .text          0x000000000000a240       0xda /usr/lib/gcc/x86_64-linux-gnu/7/crtbeginS.o
 .text          0x000000000000a31a     0x4ba9 cal.o
                0x000000000000a31a                btkey_get
                0x000000000000a422                main
                0x000000000000a8a4                sigint
                0x000000000000a8b5                can_thd_function
                0x000000000000aa11                magenc_thd_function
                0x000000000000ab32                do_mode_zero
                0x000000000000bf64                mu_callback
                0x000000000000c04c                mu_stats
                0x000000000000c629                do_mode_mu
 .text          0x000000000000eec3     0x49ad ../../lib/libbtwam.a(btwam.o)
                0x000000000000eec3                warn_upon_switch
                0x000000000000ef8e                InitVectors
                0x000000000000f4bd                OpenWAM
                0x0000000000011214                CloseWAM
                0x000000000001122d                MotorID_From_ActIdx
                0x0000000000011254                WAMMaintenanceThread
                0x00000000000112fc                WAMControlThread
                0x000000000001257b                ActAngle2Mpos
                0x000000000001260b                Mtrq2ActTrq
                0x00000000000126bb                Mpos2Jpos
                0x0000000000012763                Jpos2Mpos
                0x000000000001280b                Jtrq2Mtrq
                0x00000000000128b3                DefineWAMpos
                0x0000000000012b10                SetCartesianSpace
                0x0000000000012bb3                SetJointSpace
                0x0000000000012c56                SetPositionConstraint
                0x0000000000012cbc                MoveSetup
                0x0000000000012cfe                MoveWAM
                0x0000000000012d79                MoveIsDone
                0x0000000000012dbc                MoveStop
                0x0000000000012dde                ParkWAM
                0x0000000000012e3b                GetGravityComp
                0x0000000000012e69                SetGravityComp
                0x0000000000012e9d                SetGravityUsingCalibrated
                0x0000000000012ec7                GetGravityUsingCalibrated
                0x0000000000012ef0                GetGravityIsCalibrated
                0x0000000000012f19                GCompSample
                0x0000000000013021                getLagrangian4
                0x00000000000131df                setSafetyLimits
                0x0000000000013347                DumpWAM2Syslog
                0x0000000000013612                StartContinuousTeach
                0x000000000001379b                StopContinuousTeach
                0x00000000000137ce                ServiceContinuousTeach
                0x00000000000137ef                registerWAMcallback
                0x0000000000013828                registerWAMmotorcallback
                0x0000000000013861                BlankWAMcallback
 .text          0x0000000000013870      0x16d ../../lib/libbtwam.a(gimbals.o)
                0x0000000000013870                getGimbalsAngles
                0x000000000001395d                initGimbals
 .text          0x00000000000139dd     0x4366 ../../lib/libbtsystem.a(btsystem.o)
                0x00000000000139dd                DiscoverSystem
                0x00000000000139e4                ReadSystemFromConfig
                0x0000000000013d80                InitializeSystem
                0x0000000000014e6b                EnumerateSystem
                0x00000000000154de                CloseSystem
                0x000000000001550b                DumpData2Syslog
                0x0000000000015a87                GetActuators
                0x0000000000015b2d                GetBuses
                0x0000000000015b77                GetPositions
                0x00000000000160bd                SetTorques
                0x0000000000016710                GetProp
                0x0000000000016975                SetProp
                0x0000000000016a8f                SetByID
                0x0000000000016ac8                TurnaroundTime
                0x0000000000016baa                AllIndexed
                0x0000000000016bf7                EnergizeActuators
                0x0000000000016c78                IdleActuators
                0x0000000000016cbe                SetEngrUnits
                0x0000000000016d08                SetTRC
                0x0000000000016e3b                ThereIsTRC
                0x0000000000016eac                Load_Actuator_File
                0x00000000000179fc                Load_Bus_File
 .text          0x0000000000017d43     0x14ab ../../lib/libbtsystem.a(btlogger.o)
                0x0000000000017d43                PrepDL
                0x0000000000017dd1                AddDataDL
                0x0000000000017ed3                DataSizeDL
                0x0000000000017f2c                InitDL
                0x0000000000018054                DLon
                0x000000000001806a                DLoff
                0x0000000000018080                CloseDL
                0x00000000000180db                TriggerDL
                0x00000000000181c6                InitDataFileDL
                0x00000000000182c9                UpdateDL
                0x000000000001834c                DLwrite
                0x0000000000018485                flushDL
                0x000000000001856e                evalDL
                0x0000000000018594                DecodeDL
 .text          0x00000000000191ee     0x2c1e ../../lib/libbtsystem.a(btcan_peakesd.o)
                0x00000000000193f7                allowMessage
                0x0000000000019407                initCAN
                0x000000000001976d                freeCAN
                0x000000000001981b                canReadMsg
                0x0000000000019a0f                canSendMsg
                0x0000000000019b66                canClearMsg
                0x0000000000019bed                wakePuck
                0x0000000000019c29                setTorques
                0x0000000000019dee                getPositions
                0x0000000000019f7b                setProperty
                0x000000000001a076                getProperty
                0x000000000001a1b5                getBusStatus
                0x000000000001a3f5                parseMessage
                0x000000000001a7bf                compile
                0x000000000001a859                initPropertyDefs
 .text          0x000000000001be0c     0x448d ../../lib/libbtsystem.a(btrobot.o)
                0x000000000001be0c                new_btlink
                0x000000000001c1dc                new_bot
                0x000000000001c64c                link_geom_bot
                0x000000000001c9eb                tool_geom_bot
                0x000000000001cb88                tool_trans_bot
                0x000000000001cc24                link_mass_bot
                0x000000000001cda4                tool_mass_bot
                0x000000000001ce53                make_transform_btlink
                0x000000000001d03b                set_gravity_bot
                0x000000000001d09a                get_gravity_bot
                0x000000000001d0b1                set_gravity_bot_calibrated
                0x000000000001d0e7                get_gravity_bot_calibrated
                0x000000000001d0f8                get_gravity_bot_is_calibrated
                0x000000000001d109                set_q_bot
                0x000000000001d169                get_t_bot
                0x000000000001d193                eval_fk_bot
                0x000000000001d931                eval_fj_bot
                0x000000000001de8a                Ln_to_W_bot
                0x000000000001dedc                T_to_W_bot
                0x000000000001df09                Ln_to_W_trans_bot
                0x000000000001df44                T_to_W_trans_bot
                0x000000000001df5a                eval_fd_bot
                0x000000000001e7eb                eval_bd_bot
                0x000000000001eedb                get_gravity_torques
                0x000000000001f93a                apply_force_bot
                0x000000000001fc0d                apply_tool_force_bot
                0x000000000001fd76                dumptofile_bot
                0x000000000001ff40                test_btrobot
 .text          0x0000000000020299     0xb677 ../../lib/libbtsystem.a(btmath.o)
                0x0000000000020299                addbtptr
                0x000000000002030c                rembtptr
                0x0000000000020365                freebtptr
                0x00000000000203e3                fill_vn
                0x000000000002042a                new_vn
                0x000000000002048c                init_vn
                0x0000000000020517                destroy_vn
                0x0000000000020532                init_local_vn
                0x00000000000205c5                len_vn
                0x00000000000205d6                sizeof_vn
                0x00000000000205f0                new_vn_group
                0x0000000000020725                set_vn
                0x00000000000207a3                setrange_vn
                0x000000000002080d                extract_vn
                0x0000000000020866                valptr_vn
                0x0000000000020878                inject_vn
                0x00000000000208d1                setval_vn
                0x0000000000020902                getval_vn
                0x0000000000020928                const_vn
                0x0000000000020a6b                einit_vn
                0x0000000000020aae                subset_vn
                0x0000000000020b2b                reset_vn
                0x0000000000020b47                neg_vn
                0x0000000000020bb2                scale_vn
                0x0000000000020c1b                add_vn
                0x0000000000020c9b                sub_vn
                0x0000000000020d1b                dot_vn
                0x0000000000020d94                norm_vn
                0x0000000000020e28                angle_vn
                0x0000000000020ea4                unit_vn
                0x0000000000020f6b                unit_interp_vn
                0x0000000000020fc7                interp_vn
                0x0000000000021036                bound_vn
                0x00000000000210f9                e_mul_vn
                0x0000000000021179                e_div_vn
                0x000000000002124d                e_pow_vn
                0x00000000000212d6                e_sqrt_vn
                0x0000000000021351                e_sqr_vn
                0x00000000000213cd                print_vn
                0x0000000000021442                sprint_vn
                0x0000000000021537                syslog_vn
                0x00000000000215a3                sprint_csv_vn
                0x000000000002165f                sprint_plt_vn
                0x000000000002171b                strcount_vn
                0x00000000000219fe                strto_vn
                0x0000000000021b0f                sscan_vn
                0x0000000000021bed                csvto_vn
                0x0000000000021cd5                test_vn
                0x00000000000220d2                new_vr
                0x00000000000221e7                destroy_vr
                0x0000000000022202                idx_vr
                0x0000000000022244                lval_vr
                0x0000000000022286                rval_vr
                0x00000000000222c8                edit_vr
                0x000000000002230b                mapdat_vr
                0x0000000000022345                getvn_vr
                0x00000000000223a2                append_vr
                0x000000000002240c                next_vr
                0x000000000002243a                prev_vr
                0x0000000000022461                start_vr
                0x0000000000022477                end_vr
                0x0000000000022490                edit_at_vr
                0x00000000000224c5                edit_point_vr
                0x00000000000224d6                insert_vr
                0x00000000000225aa                delete_vr
                0x000000000002266e                numrows_vr
                0x000000000002267f                numelements_vr
                0x0000000000022690                maxrows_vr
                0x00000000000226a1                copy_sub_vr
                0x0000000000022784                resize_vr
                0x0000000000022821                clear_vr
                0x0000000000022837                arclength_vr
                0x00000000000228bf                read_csv_file_vr
                0x0000000000022be6                write_csv_file_vr
                0x0000000000022d1f                test_vr
                0x0000000000022e5b                fill_v3
                0x0000000000022ea6                new_v3
                0x0000000000022f39                init_staticv3
                0x0000000000022fc2                set_v3
                0x0000000000023026                const_v3
                0x000000000002307e                C_v3
                0x000000000002310a                setval_v3
                0x000000000002313b                getval_v3
                0x0000000000023161                neg_v3
                0x00000000000231f7                scale_v3
                0x000000000002327d                add_v3
                0x000000000002332b                sub_v3
                0x00000000000233d9                cross_v3
                0x000000000002353c                dot_v3
                0x00000000000235b6                norm_v3
                0x0000000000023643                unit_v3
                0x0000000000023794                print_v3
                0x0000000000023802                sprint_v3
                0x00000000000238e8                test_v3
                0x0000000000023ca7                fill_q
                0x0000000000023d07                new_q
                0x0000000000023d9a                set_q
                0x0000000000023e1b                const_q
                0x0000000000023e8d                C_q
                0x0000000000023f32                setval_q
                0x0000000000023f63                getval_q
                0x0000000000023f89                extract_q
                0x0000000000023fe2                inject_q
                0x000000000002403b                conj_q
                0x00000000000240f4                add_q
                0x00000000000241d9                sub_q
                0x00000000000242be                scale_q
                0x000000000002436c                dot_q
                0x000000000002440e                norm_q
                0x00000000000244c3                unit_q
                0x00000000000245f2                inv_q
                0x000000000002472d                pow_q
                0x000000000002476c                mul_q
                0x0000000000024a68                exp_q
                0x0000000000024c4d                log_q
                0x0000000000024dba                R_to_q
                0x0000000000024f2d                q_to_R
                0x00000000000251a4                GCdist_q
                0x0000000000025215                GCaxis_q
                0x0000000000025286                force_closest_q
                0x00000000000253a5                angle_q
                0x000000000002542c                axis_q
                0x00000000000254b3                new_mn
                0x00000000000255a4                new_mn_ptr
                0x0000000000025666                destroy_mn
                0x0000000000025681                set_mn
                0x0000000000025740                ident_mn
                0x00000000000257f2                zero_mn
                0x0000000000025843                setrow_mn
                0x00000000000258e0                setcol_mn
                0x000000000002597d                getcol_mn
                0x0000000000025a1a                getval_mn
                0x0000000000025a51                setval_mn
                0x0000000000025a93                scale_mn
                0x0000000000025b0c                mul_mn
                0x0000000000025cee                T_mn
                0x0000000000025da7                add_mn
                0x0000000000025eac                matXvec_mn
                0x0000000000025fa2                sprint_mn
                0x00000000000260fc                sprint_mh
                0x0000000000026259                strto_mn
                0x0000000000026487                new_mh
                0x000000000002654b                set_mh
                0x00000000000266b1                setrow_mh
                0x000000000002672c                getcol_mh
                0x00000000000267a5                ident_mh
                0x00000000000268fc                mul_mh
                0x0000000000027020                setmul_mh
                0x000000000002771a                matXvec_mh
                0x0000000000027931                getval_mh
                0x0000000000027966                print_mh
                0x00000000000279fe                test_mh
                0x0000000000027b9d                bench_mh
                0x0000000000027c05                new_m3
                0x0000000000027c15                set_m3
                0x0000000000027d7b                setrow_m3
                0x0000000000027de0                ident_m3
                0x0000000000027ee3                getcol_m3
                0x0000000000027f5c                getval_m3
                0x0000000000027f91                mul_m3
                0x000000000002852d                setmul_m3
                0x0000000000028a9f                T_m3
                0x0000000000028bbe                matr_mnXvect_3
                0x0000000000028d54                matXvec_m3
                0x0000000000028f2f                matTXvec_m3
                0x000000000002910a                eqaxis_m3
                0x000000000002926f                RtoXYZf_m3
                0x000000000002949a                RtoZYZf_m3
                0x00000000000296ce                XYZftoR_m3
                0x000000000002989e                new_btfilter
                0x000000000002995f                syslog_filter
                0x0000000000029b21                eval_btfilter
                0x0000000000029c93                init_btfilter_diff
                0x0000000000029f73                init_btfilter_butterworth_diff
                0x000000000002a108                init_btfilter_lowpass
                0x000000000002a329                atan2_bt
                0x000000000002a3f3                interp_bt
                0x000000000002a465                interpolate_bt
                0x000000000002a4e9                new_btfilter_vn
                0x000000000002a5cd                eval_btfilter_vn
                0x000000000002a7b9                init_btfilter_vn_butterworth_diff
                0x000000000002a9cb                init_btfilter_vn_diff
                0x000000000002ada4                test_btfilter
                0x000000000002aec7                test_filter_vn
                0x000000000002b09b                max_bt
                0x000000000002b0c3                min_bt
                0x000000000002b0eb                ludcmp
                0x000000000002b58f                lubksb
                0x000000000002b78a                inv_mn
                0x000000000002b880                det_mn
 .text          0x000000000002b910      0x979 ../../lib/libbtsystem.a(btos.o)
                0x000000000002bab9                syslog_backtrace
                0x000000000002bb0c                btmutex_init
                0x000000000002bb81                btmutex_lock
                0x000000000002bbc2                btmutex_unlock
                0x000000000002bc03                btptr_ok
                0x000000000002bc45                btptr_chk
                0x000000000002bc62                idx_bounds_ok
                0x000000000002bcb7                test_and_log
                0x000000000002bcfa                btmalloc
                0x000000000002bd4a                btfree
                0x000000000002bd73                new_btthread
                0x000000000002bd8f                new_btrt_thread
                0x000000000002bda8                free_btthread
                0x000000000002bdc3                btthread_create
                0x000000000002bed6                btthread_done
                0x000000000002bf11                btrt_thread_done
                0x000000000002bf4c                btthread_stop
                0x000000000002bf9a                btthread_exit
                0x000000000002bfb0                btrt_thread_stop
                0x000000000002bfd6                btrt_thread_exit
                0x000000000002bfec                btrt_thread_create
                0x000000000002c0e5                btrt_set_mode_soft
                0x000000000002c100                btrt_set_mode_hard
                0x000000000002c11b                btrt_set_mode_warn
                0x000000000002c136                btrt_get_time
                0x000000000002c152                btrt_task_wait_period
                0x000000000002c168                btrt_thread_join
                0x000000000002c188                btrt_mutex_create
                0x000000000002c1c0                btrt_mutex_init
                0x000000000002c1f8                btrt_mutex_lock
                0x000000000002c243                btrt_mutex_unlock
 .text          0x000000000002c289     0x36a9 ../../lib/libbtsystem.a(btcontrol.o)
                0x000000000002c289                init_btPID
                0x000000000002c35b                init_err_btPID
                0x000000000002c371                reset_btPID
                0x000000000002c3ca                start_btPID
                0x000000000002c42e                stop_btPID
                0x000000000002c468                step_btPID
                0x000000000002c647                sety_btPID
                0x000000000002c689                setyref_btPID
                0x000000000002c6cb                setdt_btPID
                0x000000000002c70d                lastresult_btPID
                0x000000000002c74e                eval_btPID
                0x000000000002c7cf                eval_err_btPID
                0x000000000002c83d                setinputs_btPID
                0x000000000002c8a5                setgains_btPID
                0x000000000002c92f                setsaturation_btPID
                0x000000000002c971                getgains_btPID
                0x000000000002c9de                getinputs_btPID
                0x000000000002ca4c                getsaturation_btPID
                0x000000000002ca90                btposition_interface_mapf_btPID
                0x000000000002cac8                btposition_interface_eval_btPID
                0x000000000002cbb0                btposition_interface_reset_btPID
                0x000000000002cbff                btposition_interface_pause_btPID
                0x000000000002cc4e                create_ct
                0x000000000002cc96                readfile_ct
                0x000000000002cd02                init_ct
                0x000000000002cd23                eval_ct
                0x000000000002cd52                done_ct
                0x000000000002cda2                bttrajectory_interface_getstate_ct
                0x000000000002cdd8                bttrajectory_interface_reset_ct
                0x000000000002ce05                bttrajectory_interface_eval_ct
                0x000000000002ce67                bttrajectory_interface_mapf_ct
                0x000000000002ce9f                start_via_trj
                0x000000000002d3b4                eval_via_trj
                0x000000000002db8d                CalcSegment
                0x000000000002eb0c                SetAcc_vt
                0x000000000002eb2d                malloc_vta
                0x000000000002eb8a                read_file_vta
                0x000000000002ecd3                write_file_vta
                0x000000000002ed04                sim_vta
                0x000000000002eeff                set_acc_vta
                0x000000000002ef7c                set_vel_vta
                0x000000000002efa1                new_vta
                0x000000000002f09b                destroy_vta
                0x000000000002f0d5                next_point_vta
                0x000000000002f0fb                prev_point_vta
                0x000000000002f121                first_point_vta
                0x000000000002f147                last_point_vta
                0x000000000002f16d                ins_point_vta
                0x000000000002f3d0                del_point_vta
                0x000000000002f3fc                get_current_idx_vta
                0x000000000002f428                set_current_idx_vta
                0x000000000002f45c                get_current_point_vta
                0x000000000002f4a2                get_vr_vta
                0x000000000002f4c2                dist_adjust_vta
                0x000000000002f62a                time_scale_vta
                0x000000000002f6f3                reset_vta
                0x000000000002f779                eval_vta
                0x000000000002f7d0                bttrajectory_interface_getstate_vt
                0x000000000002f800                bttrajectory_interface_reset_vt
                0x000000000002f89f                bttrajectory_interface_eval_vt
                0x000000000002f8fa                register_vta
 .text          0x000000000002f932     0x15d5 ../../lib/libbtsystem.a(btstatecontrol.o)
                0x000000000002f932                setprofile_traptrj
                0x000000000002f97b                start_traptrj
                0x000000000002fadf                evaluate_traptrj
                0x000000000002fdf8                mapdata_bttrj
                0x000000000002fe22                mapdata_btpos
                0x000000000002fe89                map_btstatecontrol
                0x000000000002ff7a                maptrajectory_bts
                0x0000000000030072                mapposition_bts
                0x0000000000030159                init_bts
                0x0000000000030256                eval_trj_bts
                0x00000000000303eb                eval_bts
                0x0000000000030512                getmode_bts
                0x0000000000030522                get_trjstate_bts
                0x0000000000030566                setmode_bts
                0x0000000000030645                start_trj_bts
                0x00000000000308a9                moveto_bts
                0x0000000000030a9f                moveparm_bts
                0x0000000000030afe                movestatus_bts
                0x0000000000030b12                stop_trj_bts
                0x0000000000030b57                pause_trj_bts
                0x0000000000030bf4                unpause_trj_bts
                0x0000000000030c91                init_btramp
                0x0000000000030cf8                set_btramp
                0x0000000000030d34                get_btramp
                0x0000000000030d49                getstate_btramp
                0x0000000000030d5a                eval_btramp
                0x0000000000030ec5                setrate_btramp
 .text          0x0000000000030f07     0x1033 ../../lib/libbtsystem.a(btparser.o)
                0x0000000000030f07                stripComments
                0x0000000000030f64                nestLine
                0x0000000000031003                getKey
                0x000000000003107e                assignLine
                0x0000000000031404                killLine
                0x000000000003145b                parseFile
                0x000000000003147c                btParseFile
                0x0000000000031b9b                parseGetVal
                0x0000000000031bc9                btParseGetVal
                0x0000000000031ed3                btParseClose
 .text          0x0000000000031f3a     0x1803 ../../lib/libbtsystem.a(btseg.o)
                0x0000000000031f3a                dump_pb
                0x0000000000031f9c                dup_pb
                0x0000000000032001                sp_of_t_pb
                0x0000000000032061                s_of_t_pb
                0x00000000000320e2                s_of_t_pbl
                0x000000000003216a                sp_of_t_pbl
                0x00000000000321f2                boundary_pb
                0x000000000003228f                s0sfspftf_pb
                0x0000000000032368                blend_pb
                0x000000000003242b                new_pa
                0x00000000000324a3                destroy_pa
                0x00000000000324be                clear_pa
                0x00000000000324d4                add_bseg_pa
                0x00000000000325f4                reset_pa
                0x0000000000032647                eval_pa
                0x00000000000326bc                new_pavn
                0x000000000003275c                destroy_pavn
                0x00000000000327d1                clear_pavn
                0x0000000000032818                reset_pavn
                0x000000000003287b                eval_pavn
                0x00000000000328f0                getstate_pavn
                0x0000000000032943                vr2pararray
 .text          0x000000000003373d      0xcb0 ../../lib/libbtsystem.a(btpath.o)
                0x000000000003373d                new_pwl
                0x0000000000033759                init_pwl
                0x0000000000033819                init_pwl_from_vectray
                0x0000000000033991                free_pwl
                0x00000000000339bc                new_param_by_arclen_pwl
                0x0000000000033b4b                idxa_pwl
                0x0000000000033b79                idxb_pwl
                0x0000000000033ba7                add_arclen_point_pwl
                0x0000000000033c80                add_point_pwl
                0x0000000000033d37                clear_pwl
                0x0000000000033d9f                add_vectray_pwl
                0x0000000000033e8e                get_segment_pwl
                0x0000000000033faf                getnodes_pwl
                0x0000000000033fd5                getval_pwl
                0x0000000000034148                ds_pwl
                0x0000000000034379                dsinit_pwl
                0x00000000000343a5                arclength_pwl
 *fill*         0x00000000000343ed        0x3 
 .text          0x00000000000343f0       0x49 /usr/xenomai/lib/xenomai/bootstrap.o
                0x00000000000343f0                xenomai_main
                0x00000000000343f0                __wrap_main
 *fill*         0x0000000000034439        0x7 
 .text          0x0000000000034440       0x72 /usr/lib/x86_64-linux-gnu/libc_nonshared.a(elf-init.oS)
                0x0000000000034440                __libc_csu_init
                0x00000000000344b0                __libc_csu_fini
 *fill*         0x00000000000344b2        0xe 
 .text          0x00000000000344c0        0xe /usr/lib/x86_64-linux-gnu/libc_nonshared.a(atexit.oS)
                0x00000000000344c0                atexit
 .text          0x00000000000344ce        0x0 /usr/lib/gcc/x86_64-linux-gnu/7/crtendS.o
 .text          0x00000000000344ce        0x0 /usr/lib/gcc/x86_64-linux-gnu/7/../../../x86_64-linux-gnu/crtn.o
 *(.gnu.warning)

.fini           0x00000000000344d0        0x9
 *(SORT_NONE(.fini))
 .fini          0x00000000000344d0        0x4 /usr/lib/gcc/x86_64-linux-gnu/7/../../../x86_64-linux-gnu/crti.o
                0x00000000000344d0                _fini
 .fini          0x00000000000344d4        0x5 /usr/lib/gcc/x86_64-linux-gnu/7/../../../x86_64-linux-gnu/crtn.o
                [!provide]                        PROVIDE (__etext = .)
                [!provide]                        PROVIDE (_etext = .)
                [!provide]                        PROVIDE (etext = .)

.rodata         0x00000000000344e0     0x42f8
 *(.rodata .rodata.* .gnu.linkonce.r.*)
 .rodata.cst4   0x00000000000344e0        0x4 /usr/lib/gcc/x86_64-linux-gnu/7/../../../x86_64-linux-gnu/Scrt1.o
                0x00000000000344e0                _IO_stdin_used
 *fill*         0x00000000000344e4        0xc 
 .rodata        0x00000000000344f0     0x11c8 cal.o
 *fill*         0x00000000000356b8        0x8 
 .rodata        0x00000000000356c0      0x690 ../../lib/libbtwam.a(btwam.o)
 .rodata        0x0000000000035d50        0x8 ../../lib/libbtwam.a(gimbals.o)
 .rodata        0x0000000000035d58      0xf00 ../../lib/libbtsystem.a(btsystem.o)
 .rodata        0x0000000000036c58      0x164 ../../lib/libbtsystem.a(btlogger.o)
 *fill*         0x0000000000036dbc        0x4 
 .rodata        0x0000000000036dc0      0x589 ../../lib/libbtsystem.a(btcan_peakesd.o)
                0x0000000000036dc0                dataType
 *fill*         0x0000000000037349        0x7 
 .rodata        0x0000000000037350      0x1b0 ../../lib/libbtsystem.a(btrobot.o)
 .rodata        0x0000000000037500      0x768 ../../lib/libbtsystem.a(btmath.o)
 .rodata        0x0000000000037c68      0x1e7 ../../lib/libbtsystem.a(btos.o)
 *fill*         0x0000000000037e4f        0x1 
 .rodata        0x0000000000037e50      0x5e8 ../../lib/libbtsystem.a(btcontrol.o)
 *fill*         0x0000000000038438        0x8 
 .rodata        0x0000000000038440      0x188 ../../lib/libbtsystem.a(btstatecontrol.o)
 .rodata        0x00000000000385c8       0xbc ../../lib/libbtsystem.a(btparser.o)
 *fill*         0x0000000000038684        0xc 
 .rodata        0x0000000000038690       0xe8 ../../lib/libbtsystem.a(btseg.o)
 *fill*         0x0000000000038778        0x8 
 .rodata        0x0000000000038780       0x40 ../../lib/libbtsystem.a(btpath.o)
 .rodata.str1.1
                0x00000000000387c0       0x13 /usr/xenomai/lib/xenomai/bootstrap.o
 *fill*         0x00000000000387d3        0x1 
 .rodata        0x00000000000387d4        0x4 /usr/xenomai/lib/xenomai/bootstrap.o
                0x00000000000387d4                xenomai_auto_bootstrap

.rodata1
 *(.rodata1)

.eh_frame_hdr   0x00000000000387d8      0xfc4
 *(.eh_frame_hdr)
 .eh_frame_hdr  0x00000000000387d8      0xfc4 /usr/lib/gcc/x86_64-linux-gnu/7/../../../x86_64-linux-gnu/Scrt1.o
                0x00000000000387d8                __GNU_EH_FRAME_HDR
 *(.eh_frame_entry .eh_frame_entry.*)

.eh_frame       0x00000000000397a0     0x3ff8
 *(.eh_frame)
 .eh_frame      0x00000000000397a0       0x30 /usr/lib/gcc/x86_64-linux-gnu/7/../../../x86_64-linux-gnu/Scrt1.o
                                         0x2c (size before relaxing)
 *fill*         0x00000000000397d0        0x0 
 .eh_frame      0x00000000000397d0       0x40 /usr/lib/gcc/x86_64-linux-gnu/7/../../../x86_64-linux-gnu/Scrt1.o
 .eh_frame      0x0000000000039810       0x18 /usr/lib/gcc/x86_64-linux-gnu/7/../../../x86_64-linux-gnu/Scrt1.o
                                         0x30 (size before relaxing)
 .eh_frame      0x0000000000039828      0x128 cal.o
                                        0x140 (size before relaxing)
 .eh_frame      0x0000000000039950      0x490 ../../lib/libbtwam.a(btwam.o)
                                        0x4a8 (size before relaxing)
 .eh_frame      0x0000000000039de0       0x40 ../../lib/libbtwam.a(gimbals.o)
                                         0x58 (size before relaxing)
 .eh_frame      0x0000000000039e20      0x2c8 ../../lib/libbtsystem.a(btsystem.o)
                                        0x2e0 (size before relaxing)
 .eh_frame      0x000000000003a0e8      0x1c0 ../../lib/libbtsystem.a(btlogger.o)
                                        0x1d8 (size before relaxing)
 .eh_frame      0x000000000003a2a8      0x2a0 ../../lib/libbtsystem.a(btcan_peakesd.o)
                                        0x2b8 (size before relaxing)
 .eh_frame      0x000000000003a548      0x3a8 ../../lib/libbtsystem.a(btrobot.o)
                                        0x3c0 (size before relaxing)
 .eh_frame      0x000000000003a8f0     0x1800 ../../lib/libbtsystem.a(btmath.o)
                                       0x1818 (size before relaxing)
 .eh_frame      0x000000000003c0f0      0x478 ../../lib/libbtsystem.a(btos.o)
                                        0x490 (size before relaxing)
 .eh_frame      0x000000000003c568      0x7b0 ../../lib/libbtsystem.a(btcontrol.o)
                                        0x7c8 (size before relaxing)
 .eh_frame      0x000000000003cd18      0x360 ../../lib/libbtsystem.a(btstatecontrol.o)
                                        0x378 (size before relaxing)
 .eh_frame      0x000000000003d078      0x148 ../../lib/libbtsystem.a(btparser.o)
                                        0x160 (size before relaxing)
 .eh_frame      0x000000000003d1c0      0x2c8 ../../lib/libbtsystem.a(btseg.o)
                                        0x2e0 (size before relaxing)
 .eh_frame      0x000000000003d488      0x230 ../../lib/libbtsystem.a(btpath.o)
                                        0x248 (size before relaxing)
 .eh_frame      0x000000000003d6b8       0x68 /usr/xenomai/lib/xenomai/bootstrap.o
                                         0x80 (size before relaxing)
 .eh_frame      0x000000000003d720       0x60 /usr/lib/x86_64-linux-gnu/libc_nonshared.a(elf-init.oS)
                                         0x78 (size before relaxing)
 .eh_frame      0x000000000003d780       0x14 /usr/lib/x86_64-linux-gnu/libc_nonshared.a(atexit.oS)
                                         0x30 (size before relaxing)
 .eh_frame      0x000000000003d794        0x4 /usr/lib/gcc/x86_64-linux-gnu/7/crtendS.o
 *(.eh_frame.*)

.gcc_except_table
 *(.gcc_except_table .gcc_except_table.*)

.gnu_extab
 *(.gnu_extab*)

.exception_ranges
 *(.exception_ranges .exception_ranges*)
                0x000000000023d990                . = DATA_SEGMENT_ALIGN (CONSTANT (MAXPAGESIZE), CONSTANT (COMMONPAGESIZE))

.eh_frame
 *(.eh_frame)
 *(.eh_frame.*)

.gnu_extab
 *(.gnu_extab)

.gcc_except_table
 *(.gcc_except_table .gcc_except_table.*)

.exception_ranges
 *(.exception_ranges .exception_ranges*)

.tdata
 *(.tdata .tdata.* .gnu.linkonce.td.*)

.tbss
 *(.tbss .tbss.* .gnu.linkonce.tb.*)
 *(.tcommon)

.preinit_array  0x000000000023d990        0x0
                [!provide]                        PROVIDE (__preinit_array_start = .)
 *(.preinit_array)
                [!provide]                        PROVIDE (__preinit_array_end = .)

.init_array     0x000000000023d990       0x10
                0x000000000023d990                PROVIDE (__init_array_start = .)
 *(SORT_BY_INIT_PRIORITY(.init_array.*) SORT_BY_INIT_PRIORITY(.ctors.*))
 .init_array.00220
                0x000000000023d990        0x8 /usr/xenomai/lib/xenomai/bootstrap.o
 *(.init_array EXCLUDE_FILE(*crtend?.o *crtend.o *crtbegin?.o *crtbegin.o) .ctors)
 .init_array    0x000000000023d998        0x8 /usr/lib/gcc/x86_64-linux-gnu/7/crtbeginS.o
                0x000000000023d9a0                PROVIDE (__init_array_end = .)

.fini_array     0x000000000023d9a0        0x8
                [!provide]                        PROVIDE (__fini_array_start = .)
 *(SORT_BY_INIT_PRIORITY(.fini_array.*) SORT_BY_INIT_PRIORITY(.dtors.*))
 *(.fini_array EXCLUDE_FILE(*crtend?.o *crtend.o *crtbegin?.o *crtbegin.o) .dtors)
 .fini_array    0x000000000023d9a0        0x8 /usr/lib/gcc/x86_64-linux-gnu/7/crtbeginS.o
                [!provide]                        PROVIDE (__fini_array_end = .)

.ctors
 *crtbegin.o(.ctors)
 *crtbegin?.o(.ctors)
 *(EXCLUDE_FILE(*crtend?.o *crtend.o) .ctors)
 *(SORT_BY_NAME(.ctors.*))
 *(.ctors)

.dtors
 *crtbegin.o(.dtors)
 *crtbegin?.o(.dtors)
 *(EXCLUDE_FILE(*crtend?.o *crtend.o) .dtors)
 *(SORT_BY_NAME(.dtors.*))
 *(.dtors)

.jcr
 *(.jcr)

.data.rel.ro    0x000000000023d9a8        0x0
 *(.data.rel.ro.local* .gnu.linkonce.d.rel.ro.local.*)
 *(.data.rel.ro .data.rel.ro.* .gnu.linkonce.d.rel.ro.*)
 .data.rel.ro   0x000000000023d9a8        0x0 /usr/lib/gcc/x86_64-linux-gnu/7/../../../x86_64-linux-gnu/Scrt1.o

.dynamic        0x000000000023d9a8      0x2a0
 *(.dynamic)
 .dynamic       0x000000000023d9a8      0x2a0 /usr/lib/gcc/x86_64-linux-gnu/7/../../../x86_64-linux-gnu/Scrt1.o
                0x000000000023d9a8                _DYNAMIC

.got            0x000000000023dc48      0x3b8
 *(.got.plt)
 .got.plt       0x000000000023dc48      0x380 /usr/lib/gcc/x86_64-linux-gnu/7/../../../x86_64-linux-gnu/Scrt1.o
                0x000000000023dc48                _GLOBAL_OFFSET_TABLE_
 *(.igot.plt)
 *(.got)
 .got           0x000000000023dfc8       0x38 /usr/lib/gcc/x86_64-linux-gnu/7/../../../x86_64-linux-gnu/Scrt1.o
 *(.igot)
                0x000000000023e000                . = DATA_SEGMENT_RELRO_END (., 0x0)

.data           0x000000000023e000      0x31d
 *(.data .data.* .gnu.linkonce.d.*)
 .data          0x000000000023e000        0x4 /usr/lib/gcc/x86_64-linux-gnu/7/../../../x86_64-linux-gnu/Scrt1.o
                0x000000000023e000                data_start
                0x000000000023e000                __data_start
 .data          0x000000000023e004        0x0 /usr/lib/gcc/x86_64-linux-gnu/7/../../../x86_64-linux-gnu/crti.o
 .data          0x000000000023e004        0x0 /usr/lib/gcc/x86_64-linux-gnu/7/crtbeginS.o
 *fill*         0x000000000023e004        0x4 
 .data.rel.local
                0x000000000023e008        0x8 /usr/lib/gcc/x86_64-linux-gnu/7/crtbeginS.o
                0x000000000023e008                __dso_handle
 .data          0x000000000023e010        0x0 cal.o
 .data          0x000000000023e010        0x0 ../../lib/libbtwam.a(btwam.o)
 .data          0x000000000023e010        0x0 ../../lib/libbtwam.a(gimbals.o)
 .data          0x000000000023e010        0x0 ../../lib/libbtsystem.a(btsystem.o)
 .data          0x000000000023e010        0x0 ../../lib/libbtsystem.a(btlogger.o)
 .data          0x000000000023e010        0x0 ../../lib/libbtsystem.a(btcan_peakesd.o)
 .data          0x000000000023e010        0x0 ../../lib/libbtsystem.a(btrobot.o)
 .data          0x000000000023e010        0x0 ../../lib/libbtsystem.a(btmath.o)
 .data          0x000000000023e010        0x0 ../../lib/libbtsystem.a(btos.o)
 .data          0x000000000023e010        0x0 ../../lib/libbtsystem.a(btcontrol.o)
 .data          0x000000000023e010        0x0 ../../lib/libbtsystem.a(btstatecontrol.o)
 *fill*         0x000000000023e010       0x10 
 .data          0x000000000023e020      0x2fd ../../lib/libbtsystem.a(btparser.o)
                0x000000000023e020                btparser_default
 .data          0x000000000023e31d        0x0 ../../lib/libbtsystem.a(btseg.o)
 .data          0x000000000023e31d        0x0 ../../lib/libbtsystem.a(btpath.o)
 .data          0x000000000023e31d        0x0 /usr/xenomai/lib/xenomai/bootstrap.o
 .data          0x000000000023e31d        0x0 /usr/lib/x86_64-linux-gnu/libc_nonshared.a(elf-init.oS)
 .data          0x000000000023e31d        0x0 /usr/lib/x86_64-linux-gnu/libc_nonshared.a(atexit.oS)
 .data          0x000000000023e31d        0x0 /usr/lib/gcc/x86_64-linux-gnu/7/crtendS.o
 .data          0x000000000023e31d        0x0 /usr/lib/gcc/x86_64-linux-gnu/7/../../../x86_64-linux-gnu/crtn.o

.tm_clone_table
                0x000000000023e320        0x0
 .tm_clone_table
                0x000000000023e320        0x0 /usr/lib/gcc/x86_64-linux-gnu/7/crtbeginS.o
 .tm_clone_table
                0x000000000023e320        0x0 /usr/lib/gcc/x86_64-linux-gnu/7/crtendS.o

.data1
 *(.data1)
                0x000000000023e320                _edata = .
                [!provide]                        PROVIDE (edata = .)
                0x000000000023e320                . = .
                0x000000000023e320                __bss_start = .

.bss            0x000000000023e320     0x2ae8
 *(.dynbss)
 .dynbss        0x000000000023e320       0x68 /usr/lib/gcc/x86_64-linux-gnu/7/../../../x86_64-linux-gnu/Scrt1.o
                0x000000000023e320                stdscr@@NCURSES_TINFO_5.0.19991023
                0x000000000023e340                alchemy_clock
 *(.bss .bss.* .gnu.linkonce.b.*)
 .bss           0x000000000023e388        0x0 /usr/lib/gcc/x86_64-linux-gnu/7/../../../x86_64-linux-gnu/Scrt1.o
 .bss           0x000000000023e388        0x0 /usr/lib/gcc/x86_64-linux-gnu/7/../../../x86_64-linux-gnu/crti.o
 .bss           0x000000000023e388        0x1 /usr/lib/gcc/x86_64-linux-gnu/7/crtbeginS.o
 .bss           0x000000000023e389        0x0 cal.o
 *fill*         0x000000000023e389        0x3 
 .bss           0x000000000023e38c        0x4 ../../lib/libbtwam.a(btwam.o)
                0x000000000023e38c                numMaintThreads
 .bss           0x000000000023e390        0x4 ../../lib/libbtwam.a(gimbals.o)
                0x000000000023e390                gimbalsInit
 *fill*         0x000000000023e394        0x4 
 .bss           0x000000000023e398       0x20 ../../lib/libbtsystem.a(btsystem.o)
                0x000000000023e398                act_data_valid
                0x000000000023e39c                extra_pucks
                0x000000000023e3a0                buses
                0x000000000023e3a8                num_buses
                0x000000000023e3ac                bus_data_valid
 .bss           0x000000000023e3b8        0x0 ../../lib/libbtsystem.a(btlogger.o)
 .bss           0x000000000023e3b8        0x0 ../../lib/libbtsystem.a(btcan_peakesd.o)
 .bss           0x000000000023e3b8        0x0 ../../lib/libbtsystem.a(btrobot.o)
 *fill*         0x000000000023e3b8        0x8 
 .bss           0x000000000023e3c0      0x118 ../../lib/libbtsystem.a(btmath.o)
                0x000000000023e3c0                num_btptrs
 .bss           0x000000000023e4d8        0x0 ../../lib/libbtsystem.a(btos.o)
 .bss           0x000000000023e4d8        0x0 ../../lib/libbtsystem.a(btcontrol.o)
 .bss           0x000000000023e4d8        0x0 ../../lib/libbtsystem.a(btstatecontrol.o)
 .bss           0x000000000023e4d8        0x4 ../../lib/libbtsystem.a(btparser.o)
                0x000000000023e4d8                multi
 .bss           0x000000000023e4dc        0x0 ../../lib/libbtsystem.a(btseg.o)
 .bss           0x000000000023e4dc        0x0 ../../lib/libbtsystem.a(btpath.o)
 *fill*         0x000000000023e4dc        0x4 
 .bss           0x000000000023e4e0        0xc /usr/xenomai/lib/xenomai/bootstrap.o
 .bss           0x000000000023e4ec        0x0 /usr/lib/x86_64-linux-gnu/libc_nonshared.a(elf-init.oS)
 .bss           0x000000000023e4ec        0x0 /usr/lib/x86_64-linux-gnu/libc_nonshared.a(atexit.oS)
 .bss           0x000000000023e4ec        0x0 /usr/lib/gcc/x86_64-linux-gnu/7/crtendS.o
 .bss           0x000000000023e4ec        0x0 /usr/lib/gcc/x86_64-linux-gnu/7/../../../x86_64-linux-gnu/crtn.o
 *(COMMON)
 *fill*         0x000000000023e4ec       0x14 
 COMMON         0x000000000023e500      0x3fc cal.o
                0x000000000023e500                GAIN1
                0x000000000023e504                MCV
                0x000000000023e508                LFDP
                0x000000000023e50c                X1
                0x000000000023e510                LOG2
                0x000000000023e514                FET0
                0x000000000023e518                VLOGIC
                0x000000000023e51c                ZERO
                0x000000000023e520                mz_mechset
                0x000000000023e528                ERROR
                0x000000000023e52c                DUMP
                0x000000000023e530                HSG
                0x000000000023e534                UPSECS
                0x000000000023e538                TSTOP
                0x000000000023e53c                X5
                0x000000000023e540                startDone
                0x000000000023e544                JP2
                0x000000000023e548                TENST
                0x000000000023e54c                KI
                0x000000000023e550                CTS
                0x000000000023e554                VERS
                0x000000000023e558                IFAULT
                0x000000000023e55c                JOFST2
                0x000000000023e560                LFV
                0x000000000023e564                UNITS
                0x000000000023e568                GRPC
                0x000000000023e56c                HALLH
                0x000000000023e570                _DS
                0x000000000023e574                COMMON_END
                0x000000000023e578                BAUD
                0x000000000023e57c                LCVC
                0x000000000023e580                done
                0x000000000023e584                VALUE32
                0x000000000023e588                VOLTL1
                0x000000000023e58c                D
                0x000000000023e590                P_OLD
                0x000000000023e594                ID
                0x000000000023e598                HOLD
                0x000000000023e59c                SAVE
                0x000000000023e5a0                T
                0x000000000023e5a4                IKP
                0x000000000023e5a8                P
                0x000000000023e5b0                mu_jps
                0x000000000023e5b8                STAT
                0x000000000023e5bc                GAIN2
                0x000000000023e5c0                OT2
                0x000000000023e5c4                VALUE
                0x000000000023e5c8                LCTC
                0x000000000023e5cc                ILOGIC
                0x000000000023e5d0                DEF
                0x000000000023e5d4                MECH2
                0x000000000023e5d8                CT2
                0x000000000023e5dc                LOG3
                0x000000000023e5e0                FET1
                0x000000000023e5e4                LFS
                0x000000000023e5e8                TL1
                0x000000000023e5ec                ADDR
                0x000000000023e5f0                X2
                0x000000000023e5f4                X6
                0x000000000023e5f8                VL1
                0x000000000023e5fc                CT
                0x000000000023e600                IPNM
                0x000000000023e604                OFFSET1
                0x000000000023e608                RATIO
                0x000000000023e60c                HALLH2
                0x000000000023e610                E
                0x000000000023e614                PTEMP
                0x000000000023e618                MPE
                0x000000000023e61c                M
                0x000000000023e620                OTEMP
                0x000000000023e624                ECMIN
                0x000000000023e628                ECMAX
                0x000000000023e62c                M2
                0x000000000023e630                TENSO
                0x000000000023e634                MECH
                0x000000000023e638                IMOTOR
                0x000000000023e63c                ISQ
                0x000000000023e640                IOFF
                0x000000000023e644                VBUS
                0x000000000023e648                ANA1
                0x000000000023e64c                GAIN3
                0x000000000023e650                MV
                0x000000000023e654                VOLTL2
                0x000000000023e658                JP
                0x000000000023e660                can_thd
                0x000000000023e6b8                VOLTH1
                0x000000000023e6bc                JIDX
                0x000000000023e6c0                LOG4
                0x000000000023e6c4                DIG0
                0x000000000023e6c8                IKCOR
                0x000000000023e6e0                magenc_thd
                0x000000000023e738                X3
                0x000000000023e73c                FIND
                0x000000000023e740                GRPA
                0x000000000023e744                OD
                0x000000000023e748                HALLS
                0x000000000023e74c                X7
                0x000000000023e750                VL2
                0x000000000023e754                THERM
                0x000000000023e758                PWR
                0x000000000023e75c                LFAP
                0x000000000023e760                LFT
                0x000000000023e764                TL2
                0x000000000023e768                OT
                0x000000000023e76c                OFFSET2
                0x000000000023e770                TORQ
                0x000000000023e774                ACCEL
                0x000000000023e778                TEMP
                0x000000000023e77c                mu_n
                0x000000000023e780                SAMPLE
                0x000000000023e784                IOFST
                0x000000000023e788                DP
                0x000000000023e78c                PIDX
                0x000000000023e790                B
                0x000000000023e794                IVEL
                0x000000000023e798                MOFST
                0x000000000023e79c                LCV
                0x000000000023e7a0                BRAKE
                0x000000000023e7c0                wam_thd
                0x000000000023e818                mu_jts
                0x000000000023e820                V
                0x000000000023e824                MDS
                0x000000000023e828                AP
                0x000000000023e82c                TACTID
                0x000000000023e830                ignore_calibration
                0x000000000023e834                LOCK
                0x000000000023e838                mz_magvals
                0x000000000023e840                VNOM
                0x000000000023e844                CMD
                0x000000000023e848                _LOCK
                0x000000000023e84c                ANA0
                0x000000000023e850                SAFETY_END
                0x000000000023e854                MOV
                0x000000000023e858                JOFST
                0x000000000023e85c                VOLTH2
                0x000000000023e860                TETAE
                0x000000000023e864                P2
                0x000000000023e868                OFFSET3
                0x000000000023e86c                KD
                0x000000000023e870                LOG1
                0x000000000023e874                X0
                0x000000000023e878                mz_magvals_set
                0x000000000023e87c                DIG1
                0x000000000023e880                MAXPWR
                0x000000000023e884                SN
                0x000000000023e888                LFLAGS
                0x000000000023e88c                KP
                0x000000000023e890                X4
                0x000000000023e894                CTS2
                0x000000000023e898                TACT
                0x000000000023e89c                E2
                0x000000000023e8a0                GRPB
                0x000000000023e8a4                EN2
                0x000000000023e8a8                LOG
                0x000000000023e8ac                MT
                0x000000000023e8b0                SAFE
                0x000000000023e8b4                PEN
                0x000000000023e8b8                MODE
                0x000000000023e8bc                LSG
                0x000000000023e8c0                IKI
                0x000000000023e8c4                TIE
                0x000000000023e8c8                wam
                0x000000000023e8d0                IOFF2
                0x000000000023e8d4                TENSION
                0x000000000023e8d8                AP2
                0x000000000023e8dc                EN
                0x000000000023e8e0                MD
                0x000000000023e8e4                LOAD
                0x000000000023e8e8                DP2
                0x000000000023e8ec                POLES
                0x000000000023e8f0                PROP_END
                0x000000000023e8f4                ROLE
                0x000000000023e8f8                SG
 *fill*         0x000000000023e8fc        0x4 
 COMMON         0x000000000023e900       0x38 ../../lib/libbtwam.a(gimbals.o)
                0x000000000023e900                gimbalsGain
                0x000000000023e920                gimbalsOffset
 *fill*         0x000000000023e938        0x8 
 COMMON         0x000000000023e940      0x160 ../../lib/libbtsystem.a(btsystem.o)
                0x000000000023e940                safetyBoardID
                0x000000000023e960                insanePos
                0x000000000023e9e0                act
                0x000000000023e9f0                timev
                0x000000000023ea00                firstPos
                0x000000000023ea08                num_actuators
                0x000000000023ea10                CPU_cycles_per_second
                0x000000000023ea20                invalidPos
 COMMON         0x000000000023eaa0      0x150 ../../lib/libbtsystem.a(btcan_peakesd.o)
                0x000000000023eaa0                mask
                0x000000000023eab0                can_accept
                0x000000000023eac0                jointPosition
                0x000000000023ebc0                commMutex
                0x000000000023ebe0                canDev
 *fill*         0x000000000023ebf0       0x10 
 COMMON         0x000000000023ec00     0x1f40 ../../lib/libbtsystem.a(btmath.o)
                0x000000000023ec00                btptrs
 COMMON         0x0000000000240b40      0x1b8 ../../lib/libbtsystem.a(btos.o)
                0x0000000000240b40                backtracesize
                0x0000000000240b60                backtracearray
                0x0000000000240cf0                backtracestrings
 *fill*         0x0000000000240cf8        0x8 
 COMMON         0x0000000000240d00      0x108 ../../lib/libbtsystem.a(btparser.o)
                0x0000000000240d00                hdr
                0x0000000000240e00                outFile
                0x0000000000240e08                . = ALIGN ((. != 0x0)?0x8:0x1)

.lbss
 *(.dynlbss)
 *(.lbss .lbss.* .gnu.linkonce.lb.*)
 *(LARGE_COMMON)
                0x0000000000240e08                . = ALIGN (0x8)
                0x0000000000240e08                . = SEGMENT_START ("ldata-segment", .)

.lrodata
 *(.lrodata .lrodata.* .gnu.linkonce.lr.*)

.ldata          0x0000000000640e08        0x0
 *(.ldata .ldata.* .gnu.linkonce.l.*)
                0x0000000000640e08                . = ALIGN ((. != 0x0)?0x8:0x1)
                0x0000000000640e08                . = ALIGN (0x8)
                0x0000000000640e08                _end = .
                [!provide]                        PROVIDE (end = .)
                0x0000000000640e08                . = DATA_SEGMENT_END (.)

.stab
 *(.stab)

.stabstr
 *(.stabstr)

.stab.excl
 *(.stab.excl)

.stab.exclstr
 *(.stab.exclstr)

.stab.index
 *(.stab.index)

.stab.indexstr
 *(.stab.indexstr)

.comment        0x0000000000000000       0x2a
 *(.comment)
 .comment       0x0000000000000000       0x2a /usr/lib/gcc/x86_64-linux-gnu/7/crtbeginS.o
                                         0x2b (size before relaxing)
 .comment       0x000000000000002a       0x2b cal.o
 .comment       0x000000000000002a       0x2b ../../lib/libbtwam.a(btwam.o)
 .comment       0x000000000000002a       0x2b ../../lib/libbtwam.a(gimbals.o)
 .comment       0x000000000000002a       0x2b ../../lib/libbtsystem.a(btsystem.o)
 .comment       0x000000000000002a       0x2b ../../lib/libbtsystem.a(btlogger.o)
 .comment       0x000000000000002a       0x2b ../../lib/libbtsystem.a(btcan_peakesd.o)
 .comment       0x000000000000002a       0x2b ../../lib/libbtsystem.a(btrobot.o)
 .comment       0x000000000000002a       0x2b ../../lib/libbtsystem.a(btmath.o)
 .comment       0x000000000000002a       0x2b ../../lib/libbtsystem.a(btos.o)
 .comment       0x000000000000002a       0x2b ../../lib/libbtsystem.a(btcontrol.o)
 .comment       0x000000000000002a       0x2b ../../lib/libbtsystem.a(btstatecontrol.o)
 .comment       0x000000000000002a       0x2b ../../lib/libbtsystem.a(btparser.o)
 .comment       0x000000000000002a       0x2b ../../lib/libbtsystem.a(btseg.o)
 .comment       0x000000000000002a       0x2b ../../lib/libbtsystem.a(btpath.o)
 .comment       0x000000000000002a       0x2b /usr/xenomai/lib/xenomai/bootstrap.o
 .comment       0x000000000000002a       0x2b /usr/lib/gcc/x86_64-linux-gnu/7/crtendS.o

.debug
 *(.debug)

.line
 *(.line)

.debug_srcinfo
 *(.debug_srcinfo)

.debug_sfnames
 *(.debug_sfnames)

.debug_aranges  0x0000000000000000      0x2a0
 *(.debug_aranges)
 .debug_aranges
                0x0000000000000000       0x30 cal.o
 .debug_aranges
                0x0000000000000030       0x30 ../../lib/libbtwam.a(btwam.o)
 .debug_aranges
                0x0000000000000060       0x30 ../../lib/libbtwam.a(gimbals.o)
 .debug_aranges
                0x0000000000000090       0x30 ../../lib/libbtsystem.a(btsystem.o)
 .debug_aranges
                0x00000000000000c0       0x30 ../../lib/libbtsystem.a(btlogger.o)
 .debug_aranges
                0x00000000000000f0       0x30 ../../lib/libbtsystem.a(btcan_peakesd.o)
 .debug_aranges
                0x0000000000000120       0x30 ../../lib/libbtsystem.a(btrobot.o)
 .debug_aranges
                0x0000000000000150       0x30 ../../lib/libbtsystem.a(btmath.o)
 .debug_aranges
                0x0000000000000180       0x30 ../../lib/libbtsystem.a(btos.o)
 .debug_aranges
                0x00000000000001b0       0x30 ../../lib/libbtsystem.a(btcontrol.o)
 .debug_aranges
                0x00000000000001e0       0x30 ../../lib/libbtsystem.a(btstatecontrol.o)
 .debug_aranges
                0x0000000000000210       0x30 ../../lib/libbtsystem.a(btparser.o)
 .debug_aranges
                0x0000000000000240       0x30 ../../lib/libbtsystem.a(btseg.o)
 .debug_aranges
                0x0000000000000270       0x30 ../../lib/libbtsystem.a(btpath.o)

.debug_pubnames
 *(.debug_pubnames)

.debug_info     0x0000000000000000    0x1cb56
 *(.debug_info .gnu.linkonce.wi.*)
 .debug_info    0x0000000000000000     0x3282 cal.o
 .debug_info    0x0000000000003282     0x3a6f ../../lib/libbtwam.a(btwam.o)
 .debug_info    0x0000000000006cf1     0x27e9 ../../lib/libbtwam.a(gimbals.o)
 .debug_info    0x00000000000094da     0x2afc ../../lib/libbtsystem.a(btsystem.o)
 .debug_info    0x000000000000bfd6      0xcc4 ../../lib/libbtsystem.a(btlogger.o)
 .debug_info    0x000000000000cc9a     0x26c1 ../../lib/libbtsystem.a(btcan_peakesd.o)
 .debug_info    0x000000000000f35b     0x160d ../../lib/libbtsystem.a(btrobot.o)
 .debug_info    0x0000000000010968     0x4dd5 ../../lib/libbtsystem.a(btmath.o)
 .debug_info    0x000000000001573d      0xf77 ../../lib/libbtsystem.a(btos.o)
 .debug_info    0x00000000000166b4     0x2550 ../../lib/libbtsystem.a(btcontrol.o)
 .debug_info    0x0000000000018c04     0x14a0 ../../lib/libbtsystem.a(btstatecontrol.o)
 .debug_info    0x000000000001a0a4      0xb83 ../../lib/libbtsystem.a(btparser.o)
 .debug_info    0x000000000001ac27     0x1206 ../../lib/libbtsystem.a(btseg.o)
 .debug_info    0x000000000001be2d      0xd29 ../../lib/libbtsystem.a(btpath.o)

.debug_abbrev   0x0000000000000000     0x28cb
 *(.debug_abbrev)
 .debug_abbrev  0x0000000000000000      0x3af cal.o
 .debug_abbrev  0x00000000000003af      0x38f ../../lib/libbtwam.a(btwam.o)
 .debug_abbrev  0x000000000000073e      0x268 ../../lib/libbtwam.a(gimbals.o)
 .debug_abbrev  0x00000000000009a6      0x352 ../../lib/libbtsystem.a(btsystem.o)
 .debug_abbrev  0x0000000000000cf8      0x266 ../../lib/libbtsystem.a(btlogger.o)
 .debug_abbrev  0x0000000000000f5e      0x2e9 ../../lib/libbtsystem.a(btcan_peakesd.o)
 .debug_abbrev  0x0000000000001247      0x28f ../../lib/libbtsystem.a(btrobot.o)
 .debug_abbrev  0x00000000000014d6      0x375 ../../lib/libbtsystem.a(btmath.o)
 .debug_abbrev  0x000000000000184b      0x2d9 ../../lib/libbtsystem.a(btos.o)
 .debug_abbrev  0x0000000000001b24      0x318 ../../lib/libbtsystem.a(btcontrol.o)
 .debug_abbrev  0x0000000000001e3c      0x2e0 ../../lib/libbtsystem.a(btstatecontrol.o)
 .debug_abbrev  0x000000000000211c      0x2ab ../../lib/libbtsystem.a(btparser.o)
 .debug_abbrev  0x00000000000023c7      0x2d2 ../../lib/libbtsystem.a(btseg.o)
 .debug_abbrev  0x0000000000002699      0x232 ../../lib/libbtsystem.a(btpath.o)

.debug_line     0x0000000000000000     0x6f51
 *(.debug_line .debug_line.* .debug_line_end)
 .debug_line    0x0000000000000000      0xc53 cal.o
 .debug_line    0x0000000000000c53      0xa5c ../../lib/libbtwam.a(btwam.o)
 .debug_line    0x00000000000016af      0x344 ../../lib/libbtwam.a(gimbals.o)
 .debug_line    0x00000000000019f3      0xb32 ../../lib/libbtsystem.a(btsystem.o)
 .debug_line    0x0000000000002525      0x4e3 ../../lib/libbtsystem.a(btlogger.o)
 .debug_line    0x0000000000002a08      0x7fa ../../lib/libbtsystem.a(btcan_peakesd.o)
 .debug_line    0x0000000000003202      0x9f0 ../../lib/libbtsystem.a(btrobot.o)
 .debug_line    0x0000000000003bf2     0x156f ../../lib/libbtsystem.a(btmath.o)
 .debug_line    0x0000000000005161      0x3c3 ../../lib/libbtsystem.a(btos.o)
 .debug_line    0x0000000000005524      0x8b8 ../../lib/libbtsystem.a(btcontrol.o)
 .debug_line    0x0000000000005ddc      0x4c5 ../../lib/libbtsystem.a(btstatecontrol.o)
 .debug_line    0x00000000000062a1      0x402 ../../lib/libbtsystem.a(btparser.o)
 .debug_line    0x00000000000066a3      0x505 ../../lib/libbtsystem.a(btseg.o)
 .debug_line    0x0000000000006ba8      0x3a9 ../../lib/libbtsystem.a(btpath.o)

.debug_frame
 *(.debug_frame)

.debug_str      0x0000000000000000     0x4e83
 *(.debug_str)
 .debug_str     0x0000000000000000     0x126f cal.o
                                       0x14dd (size before relaxing)
 .debug_str     0x000000000000126f      0x756 ../../lib/libbtwam.a(btwam.o)
                                       0x1712 (size before relaxing)
 .debug_str     0x00000000000019c5       0x50 ../../lib/libbtwam.a(gimbals.o)
                                       0x1042 (size before relaxing)
 .debug_str     0x0000000000001a15     0x132c ../../lib/libbtsystem.a(btsystem.o)
                                       0x1dc7 (size before relaxing)
 .debug_str     0x0000000000002d41      0x126 ../../lib/libbtsystem.a(btlogger.o)
                                        0x7a3 (size before relaxing)
 .debug_str     0x0000000000002e67      0x685 ../../lib/libbtsystem.a(btcan_peakesd.o)
                                        0xf94 (size before relaxing)
 .debug_str     0x00000000000034ec      0x1d2 ../../lib/libbtsystem.a(btrobot.o)
                                        0xabf (size before relaxing)
 .debug_str     0x00000000000036be      0x98a ../../lib/libbtsystem.a(btmath.o)
                                       0x1131 (size before relaxing)
 .debug_str     0x0000000000004048      0x3bb ../../lib/libbtsystem.a(btos.o)
                                        0x886 (size before relaxing)
 .debug_str     0x0000000000004403      0x56d ../../lib/libbtsystem.a(btcontrol.o)
                                        0xe69 (size before relaxing)
 .debug_str     0x0000000000004970      0x206 ../../lib/libbtsystem.a(btstatecontrol.o)
                                        0xa84 (size before relaxing)
 .debug_str     0x0000000000004b76       0xd9 ../../lib/libbtsystem.a(btparser.o)
                                        0x73f (size before relaxing)
 .debug_str     0x0000000000004c4f      0x145 ../../lib/libbtsystem.a(btseg.o)
                                        0x87f (size before relaxing)
 .debug_str     0x0000000000004d94       0xef ../../lib/libbtsystem.a(btpath.o)
                                        0x787 (size before relaxing)

.debug_loc
 *(.debug_loc)

.debug_macinfo
 *(.debug_macinfo)

.debug_weaknames
 *(.debug_weaknames)

.debug_funcnames
 *(.debug_funcnames)

.debug_typenames
 *(.debug_typenames)

.debug_varnames
 *(.debug_varnames)

.debug_pubtypes
 *(.debug_pubtypes)

.debug_ranges   0x0000000000000000       0x60
 *(.debug_ranges)
 .debug_ranges  0x0000000000000000       0x60 ../../lib/libbtsystem.a(btcan_peakesd.o)

.debug_macro
 *(.debug_macro)

.debug_addr
 *(.debug_addr)

.gnu.attributes
 *(.gnu.attributes)

/DISCARD/
 *(.note.GNU-stack)
 *(.gnu_debuglink)
 *(.gnu.lto_*)
OUTPUT(calibrate elf64-x86-64)

Cross Reference Table

Symbol                                            File
ACCEL                                             ../../lib/libbtsystem.a(btcan_peakesd.o)
                                                  ../../lib/libbtsystem.a(btsystem.o)
                                                  ../../lib/libbtwam.a(gimbals.o)
                                                  ../../lib/libbtwam.a(btwam.o)
                                                  cal.o
ADDR                                              ../../lib/libbtsystem.a(btcan_peakesd.o)
                                                  ../../lib/libbtsystem.a(btsystem.o)
                                                  ../../lib/libbtwam.a(gimbals.o)
                                                  ../../lib/libbtwam.a(btwam.o)
                                                  cal.o
ANA0                                              ../../lib/libbtsystem.a(btcan_peakesd.o)
                                                  ../../lib/libbtsystem.a(btsystem.o)
                                                  ../../lib/libbtwam.a(gimbals.o)
                                                  ../../lib/libbtwam.a(btwam.o)
                                                  cal.o
ANA1                                              ../../lib/libbtsystem.a(btcan_peakesd.o)
                                                  ../../lib/libbtsystem.a(btsystem.o)
                                                  ../../lib/libbtwam.a(gimbals.o)
                                                  ../../lib/libbtwam.a(btwam.o)
                                                  cal.o
AP                                                ../../lib/libbtsystem.a(btcan_peakesd.o)
                                                  ../../lib/libbtsystem.a(btsystem.o)
                                                  ../../lib/libbtwam.a(gimbals.o)
                                                  ../../lib/libbtwam.a(btwam.o)
                                                  cal.o
AP2                                               ../../lib/libbtsystem.a(btcan_peakesd.o)
                                                  ../../lib/libbtsystem.a(btsystem.o)
                                                  ../../lib/libbtwam.a(gimbals.o)
                                                  ../../lib/libbtwam.a(btwam.o)
                                                  cal.o
ActAngle2Mpos                                     ../../lib/libbtwam.a(btwam.o)
AddDataDL                                         ../../lib/libbtsystem.a(btlogger.o)
                                                  ../../lib/libbtwam.a(btwam.o)
AllIndexed                                        ../../lib/libbtsystem.a(btsystem.o)
B                                                 ../../lib/libbtsystem.a(btcan_peakesd.o)
                                                  ../../lib/libbtsystem.a(btsystem.o)
                                                  ../../lib/libbtwam.a(gimbals.o)
                                                  ../../lib/libbtwam.a(btwam.o)
                                                  cal.o
BAUD                                              ../../lib/libbtsystem.a(btcan_peakesd.o)
                                                  ../../lib/libbtsystem.a(btsystem.o)
                                                  ../../lib/libbtwam.a(gimbals.o)
                                                  ../../lib/libbtwam.a(btwam.o)
                                                  cal.o
BRAKE                                             ../../lib/libbtsystem.a(btcan_peakesd.o)
                                                  ../../lib/libbtsystem.a(btsystem.o)
                                                  ../../lib/libbtwam.a(gimbals.o)
                                                  ../../lib/libbtwam.a(btwam.o)
                                                  cal.o
BlankWAMcallback                                  ../../lib/libbtwam.a(btwam.o)
CMD                                               ../../lib/libbtsystem.a(btcan_peakesd.o)
                                                  ../../lib/libbtsystem.a(btsystem.o)
                                                  ../../lib/libbtwam.a(gimbals.o)
                                                  ../../lib/libbtwam.a(btwam.o)
                                                  cal.o
COMMON_END                                        ../../lib/libbtsystem.a(btcan_peakesd.o)
                                                  ../../lib/libbtsystem.a(btsystem.o)
                                                  ../../lib/libbtwam.a(gimbals.o)
                                                  ../../lib/libbtwam.a(btwam.o)
                                                  cal.o
CPU_cycles_per_second                             ../../lib/libbtsystem.a(btsystem.o)
CT                                                ../../lib/libbtsystem.a(btcan_peakesd.o)
                                                  ../../lib/libbtsystem.a(btsystem.o)
                                                  ../../lib/libbtwam.a(gimbals.o)
                                                  ../../lib/libbtwam.a(btwam.o)
                                                  cal.o
CT2                                               ../../lib/libbtsystem.a(btcan_peakesd.o)
                                                  ../../lib/libbtsystem.a(btsystem.o)
                                                  ../../lib/libbtwam.a(gimbals.o)
                                                  ../../lib/libbtwam.a(btwam.o)
                                                  cal.o
CTS                                               ../../lib/libbtsystem.a(btcan_peakesd.o)
                                                  ../../lib/libbtsystem.a(btsystem.o)
                                                  ../../lib/libbtwam.a(gimbals.o)
                                                  ../../lib/libbtwam.a(btwam.o)
                                                  cal.o
CTS2                                              ../../lib/libbtsystem.a(btcan_peakesd.o)
                                                  ../../lib/libbtsystem.a(btsystem.o)
                                                  ../../lib/libbtwam.a(gimbals.o)
                                                  ../../lib/libbtwam.a(btwam.o)
                                                  cal.o
C_q                                               ../../lib/libbtsystem.a(btmath.o)
C_v3                                              ../../lib/libbtsystem.a(btmath.o)
                                                  ../../lib/libbtsystem.a(btrobot.o)
CalcSegment                                       ../../lib/libbtsystem.a(btcontrol.o)
CloseDL                                           ../../lib/libbtsystem.a(btlogger.o)
                                                  ../../lib/libbtwam.a(btwam.o)
CloseSystem                                       ../../lib/libbtsystem.a(btsystem.o)
                                                  ../../lib/libbtwam.a(btwam.o)
                                                  cal.o
CloseWAM                                          ../../lib/libbtwam.a(btwam.o)
D                                                 ../../lib/libbtsystem.a(btcan_peakesd.o)
                                                  ../../lib/libbtsystem.a(btsystem.o)
                                                  ../../lib/libbtwam.a(gimbals.o)
                                                  ../../lib/libbtwam.a(btwam.o)
                                                  cal.o
DEF                                               ../../lib/libbtsystem.a(btcan_peakesd.o)
                                                  ../../lib/libbtsystem.a(btsystem.o)
                                                  ../../lib/libbtwam.a(gimbals.o)
                                                  ../../lib/libbtwam.a(btwam.o)
                                                  cal.o
DIG0                                              ../../lib/libbtsystem.a(btcan_peakesd.o)
                                                  ../../lib/libbtsystem.a(btsystem.o)
                                                  ../../lib/libbtwam.a(gimbals.o)
                                                  ../../lib/libbtwam.a(btwam.o)
                                                  cal.o
DIG1                                              ../../lib/libbtsystem.a(btcan_peakesd.o)
                                                  ../../lib/libbtsystem.a(btsystem.o)
                                                  ../../lib/libbtwam.a(gimbals.o)
                                                  ../../lib/libbtwam.a(btwam.o)
                                                  cal.o
DLoff                                             ../../lib/libbtsystem.a(btlogger.o)
                                                  ../../lib/libbtwam.a(btwam.o)
DLon                                              ../../lib/libbtsystem.a(btlogger.o)
                                                  ../../lib/libbtwam.a(btwam.o)
DLwrite                                           ../../lib/libbtsystem.a(btlogger.o)
DP                                                ../../lib/libbtsystem.a(btcan_peakesd.o)
                                                  ../../lib/libbtsystem.a(btsystem.o)
                                                  ../../lib/libbtwam.a(gimbals.o)
                                                  ../../lib/libbtwam.a(btwam.o)
                                                  cal.o
DP2                                               ../../lib/libbtsystem.a(btcan_peakesd.o)
                                                  ../../lib/libbtsystem.a(btsystem.o)
                                                  ../../lib/libbtwam.a(gimbals.o)
                                                  ../../lib/libbtwam.a(btwam.o)
                                                  cal.o
DUMP                                              ../../lib/libbtsystem.a(btcan_peakesd.o)
                                                  ../../lib/libbtsystem.a(btsystem.o)
                                                  ../../lib/libbtwam.a(gimbals.o)
                                                  ../../lib/libbtwam.a(btwam.o)
                                                  cal.o
DataSizeDL                                        ../../lib/libbtsystem.a(btlogger.o)
DecodeDL                                          ../../lib/libbtsystem.a(btlogger.o)
DefineWAMpos                                      ../../lib/libbtwam.a(btwam.o)
DiscoverSystem                                    ../../lib/libbtsystem.a(btsystem.o)
DumpData2Syslog                                   ../../lib/libbtsystem.a(btsystem.o)
DumpWAM2Syslog                                    ../../lib/libbtwam.a(btwam.o)
E                                                 ../../lib/libbtsystem.a(btcan_peakesd.o)
                                                  ../../lib/libbtsystem.a(btsystem.o)
                                                  ../../lib/libbtwam.a(gimbals.o)
                                                  ../../lib/libbtwam.a(btwam.o)
                                                  cal.o
E2                                                ../../lib/libbtsystem.a(btcan_peakesd.o)
                                                  ../../lib/libbtsystem.a(btsystem.o)
                                                  ../../lib/libbtwam.a(gimbals.o)
                                                  ../../lib/libbtwam.a(btwam.o)
                                                  cal.o
ECMAX                                             ../../lib/libbtsystem.a(btcan_peakesd.o)
                                                  ../../lib/libbtsystem.a(btsystem.o)
                                                  ../../lib/libbtwam.a(gimbals.o)
                                                  ../../lib/libbtwam.a(btwam.o)
                                                  cal.o
ECMIN                                             ../../lib/libbtsystem.a(btcan_peakesd.o)
                                                  ../../lib/libbtsystem.a(btsystem.o)
                                                  ../../lib/libbtwam.a(gimbals.o)
                                                  ../../lib/libbtwam.a(btwam.o)
                                                  cal.o
EN                                                ../../lib/libbtsystem.a(btcan_peakesd.o)
                                                  ../../lib/libbtsystem.a(btsystem.o)
                                                  ../../lib/libbtwam.a(gimbals.o)
                                                  ../../lib/libbtwam.a(btwam.o)
                                                  cal.o
EN2                                               ../../lib/libbtsystem.a(btcan_peakesd.o)
                                                  ../../lib/libbtsystem.a(btsystem.o)
                                                  ../../lib/libbtwam.a(gimbals.o)
                                                  ../../lib/libbtwam.a(btwam.o)
                                                  cal.o
ERROR                                             ../../lib/libbtsystem.a(btcan_peakesd.o)
                                                  ../../lib/libbtsystem.a(btsystem.o)
                                                  ../../lib/libbtwam.a(gimbals.o)
                                                  ../../lib/libbtwam.a(btwam.o)
                                                  cal.o
EnergizeActuators                                 ../../lib/libbtsystem.a(btsystem.o)
EnumerateSystem                                   ../../lib/libbtsystem.a(btsystem.o)
FET0                                              ../../lib/libbtsystem.a(btcan_peakesd.o)
                                                  ../../lib/libbtsystem.a(btsystem.o)
                                                  ../../lib/libbtwam.a(gimbals.o)
                                                  ../../lib/libbtwam.a(btwam.o)
                                                  cal.o
FET1                                              ../../lib/libbtsystem.a(btcan_peakesd.o)
                                                  ../../lib/libbtsystem.a(btsystem.o)
                                                  ../../lib/libbtwam.a(gimbals.o)
                                                  ../../lib/libbtwam.a(btwam.o)
                                                  cal.o
FIND                                              ../../lib/libbtsystem.a(btcan_peakesd.o)
                                                  ../../lib/libbtsystem.a(btsystem.o)
                                                  ../../lib/libbtwam.a(gimbals.o)
                                                  ../../lib/libbtwam.a(btwam.o)
                                                  cal.o
GAIN1                                             ../../lib/libbtsystem.a(btcan_peakesd.o)
                                                  ../../lib/libbtsystem.a(btsystem.o)
                                                  ../../lib/libbtwam.a(gimbals.o)
                                                  ../../lib/libbtwam.a(btwam.o)
                                                  cal.o
GAIN2                                             ../../lib/libbtsystem.a(btcan_peakesd.o)
                                                  ../../lib/libbtsystem.a(btsystem.o)
                                                  ../../lib/libbtwam.a(gimbals.o)
                                                  ../../lib/libbtwam.a(btwam.o)
                                                  cal.o
GAIN3                                             ../../lib/libbtsystem.a(btcan_peakesd.o)
                                                  ../../lib/libbtsystem.a(btsystem.o)
                                                  ../../lib/libbtwam.a(gimbals.o)
                                                  ../../lib/libbtwam.a(btwam.o)
                                                  cal.o
GCaxis_q                                          ../../lib/libbtsystem.a(btmath.o)
GCdist_q                                          ../../lib/libbtsystem.a(btmath.o)
GCompSample                                       ../../lib/libbtwam.a(btwam.o)
GLIBC_2.10                                        /lib/x86_64-linux-gnu/libc.so.6
GLIBC_2.11                                        /lib/x86_64-linux-gnu/libpthread.so.0
                                                  /lib/x86_64-linux-gnu/libc.so.6
GLIBC_2.12                                        /lib/x86_64-linux-gnu/libpthread.so.0
                                                  /lib/x86_64-linux-gnu/libc.so.6
GLIBC_2.13                                        /lib/x86_64-linux-gnu/libc.so.6
GLIBC_2.14                                        /lib/x86_64-linux-gnu/libc.so.6
GLIBC_2.15                                        /lib/x86_64-linux-gnu/libm.so.6
                                                  /lib/x86_64-linux-gnu/libc.so.6
GLIBC_2.16                                        /lib/x86_64-linux-gnu/libc.so.6
GLIBC_2.17                                        /lib/x86_64-linux-gnu/libc.so.6
GLIBC_2.18                                        /lib/x86_64-linux-gnu/libm.so.6
                                                  /lib/x86_64-linux-gnu/libc.so.6
                                                  /lib/x86_64-linux-gnu/libpthread.so.0