Archive member included to satisfy reference by file (symbol)

../../lib/libbtwam.a(btwam.o)
                              btdiag.o (OpenWAM)
../../lib/libbtwam.a(gimbals.o)
                              ../../lib/libbtwam.a(btwam.o) (gimbalsInit)
../../lib/libbtsystem.a(btsystem.o)
                              ../../lib/libbtwam.a(btwam.o) (buses)
../../lib/libbtsystem.a(btlogger.o)
                              btdiag.o (PrepDL)
../../lib/libbtsystem.a(btcan_peakesd.o)
                              btdiag.o (jointPosition)
../../lib/libbtsystem.a(btrobot.o)
                              ../../lib/libbtwam.a(btwam.o) (new_bot)
../../lib/libbtsystem.a(btmath.o)
                              ../../lib/libbtwam.a(btwam.o) (fill_vn)
../../lib/libbtsystem.a(btos.o)
                              btdiag.o (test_and_log)
../../lib/libbtsystem.a(btcontrol.o)
                              ../../lib/libbtwam.a(btwam.o) (init_btPID)
../../lib/libbtsystem.a(btserial.o)
                              btdiag.o (serialOpen)
../../lib/libbtsystem.a(bthaptics.o)
                              btdiag.o (new_bthaptic_scene)
../../lib/libbtsystem.a(btstatecontrol.o)
                              ../../lib/libbtwam.a(btwam.o) (map_btstatecontrol)
../../lib/libbtsystem.a(btgeometry.o)
                              btdiag.o (init_state_btg)
../../lib/libbtsystem.a(btparser.o)
                              ../../lib/libbtwam.a(btwam.o) (parseFile)
../../lib/libbtsystem.a(btseg.o)
                              ../../lib/libbtsystem.a(btcontrol.o) (destroy_pavn)
../../lib/libbtsystem.a(btpath.o)
                              ../../lib/libbtsystem.a(btcontrol.o) (new_pwl)
/usr/lib/x86_64-linux-gnu/libc_nonshared.a(elf-init.oS)
                              /usr/lib/gcc/x86_64-linux-gnu/7/../../../x86_64-linux-gnu/Scrt1.o (__libc_csu_init)
/usr/lib/x86_64-linux-gnu/libc_nonshared.a(atexit.oS)
                              btdiag.o (atexit)

As-needed library included to satisfy reference by file (symbol)

libncurses.so.5               btdiag.o (echo@@NCURSES_5.0.19991023)
libtinfo.so.5                 btdiag.o (wtimeout@@NCURSES_TINFO_5.0.19991023)
libm.so.6                     ../../lib/libbtsystem.a(btmath.o) (acos@@GLIBC_2.2.5)
libtrank.so.0                 ../../lib/libbtwam.a(btwam.o) (rt_task_set_periodic)
libalchemy.so.0               /usr/lib/libtrank.so (__current_rt_alarm_create)

Allocating common symbols
Common symbol       size              file

GAIN1               0x4               btdiag.o
zero_v3             0x8               btdiag.o
MCV                 0x4               btdiag.o
LFDP                0x4               btdiag.o
planes              0xa0              btdiag.o
X1                  0x4               btdiag.o
LOG2                0x4               btdiag.o
FET0                0x4               btdiag.o
VLOGIC              0x4               btdiag.o
ZERO                0x4               btdiag.o
mask                0xc               ../../lib/libbtsystem.a(btcan_peakesd.o)
ERROR               0x4               btdiag.o
DUMP                0x4               btdiag.o
HSG                 0x4               btdiag.o
UPSECS              0x4               btdiag.o
TSTOP               0x4               btdiag.o
eventStart          0x8               btdiag.o
X5                  0x4               btdiag.o
JP2                 0x4               btdiag.o
extVel              0x8               ../../lib/libbtsystem.a(bthaptics.o)
TENST               0x4               btdiag.o
p3                  0x8               btdiag.o
KI                  0x4               btdiag.o
CTS                 0x4               btdiag.o
VERS                0x4               btdiag.o
IFAULT              0x4               btdiag.o
backtracesize       0x4               ../../lib/libbtsystem.a(btos.o)
JOFST2              0x4               btdiag.o
LFV                 0x4               btdiag.o
UNITS               0x4               btdiag.o
GRPC                0x4               btdiag.o
HALLH               0x4               btdiag.o
_DS                 0x4               btdiag.o
hdr                 0xff              ../../lib/libbtsystem.a(btparser.o)
COMMON_END          0x4               btdiag.o
BAUD                0x4               btdiag.o
LCVC                0x4               btdiag.o
setBrake            0x8               ../../lib/libbtsystem.a(bthaptics.o)
VALUE32             0x4               btdiag.o
VOLTL1              0x4               btdiag.o
NoSafety            0x4               btdiag.o
D                   0x4               btdiag.o
P_OLD               0x4               btdiag.o
ID                  0x4               btdiag.o
btptrs              0x1f40            ../../lib/libbtsystem.a(btmath.o)
backtracearray      0x190             ../../lib/libbtsystem.a(btos.o)
HOLD                0x4               btdiag.o
SAVE                0x4               btdiag.o
T                   0x4               btdiag.o
[...]
Memory Configuration

Name             Origin             Length             Attributes
*default*        0x0000000000000000 0xffffffffffffffff

Linker script and memory map

LOAD /usr/lib/gcc/x86_64-linux-gnu/7/../../../x86_64-linux-gnu/Scrt1.o
LOAD /usr/lib/gcc/x86_64-linux-gnu/7/../../../x86_64-linux-gnu/crti.o
LOAD /usr/lib/gcc/x86_64-linux-gnu/7/crtbeginS.o
LOAD btdiag.o
LOAD /usr/lib/gcc/x86_64-linux-gnu/7/../../../x86_64-linux-gnu/libpthread.so
START GROUP
LOAD /lib/x86_64-linux-gnu/libpthread.so.0
LOAD /usr/lib/x86_64-linux-gnu/libpthread_nonshared.a
END GROUP
LOAD /usr/lib/gcc/x86_64-linux-gnu/7/../../../x86_64-linux-gnu/libncurses.so
LOAD /lib/x86_64-linux-gnu/libncurses.so.5
LOAD /usr/lib/gcc/x86_64-linux-gnu/7/../../../x86_64-linux-gnu/libtinfo.so
LOAD ../../lib/libbtwam.a
LOAD ../../lib/libbtsystem.a
LOAD /usr/lib/gcc/x86_64-linux-gnu/7/../../../x86_64-linux-gnu/libm.so
START GROUP
LOAD /lib/x86_64-linux-gnu/libm.so.6
LOAD /usr/lib/x86_64-linux-gnu/libmvec_nonshared.a
LOAD /lib/x86_64-linux-gnu/libmvec.so.1
END GROUP
LOAD /usr/lib/libtrank.so
LOAD /usr/lib/libalchemy.so
LOAD /usr/lib/libalchemy.so
LOAD /usr/lib/libcopperplate.so
LOAD /usr/xenomai/lib/xenomai/bootstrap.o
LOAD /usr/lib/libcobalt.so
LOAD /usr/lib/libmodechk.so
LOAD /usr/lib/gcc/x86_64-linux-gnu/7/../../../x86_64-linux-gnu/libpthread.so
START GROUP
LOAD /lib/x86_64-linux-gnu/libpthread.so.0
LOAD /usr/lib/x86_64-linux-gnu/libpthread_nonshared.a
END GROUP
LOAD /usr/lib/gcc/x86_64-linux-gnu/7/../../../x86_64-linux-gnu/librt.so
LOAD /usr/lib/libalchemy.so
LOAD /usr/lib/gcc/x86_64-linux-gnu/7/libgcc.a
LOAD /usr/lib/gcc/x86_64-linux-gnu/7/libgcc_s.so
START GROUP
LOAD /usr/lib/gcc/x86_64-linux-gnu/7/libgcc_s.so.1
LOAD /usr/lib/gcc/x86_64-linux-gnu/7/libgcc.a
END GROUP
LOAD /usr/lib/gcc/x86_64-linux-gnu/7/../../../x86_64-linux-gnu/libc.so
START GROUP
LOAD /lib/x86_64-linux-gnu/libc.so.6
LOAD /usr/lib/x86_64-linux-gnu/libc_nonshared.a
LOAD /lib/x86_64-linux-gnu/ld-linux-x86-64.so.2
END GROUP
LOAD /usr/lib/gcc/x86_64-linux-gnu/7/libgcc.a
LOAD /usr/lib/gcc/x86_64-linux-gnu/7/libgcc_s.so
START GROUP
LOAD /usr/lib/gcc/x86_64-linux-gnu/7/libgcc_s.so.1
LOAD /usr/lib/gcc/x86_64-linux-gnu/7/libgcc.a
END GROUP
LOAD /usr/lib/gcc/x86_64-linux-gnu/7/crtendS.o
LOAD /usr/lib/gcc/x86_64-linux-gnu/7/../../../x86_64-linux-gnu/crtn.o
                [!provide]                        PROVIDE (__executable_start = SEGMENT_START ("text-segment", 0x0))
                0x0000000000000238                . = (SEGMENT_START ("text-segment", 0x0) + SIZEOF_HEADERS)

.interp         0x0000000000000238       0x1c
 *(.interp)
 .interp        0x0000000000000238       0x1c /usr/lib/gcc/x86_64-linux-gnu/7/../../../x86_64-linux-gnu/Scrt1.o

.note.ABI-tag   0x0000000000000254       0x20
 .note.ABI-tag  0x0000000000000254       0x20 /usr/lib/gcc/x86_64-linux-gnu/7/../../../x86_64-linux-gnu/Scrt1.o

.note.gnu.build-id
                0x0000000000000274       0x24
 *(.note.gnu.build-id)
 .note.gnu.build-id
                0x0000000000000274       0x24 /usr/lib/gcc/x86_64-linux-gnu/7/../../../x86_64-linux-gnu/Scrt1.o

.hash
 *(.hash)

.gnu.hash       0x0000000000000298     0x18b4
 *(.gnu.hash)
 .gnu.hash      0x0000000000000298     0x18b4 /usr/lib/gcc/x86_64-linux-gnu/7/../../../x86_64-linux-gnu/Scrt1.o

.dynsym         0x0000000000001b50     0x5718
 *(.dynsym)
 .dynsym        0x0000000000001b50     0x5718 /usr/lib/gcc/x86_64-linux-gnu/7/../../../x86_64-linux-gnu/Scrt1.o

.dynstr         0x0000000000007268     0x2627
 *(.dynstr)
 .dynstr        0x0000000000007268     0x2627 /usr/lib/gcc/x86_64-linux-gnu/7/../../../x86_64-linux-gnu/Scrt1.o

.gnu.version    0x0000000000009890      0x742
 *(.gnu.version)
 .gnu.version   0x0000000000009890      0x742 /usr/lib/gcc/x86_64-linux-gnu/7/../../../x86_64-linux-gnu/Scrt1.o

.gnu.version_d  0x0000000000009fd8        0x0
 *(.gnu.version_d)
 .gnu.version_d
                0x0000000000009fd8        0x0 /usr/lib/gcc/x86_64-linux-gnu/7/../../../x86_64-linux-gnu/Scrt1.o

.gnu.version_r  0x0000000000009fd8       0xd0
 *(.gnu.version_r)
 .gnu.version_r
                0x0000000000009fd8       0xd0 /usr/lib/gcc/x86_64-linux-gnu/7/../../../x86_64-linux-gnu/Scrt1.o

.rela.dyn       0x000000000000a0a8      0x168
 *(.rela.init)
 *(.rela.text .rela.text.* .rela.gnu.linkonce.t.*)
 .rela.text     0x000000000000a0a8        0x0 /usr/lib/gcc/x86_64-linux-gnu/7/../../../x86_64-linux-gnu/Scrt1.o
 *(.rela.fini)
 *(.rela.rodata .rela.rodata.* .rela.gnu.linkonce.r.*)
 *(.rela.data .rela.data.* .rela.gnu.linkonce.d.*)
 .rela.data.rel.ro
                0x000000000000a0a8        0x0 /usr/lib/gcc/x86_64-linux-gnu/7/../../../x86_64-linux-gnu/Scrt1.o
 .rela.data.rel.local
                0x000000000000a0a8       0x30 /usr/lib/gcc/x86_64-linux-gnu/7/../../../x86_64-linux-gnu/Scrt1.o
 *(.rela.tdata .rela.tdata.* .rela.gnu.linkonce.td.*)
 *(.rela.tbss .rela.tbss.* .rela.gnu.linkonce.tb.*)
 *(.rela.ctors)
 *(.rela.dtors)
 *(.rela.got)
 .rela.got      0x000000000000a0d8       0xa8 /usr/lib/gcc/x86_64-linux-gnu/7/../../../x86_64-linux-gnu/Scrt1.o
 *(.rela.bss .rela.bss.* .rela.gnu.linkonce.b.*)
 .rela.bss      0x000000000000a180       0x48 /usr/lib/gcc/x86_64-linux-gnu/7/../../../x86_64-linux-gnu/Scrt1.o
 *(.rela.ldata .rela.ldata.* .rela.gnu.linkonce.l.*)
 *(.rela.lbss .rela.lbss.* .rela.gnu.linkonce.lb.*)
 *(.rela.lrodata .rela.lrodata.* .rela.gnu.linkonce.lr.*)
 *(.rela.ifunc)
 .rela.ifunc    0x000000000000a1c8        0x0 /usr/lib/gcc/x86_64-linux-gnu/7/../../../x86_64-linux-gnu/Scrt1.o
 .rela.fini_array
                0x000000000000a1c8       0x18 /usr/lib/gcc/x86_64-linux-gnu/7/../../../x86_64-linux-gnu/Scrt1.o
 .rela.init_array
                0x000000000000a1e0       0x18 /usr/lib/gcc/x86_64-linux-gnu/7/../../../x86_64-linux-gnu/Scrt1.o
 .rela.init_array.00220
                0x000000000000a1f8       0x18 /usr/lib/gcc/x86_64-linux-gnu/7/../../../x86_64-linux-gnu/Scrt1.o

.rela.plt       0x000000000000a210      0xb58
 *(.rela.plt)
 .rela.plt      0x000000000000a210      0xb58 /usr/lib/gcc/x86_64-linux-gnu/7/../../../x86_64-linux-gnu/Scrt1.o
                [!provide]                        PROVIDE (__rela_iplt_start = .)
 *(.rela.iplt)
                [!provide]                        PROVIDE (__rela_iplt_end = .)

.init           0x000000000000ad68       0x17
 *(SORT_NONE(.init))
 .init          0x000000000000ad68       0x12 /usr/lib/gcc/x86_64-linux-gnu/7/../../../x86_64-linux-gnu/crti.o
                0x000000000000ad68                _init
 .init          0x000000000000ad7a        0x5 /usr/lib/gcc/x86_64-linux-gnu/7/../../../x86_64-linux-gnu/crtn.o

.plt            0x000000000000ad80      0x7a0
 *(.plt)
 .plt           0x000000000000ad80      0x7a0 /usr/lib/gcc/x86_64-linux-gnu/7/../../../x86_64-linux-gnu/Scrt1.o
 *(.iplt)

.plt.got        0x000000000000b520        0x8
 *(.plt.got)
 .plt.got       0x000000000000b520        0x8 /usr/lib/gcc/x86_64-linux-gnu/7/../../../x86_64-linux-gnu/Scrt1.o

.plt.sec
 *(.plt.sec)

.text           0x000000000000b530    0x2dbce
 *(.text.unlikely .text.*_unlikely .text.unlikely.*)
 *(.text.exit .text.exit.*)
 *(.text.startup .text.startup.*)
 .text.startup  0x000000000000b530      0x18d /usr/xenomai/lib/xenomai/bootstrap.o
 *(.text.hot .text.hot.*)
 *(.text .stub .text.* .gnu.linkonce.t.*)
 *fill*         0x000000000000b6bd        0x3 
 .text          0x000000000000b6c0       0x2b /usr/lib/gcc/x86_64-linux-gnu/7/../../../x86_64-linux-gnu/Scrt1.o
                0x000000000000b6c0                _start
 .text          0x000000000000b6eb        0x0 /usr/lib/gcc/x86_64-linux-gnu/7/../../../x86_64-linux-gnu/crti.o
 *fill*         0x000000000000b6eb        0x5 
 .text          0x000000000000b6f0       0xda /usr/lib/gcc/x86_64-linux-gnu/7/crtbeginS.o
 .text          0x000000000000b7ca     0x59d9 btdiag.o
                0x000000000000b7e5                Cleanup
                0x000000000000b883                Startup
                0x000000000000befe                xMainEventThread
                0x000000000000ca36                MainEventThread
                0x000000000000d006                main
                0x000000000000d691                WAMcallback
                0x000000000000d83f                read_keys
                0x000000000000da15                init_haptics
                0x000000000000e001                init_ncurses
                0x000000000000e03a                sigint_handler
                0x000000000000e052                DisplayThread
                0x000000000000e0d1                start_entry
                0x000000000000e127                finish_entry
                0x000000000000e199                RenderMAIN_SCREEN
                0x000000000000eab3                RenderHELP_SCREEN
                0x000000000000eb8e                clearScreen
                0x000000000000ebbc                ProcessInput
 .text          0x00000000000111a3     0x49ad ../../lib/libbtwam.a(btwam.o)
                0x00000000000111a3                warn_upon_switch
                0x000000000001126e                InitVectors
                0x000000000001179d                OpenWAM
                0x00000000000134f4                CloseWAM
                0x000000000001350d                MotorID_From_ActIdx
                0x0000000000013534                WAMMaintenanceThread
                0x00000000000135dc                WAMControlThread
                0x000000000001485b                ActAngle2Mpos
                0x00000000000148eb                Mtrq2ActTrq
                0x000000000001499b                Mpos2Jpos
                0x0000000000014a43                Jpos2Mpos
                0x0000000000014aeb                Jtrq2Mtrq
                0x0000000000014b93                DefineWAMpos
                0x0000000000014df0                SetCartesianSpace
                0x0000000000014e93                SetJointSpace
                0x0000000000014f36                SetPositionConstraint
                0x0000000000014f9c                MoveSetup
                0x0000000000014fde                MoveWAM
                0x0000000000015059                MoveIsDone
                0x000000000001509c                MoveStop
                0x00000000000150be                ParkWAM
                0x000000000001511b                GetGravityComp
                0x0000000000015149                SetGravityComp
                0x000000000001517d                SetGravityUsingCalibrated
                0x00000000000151a7                GetGravityUsingCalibrated
                0x00000000000151d0                GetGravityIsCalibrated
                0x00000000000151f9                GCompSample
                0x0000000000015301                getLagrangian4
                0x00000000000154bf                setSafetyLimits
                0x0000000000015627                DumpWAM2Syslog
                0x00000000000158f2                StartContinuousTeach
                0x0000000000015a7b                StopContinuousTeach
                0x0000000000015aae                ServiceContinuousTeach
                0x0000000000015acf                registerWAMcallback
                0x0000000000015b08                registerWAMmotorcallback
                0x0000000000015b41                BlankWAMcallback
 .text          0x0000000000015b50      0x16d ../../lib/libbtwam.a(gimbals.o)
                0x0000000000015b50                getGimbalsAngles
                0x0000000000015c3d                initGimbals
 .text          0x0000000000015cbd     0x4366 ../../lib/libbtsystem.a(btsystem.o)
                0x0000000000015cbd                DiscoverSystem
                0x0000000000015cc4                ReadSystemFromConfig
                0x0000000000016060                InitializeSystem
                0x000000000001714b                EnumerateSystem
                0x00000000000177be                CloseSystem
                0x00000000000177eb                DumpData2Syslog
                0x0000000000017d67                GetActuators
                0x0000000000017e0d                GetBuses
                0x0000000000017e57                GetPositions
                0x000000000001839d                SetTorques
                0x00000000000189f0                GetProp
                0x0000000000018c55                SetProp
                0x0000000000018d6f                SetByID
                0x0000000000018da8                TurnaroundTime
                0x0000000000018e8a                AllIndexed
                0x0000000000018ed7                EnergizeActuators
                0x0000000000018f58                IdleActuators
                0x0000000000018f9e                SetEngrUnits
                0x0000000000018fe8                SetTRC
                0x000000000001911b                ThereIsTRC
                0x000000000001918c                Load_Actuator_File
                0x0000000000019cdc                Load_Bus_File
 .text          0x000000000001a023     0x14ab ../../lib/libbtsystem.a(btlogger.o)
                0x000000000001a023                PrepDL
                0x000000000001a0b1                AddDataDL
                0x000000000001a1b3                DataSizeDL
                0x000000000001a20c                InitDL
                0x000000000001a334                DLon
                0x000000000001a34a                DLoff
                0x000000000001a360                CloseDL
                0x000000000001a3bb                TriggerDL
                0x000000000001a4a6                InitDataFileDL
                0x000000000001a5a9                UpdateDL
                0x000000000001a62c                DLwrite
                0x000000000001a765                flushDL
                0x000000000001a84e                evalDL
                0x000000000001a874                DecodeDL
 .text          0x000000000001b4ce     0x2c1e ../../lib/libbtsystem.a(btcan_peakesd.o)
                0x000000000001b6d7                allowMessage
                0x000000000001b6e7                initCAN
                0x000000000001ba4d                freeCAN
                0x000000000001bafb                canReadMsg
                0x000000000001bcef                canSendMsg
                0x000000000001be46                canClearMsg
                0x000000000001becd                wakePuck
                0x000000000001bf09                setTorques
                0x000000000001c0ce                getPositions
                0x000000000001c25b                setProperty
                0x000000000001c356                getProperty
                0x000000000001c495                getBusStatus
                0x000000000001c6d5                parseMessage
                0x000000000001ca9f                compile
                0x000000000001cb39                initPropertyDefs
 .text          0x000000000001e0ec     0x448d ../../lib/libbtsystem.a(btrobot.o)
                0x000000000001e0ec                new_btlink
                0x000000000001e4bc                new_bot
                0x000000000001e92c                link_geom_bot
                0x000000000001eccb                tool_geom_bot
                0x000000000001ee68                tool_trans_bot
                0x000000000001ef04                link_mass_bot
                0x000000000001f084                tool_mass_bot
                0x000000000001f133                make_transform_btlink
                0x000000000001f31b                set_gravity_bot
                0x000000000001f37a                get_gravity_bot
                0x000000000001f391                set_gravity_bot_calibrated
                0x000000000001f3c7                get_gravity_bot_calibrated
                0x000000000001f3d8                get_gravity_bot_is_calibrated
                0x000000000001f3e9                set_q_bot
                0x000000000001f449                get_t_bot
                0x000000000001f473                eval_fk_bot
                0x000000000001fc11                eval_fj_bot
                0x000000000002016a                Ln_to_W_bot
                0x00000000000201bc                T_to_W_bot
                0x00000000000201e9                Ln_to_W_trans_bot
                0x0000000000020224                T_to_W_trans_bot
                0x000000000002023a                eval_fd_bot
                0x0000000000020acb                eval_bd_bot
                0x00000000000211bb                get_gravity_torques
                0x0000000000021c1a                apply_force_bot
                0x0000000000021eed                apply_tool_force_bot
                0x0000000000022056                dumptofile_bot
                0x0000000000022220                test_btrobot
 .text          0x0000000000022579     0xb677 ../../lib/libbtsystem.a(btmath.o)
                0x0000000000022579                addbtptr
                0x00000000000225ec                rembtptr
                0x0000000000022645                freebtptr
                0x00000000000226c3                fill_vn
                0x000000000002270a                new_vn
                0x000000000002276c                init_vn
                0x00000000000227f7                destroy_vn
                0x0000000000022812                init_local_vn
                0x00000000000228a5                len_vn
                0x00000000000228b6                sizeof_vn
                0x00000000000228d0                new_vn_group
                0x0000000000022a05                set_vn
                0x0000000000022a83                setrange_vn
                0x0000000000022aed                extract_vn
                0x0000000000022b46                valptr_vn
                0x0000000000022b58                inject_vn
                0x0000000000022bb1                setval_vn
                0x0000000000022be2                getval_vn
                0x0000000000022c08                const_vn
                0x0000000000022d4b                einit_vn
                0x0000000000022d8e                subset_vn
                0x0000000000022e0b                reset_vn
                0x0000000000022e27                neg_vn
                0x0000000000022e92                scale_vn
                0x0000000000022efb                add_vn
                0x0000000000022f7b                sub_vn
                0x0000000000022ffb                dot_vn
                0x0000000000023074                norm_vn
                0x0000000000023108                angle_vn
                0x0000000000023184                unit_vn
                0x000000000002324b                unit_interp_vn
                0x00000000000232a7                interp_vn
                0x0000000000023316                bound_vn
                0x00000000000233d9                e_mul_vn
                0x0000000000023459                e_div_vn
                0x000000000002352d                e_pow_vn
                0x00000000000235b6                e_sqrt_vn
                0x0000000000023631                e_sqr_vn
                0x00000000000236ad                print_vn
                0x0000000000023722                sprint_vn
                0x0000000000023817                syslog_vn
                0x0000000000023883                sprint_csv_vn
                0x000000000002393f                sprint_plt_vn
                0x00000000000239fb                strcount_vn
                0x0000000000023cde                strto_vn
                0x0000000000023def                sscan_vn
                0x0000000000023ecd                csvto_vn
                0x0000000000023fb5                test_vn
                0x00000000000243b2                new_vr
                0x00000000000244c7                destroy_vr
                0x00000000000244e2                idx_vr
                0x0000000000024524                lval_vr
                0x0000000000024566                rval_vr
                0x00000000000245a8                edit_vr
                0x00000000000245eb                mapdat_vr
                0x0000000000024625                getvn_vr
                0x0000000000024682                append_vr
                0x00000000000246ec                next_vr
                0x000000000002471a                prev_vr
                0x0000000000024741                start_vr
                0x0000000000024757                end_vr
                0x0000000000024770                edit_at_vr
                0x00000000000247a5                edit_point_vr
                0x00000000000247b6                insert_vr
                0x000000000002488a                delete_vr
                0x000000000002494e                numrows_vr
                0x000000000002495f                numelements_vr
                0x0000000000024970                maxrows_vr
                0x0000000000024981                copy_sub_vr
                0x0000000000024a64                resize_vr
                0x0000000000024b01                clear_vr
                0x0000000000024b17                arclength_vr
                0x0000000000024b9f                read_csv_file_vr
                0x0000000000024ec6                write_csv_file_vr
                0x0000000000024fff                test_vr
                0x000000000002513b                fill_v3
                0x0000000000025186                new_v3
                0x0000000000025219                init_staticv3
                0x00000000000252a2                set_v3
                0x0000000000025306                const_v3
                0x000000000002535e                C_v3
                0x00000000000253ea                setval_v3
                0x000000000002541b                getval_v3
                0x0000000000025441                neg_v3
                0x00000000000254d7                scale_v3
                0x000000000002555d                add_v3
                0x000000000002560b                sub_v3
                0x00000000000256b9                cross_v3
                0x000000000002581c                dot_v3
                0x0000000000025896                norm_v3
                0x0000000000025923                unit_v3
                0x0000000000025a74                print_v3
                0x0000000000025ae2                sprint_v3
                0x0000000000025bc8                test_v3
                0x0000000000025f87                fill_q
                0x0000000000025fe7                new_q
                0x000000000002607a                set_q
                0x00000000000260fb                const_q
                0x000000000002616d                C_q
                0x0000000000026212                setval_q
                0x0000000000026243                getval_q
                0x0000000000026269                extract_q
                0x00000000000262c2                inject_q
                0x000000000002631b                conj_q
                0x00000000000263d4                add_q
                0x00000000000264b9                sub_q
                0x000000000002659e                scale_q
                0x000000000002664c                dot_q
                0x00000000000266ee                norm_q
                0x00000000000267a3                unit_q
                0x00000000000268d2                inv_q
                0x0000000000026a0d                pow_q
                0x0000000000026a4c                mul_q
                0x0000000000026d48                exp_q
                0x0000000000026f2d                log_q
                0x000000000002709a                R_to_q
                0x000000000002720d                q_to_R
                0x0000000000027484                GCdist_q
                0x00000000000274f5                GCaxis_q
                0x0000000000027566                force_closest_q
                0x0000000000027685                angle_q
                0x000000000002770c                axis_q
                0x0000000000027793                new_mn
                0x0000000000027884                new_mn_ptr
                0x0000000000027946                destroy_mn
                0x0000000000027961                set_mn
                0x0000000000027a20                ident_mn
                0x0000000000027ad2                zero_mn
                0x0000000000027b23                setrow_mn
                0x0000000000027bc0                setcol_mn
                0x0000000000027c5d                getcol_mn
                0x0000000000027cfa                getval_mn
                0x0000000000027d31                setval_mn
                0x0000000000027d73                scale_mn
                0x0000000000027dec                mul_mn
                0x0000000000027fce                T_mn
                0x0000000000028087                add_mn
                0x000000000002818c                matXvec_mn
                0x0000000000028282                sprint_mn
                0x00000000000283dc                sprint_mh
                0x0000000000028539                strto_mn
                0x0000000000028767                new_mh
                0x000000000002882b                set_mh
                0x0000000000028991                setrow_mh
                0x0000000000028a0c                getcol_mh
                0x0000000000028a85                ident_mh
                0x0000000000028bdc                mul_mh
                0x0000000000029300                setmul_mh
                0x00000000000299fa                matXvec_mh
                0x0000000000029c11                getval_mh
                0x0000000000029c46                print_mh
                0x0000000000029cde                test_mh
                0x0000000000029e7d                bench_mh
                0x0000000000029ee5                new_m3
                0x0000000000029ef5                set_m3
                0x000000000002a05b                setrow_m3
                0x000000000002a0c0                ident_m3
                0x000000000002a1c3                getcol_m3
                0x000000000002a23c                getval_m3
                0x000000000002a271                mul_m3
                0x000000000002a80d                setmul_m3
                0x000000000002ad7f                T_m3
                0x000000000002ae9e                matr_mnXvect_3
                0x000000000002b034                matXvec_m3
                0x000000000002b20f                matTXvec_m3
                0x000000000002b3ea                eqaxis_m3
                0x000000000002b54f                RtoXYZf_m3
                0x000000000002b77a                RtoZYZf_m3
                0x000000000002b9ae                XYZftoR_m3
                0x000000000002bb7e                new_btfilter
                0x000000000002bc3f                syslog_filter
                0x000000000002be01                eval_btfilter
                0x000000000002bf73                init_btfilter_diff
                0x000000000002c253                init_btfilter_butterworth_diff
                0x000000000002c3e8                init_btfilter_lowpass
                0x000000000002c609                atan2_bt
                0x000000000002c6d3                interp_bt
                0x000000000002c745                interpolate_bt
                0x000000000002c7c9                new_btfilter_vn
                0x000000000002c8ad                eval_btfilter_vn
                0x000000000002ca99                init_btfilter_vn_butterworth_diff
                0x000000000002ccab                init_btfilter_vn_diff
                0x000000000002d084                test_btfilter
                0x000000000002d1a7                test_filter_vn
                0x000000000002d37b                max_bt
                0x000000000002d3a3                min_bt
                0x000000000002d3cb                ludcmp
                0x000000000002d86f                lubksb
                0x000000000002da6a                inv_mn
                0x000000000002db60                det_mn
 .text          0x000000000002dbf0      0x979 ../../lib/libbtsystem.a(btos.o)
                0x000000000002dd99                syslog_backtrace
                0x000000000002ddec                btmutex_init
                0x000000000002de61                btmutex_lock
                0x000000000002dea2                btmutex_unlock
                0x000000000002dee3                btptr_ok
                0x000000000002df25                btptr_chk
                0x000000000002df42                idx_bounds_ok
                0x000000000002df97                test_and_log
                0x000000000002dfda                btmalloc
                0x000000000002e02a                btfree
                0x000000000002e053                new_btthread
                0x000000000002e06f                new_btrt_thread
                0x000000000002e088                free_btthread
                0x000000000002e0a3                btthread_create
                0x000000000002e1b6                btthread_done
                0x000000000002e1f1                btrt_thread_done
                0x000000000002e22c                btthread_stop
                0x000000000002e27a                btthread_exit
                0x000000000002e290                btrt_thread_stop
                0x000000000002e2b6                btrt_thread_exit
                0x000000000002e2cc                btrt_thread_create
                0x000000000002e3c5                btrt_set_mode_soft
                0x000000000002e3e0                btrt_set_mode_hard
                0x000000000002e3fb                btrt_set_mode_warn
                0x000000000002e416                btrt_get_time
                0x000000000002e432                btrt_task_wait_period
                0x000000000002e448                btrt_thread_join
                0x000000000002e468                btrt_mutex_create
                0x000000000002e4a0                btrt_mutex_init
                0x000000000002e4d8                btrt_mutex_lock
                0x000000000002e523                btrt_mutex_unlock
 .text          0x000000000002e569     0x36a9 ../../lib/libbtsystem.a(btcontrol.o)
                0x000000000002e569                init_btPID
                0x000000000002e63b                init_err_btPID
                0x000000000002e651                reset_btPID
                0x000000000002e6aa                start_btPID
                0x000000000002e70e                stop_btPID
                0x000000000002e748                step_btPID
                0x000000000002e927                sety_btPID
                0x000000000002e969                setyref_btPID
                0x000000000002e9ab                setdt_btPID
                0x000000000002e9ed                lastresult_btPID
                0x000000000002ea2e                eval_btPID
                0x000000000002eaaf                eval_err_btPID
                0x000000000002eb1d                setinputs_btPID
                0x000000000002eb85                setgains_btPID
                0x000000000002ec0f                setsaturation_btPID
                0x000000000002ec51                getgains_btPID
                0x000000000002ecbe                getinputs_btPID
                0x000000000002ed2c                getsaturation_btPID
                0x000000000002ed70                btposition_interface_mapf_btPID
                0x000000000002eda8                btposition_interface_eval_btPID
                0x000000000002ee90                btposition_interface_reset_btPID
                0x000000000002eedf                btposition_interface_pause_btPID
                0x000000000002ef2e                create_ct
                0x000000000002ef76                readfile_ct
                0x000000000002efe2                init_ct
                0x000000000002f003                eval_ct
                0x000000000002f032                done_ct
                0x000000000002f082                bttrajectory_interface_getstate_ct
                0x000000000002f0b8                bttrajectory_interface_reset_ct
                0x000000000002f0e5                bttrajectory_interface_eval_ct
                0x000000000002f147                bttrajectory_interface_mapf_ct
                0x000000000002f17f                start_via_trj
                0x000000000002f694                eval_via_trj
                0x000000000002fe6d                CalcSegment
                0x0000000000030dec                SetAcc_vt
                0x0000000000030e0d                malloc_vta
                0x0000000000030e6a                read_file_vta
                0x0000000000030fb3                write_file_vta
                0x0000000000030fe4                sim_vta
                0x00000000000311df                set_acc_vta
                0x000000000003125c                set_vel_vta
                0x0000000000031281                new_vta
                0x000000000003137b                destroy_vta
                0x00000000000313b5                next_point_vta
                0x00000000000313db                prev_point_vta
                0x0000000000031401                first_point_vta
                0x0000000000031427                last_point_vta
                0x000000000003144d                ins_point_vta
                0x00000000000316b0                del_point_vta
                0x00000000000316dc                get_current_idx_vta
                0x0000000000031708                set_current_idx_vta
                0x000000000003173c                get_current_point_vta
                0x0000000000031782                get_vr_vta
                0x00000000000317a2                dist_adjust_vta
                0x000000000003190a                time_scale_vta
                0x00000000000319d3                reset_vta
                0x0000000000031a59                eval_vta
                0x0000000000031ab0                bttrajectory_interface_getstate_vt
                0x0000000000031ae0                bttrajectory_interface_reset_vt
                0x0000000000031b7f                bttrajectory_interface_eval_vt
                0x0000000000031bda                register_vta
 .text          0x0000000000031c12      0x5f9 ../../lib/libbtsystem.a(btserial.o)
                0x0000000000031c12                serialOpen
                0x0000000000031d88                serialClose
                0x0000000000031dbc                serialRead
                0x0000000000031e30                serialReadLine
                0x0000000000031ef4                serialWrite
                0x0000000000031f3e                serialWriteString
                0x0000000000031f71                serialLook
                0x0000000000031fa9                serialSetBaud
                0x00000000000321f7                signal_handler_IO
 .text          0x000000000003220b     0x1072 ../../lib/libbtsystem.a(bthaptics.o)
                0x000000000003220b                new_bthaptic_scene
                0x000000000003225c                eval_bthaptics
                0x0000000000032326                addobject_bth
                0x0000000000032394                removeobject_bth
                0x0000000000032451                eval_geom_normal_interact_bth
                0x00000000000324c5                eval_global_interact_bth
                0x000000000003254d                init_global_bth
                0x00000000000325e9                init_normal_plane_bth
                0x0000000000032672                plane_collide_bth
                0x00000000000326b1                init_normal_sphere_bth
                0x000000000003273a                sphere_collide_bth
                0x0000000000032779                init_normal_box_bth
                0x0000000000032802                box_collide_bth
                0x000000000003284f                init_wall
                0x000000000003287f                wall_nf
                0x000000000003297d                sheetwall_nf
                0x0000000000032a5a                init_bulletproofwall
                0x0000000000032ad6                bulletproofwall_nf
                0x0000000000032d45                init_wickedwall
                0x0000000000032db9                wickedwall_nf
                0x0000000000032f8e                init_magneticwall
                0x000000000003300a                magneticwall_nf
 .text          0x000000000003327d     0x15d5 ../../lib/libbtsystem.a(btstatecontrol.o)
                0x000000000003327d                setprofile_traptrj
                0x00000000000332c6                start_traptrj
                0x000000000003342a                evaluate_traptrj
                0x0000000000033743                mapdata_bttrj
                0x000000000003376d                mapdata_btpos
                0x00000000000337d4                map_btstatecontrol
                0x00000000000338c5                maptrajectory_bts
                0x00000000000339bd                mapposition_bts
                0x0000000000033aa4                init_bts
                0x0000000000033ba1                eval_trj_bts
                0x0000000000033d36                eval_bts
                0x0000000000033e5d                getmode_bts
                0x0000000000033e6d                get_trjstate_bts
                0x0000000000033eb1                setmode_bts
                0x0000000000033f90                start_trj_bts
                0x00000000000341f4                moveto_bts
                0x00000000000343ea                moveparm_bts
                0x0000000000034449                movestatus_bts
                0x000000000003445d                stop_trj_bts
                0x00000000000344a2                pause_trj_bts
                0x000000000003453f                unpause_trj_bts
                0x00000000000345dc                init_btramp
                0x0000000000034643                set_btramp
                0x000000000003467f                get_btramp
                0x0000000000034694                getstate_btramp
                0x00000000000346a5                eval_btramp
                0x0000000000034810                setrate_btramp
 .text          0x0000000000034852     0x12df ../../lib/libbtsystem.a(btgeometry.o)
                0x0000000000034852                init_state_btg
                0x0000000000034933                eval_state_btg
                0x00000000000349bd                init_pl_btg
                0x0000000000034aa5                D_Pt2Pl
                0x0000000000034b06                init_sp_btg
                0x0000000000034b7c                D_Pt2Sp
                0x0000000000034c42                D_Pt2Pt
                0x0000000000034d5a                init_bx_btg
                0x00000000000355a0                D_Pt2Bx
                0x00000000000359d6                init_Seg_btg
                0x0000000000035a26                set_Seg_btg
                0x0000000000035ab0                D_Ln2Pt
 .text          0x0000000000035b31     0x1033 ../../lib/libbtsystem.a(btparser.o)
                0x0000000000035b31                stripComments
                0x0000000000035b8e                nestLine
                0x0000000000035c2d                getKey
                0x0000000000035ca8                assignLine
                0x000000000003602e                killLine
                0x0000000000036085                parseFile
                0x00000000000360a6                btParseFile
                0x00000000000367c5                parseGetVal
                0x00000000000367f3                btParseGetVal
                0x0000000000036afd                btParseClose
 .text          0x0000000000036b64     0x1803 ../../lib/libbtsystem.a(btseg.o)
                0x0000000000036b64                dump_pb
                0x0000000000036bc6                dup_pb
                0x0000000000036c2b                sp_of_t_pb
                0x0000000000036c8b                s_of_t_pb
                0x0000000000036d0c                s_of_t_pbl
                0x0000000000036d94                sp_of_t_pbl
                0x0000000000036e1c                boundary_pb
                0x0000000000036eb9                s0sfspftf_pb
                0x0000000000036f92                blend_pb
                0x0000000000037055                new_pa
                0x00000000000370cd                destroy_pa
                0x00000000000370e8                clear_pa
                0x00000000000370fe                add_bseg_pa
                0x000000000003721e                reset_pa
                0x0000000000037271                eval_pa
                0x00000000000372e6                new_pavn
                0x0000000000037386                destroy_pavn
                0x00000000000373fb                clear_pavn
                0x0000000000037442                reset_pavn
                0x00000000000374a5                eval_pavn
                0x000000000003751a                getstate_pavn
                0x000000000003756d                vr2pararray
 .text          0x0000000000038367      0xcb0 ../../lib/libbtsystem.a(btpath.o)
                0x0000000000038367                new_pwl
                0x0000000000038383                init_pwl
                0x0000000000038443                init_pwl_from_vectray
                0x00000000000385bb                free_pwl
                0x00000000000385e6                new_param_by_arclen_pwl
                0x0000000000038775                idxa_pwl
                0x00000000000387a3                idxb_pwl
                0x00000000000387d1                add_arclen_point_pwl
                0x00000000000388aa                add_point_pwl
                0x0000000000038961                clear_pwl
                0x00000000000389c9                add_vectray_pwl
                0x0000000000038ab8                get_segment_pwl
                0x0000000000038bd9                getnodes_pwl
                0x0000000000038bff                getval_pwl
                0x0000000000038d72                ds_pwl
                0x0000000000038fa3                dsinit_pwl
                0x0000000000038fcf                arclength_pwl
 *fill*         0x0000000000039017        0x9 
 .text          0x0000000000039020       0x49 /usr/xenomai/lib/xenomai/bootstrap.o
                0x0000000000039020                xenomai_main
                0x0000000000039020                __wrap_main
 *fill*         0x0000000000039069        0x7 
 .text          0x0000000000039070       0x72 /usr/lib/x86_64-linux-gnu/libc_nonshared.a(elf-init.oS)
                0x0000000000039070                __libc_csu_init
                0x00000000000390e0                __libc_csu_fini
 *fill*         0x00000000000390e2        0xe 
 .text          0x00000000000390f0        0xe /usr/lib/x86_64-linux-gnu/libc_nonshared.a(atexit.oS)
                0x00000000000390f0                atexit
 .text          0x00000000000390fe        0x0 /usr/lib/gcc/x86_64-linux-gnu/7/crtendS.o
 .text          0x00000000000390fe        0x0 /usr/lib/gcc/x86_64-linux-gnu/7/../../../x86_64-linux-gnu/crtn.o
 *(.gnu.warning)

.fini           0x0000000000039100        0x9
 *(SORT_NONE(.fini))
 .fini          0x0000000000039100        0x4 /usr/lib/gcc/x86_64-linux-gnu/7/../../../x86_64-linux-gnu/crti.o
                0x0000000000039100                _fini
 .fini          0x0000000000039104        0x5 /usr/lib/gcc/x86_64-linux-gnu/7/../../../x86_64-linux-gnu/crtn.o
                [!provide]                        PROVIDE (__etext = .)
                [!provide]                        PROVIDE (_etext = .)
                [!provide]                        PROVIDE (etext = .)

.rodata         0x0000000000039120     0x3d68
 *(.rodata .rodata.* .gnu.linkonce.r.*)
 .rodata.cst4   0x0000000000039120        0x4 /usr/lib/gcc/x86_64-linux-gnu/7/../../../x86_64-linux-gnu/Scrt1.o
                0x0000000000039120                _IO_stdin_used
 *fill*         0x0000000000039124        0xc 
 .rodata        0x0000000000039130      0xba8 btdiag.o
 *fill*         0x0000000000039cd8        0x8 
 .rodata        0x0000000000039ce0      0x690 ../../lib/libbtwam.a(btwam.o)
 .rodata        0x000000000003a370        0x8 ../../lib/libbtwam.a(gimbals.o)
 .rodata        0x000000000003a378      0xf00 ../../lib/libbtsystem.a(btsystem.o)
 .rodata        0x000000000003b278      0x164 ../../lib/libbtsystem.a(btlogger.o)
 *fill*         0x000000000003b3dc        0x4 
 .rodata        0x000000000003b3e0      0x589 ../../lib/libbtsystem.a(btcan_peakesd.o)
                0x000000000003b3e0                dataType
 *fill*         0x000000000003b969        0x7 
 .rodata        0x000000000003b970      0x1b0 ../../lib/libbtsystem.a(btrobot.o)
 .rodata        0x000000000003bb20      0x768 ../../lib/libbtsystem.a(btmath.o)
 .rodata        0x000000000003c288      0x1e7 ../../lib/libbtsystem.a(btos.o)
 *fill*         0x000000000003c46f        0x1 
 .rodata        0x000000000003c470      0x5e8 ../../lib/libbtsystem.a(btcontrol.o)
 *fill*         0x000000000003ca58        0x8 
 .rodata        0x000000000003ca60       0x58 ../../lib/libbtsystem.a(bthaptics.o)
 *fill*         0x000000000003cab8        0x8 
 .rodata        0x000000000003cac0      0x188 ../../lib/libbtsystem.a(btstatecontrol.o)
 *fill*         0x000000000003cc48        0x8 
 .rodata        0x000000000003cc50       0x30 ../../lib/libbtsystem.a(btgeometry.o)
 .rodata        0x000000000003cc80       0xbc ../../lib/libbtsystem.a(btparser.o)
 *fill*         0x000000000003cd3c        0x4 
 .rodata        0x000000000003cd40       0xe8 ../../lib/libbtsystem.a(btseg.o)
 *fill*         0x000000000003ce28        0x8 
 .rodata        0x000000000003ce30       0x40 ../../lib/libbtsystem.a(btpath.o)
 .rodata.str1.1
                0x000000000003ce70       0x13 /usr/xenomai/lib/xenomai/bootstrap.o
 *fill*         0x000000000003ce83        0x1 
 .rodata        0x000000000003ce84        0x4 /usr/xenomai/lib/xenomai/bootstrap.o
                0x000000000003ce84                xenomai_auto_bootstrap

.rodata1
 *(.rodata1)

.eh_frame_hdr   0x000000000003ce88     0x1164
 *(.eh_frame_hdr)
 .eh_frame_hdr  0x000000000003ce88     0x1164 /usr/lib/gcc/x86_64-linux-gnu/7/../../../x86_64-linux-gnu/Scrt1.o
                0x000000000003ce88                __GNU_EH_FRAME_HDR
 *(.eh_frame_entry .eh_frame_entry.*)

.eh_frame       0x000000000003dff0     0x4688
 *(.eh_frame)
 .eh_frame      0x000000000003dff0       0x30 /usr/lib/gcc/x86_64-linux-gnu/7/../../../x86_64-linux-gnu/Scrt1.o
                                         0x2c (size before relaxing)
 *fill*         0x000000000003e020        0x0 
 .eh_frame      0x000000000003e020       0x40 /usr/lib/gcc/x86_64-linux-gnu/7/../../../x86_64-linux-gnu/Scrt1.o
 .eh_frame      0x000000000003e060       0x18 /usr/lib/gcc/x86_64-linux-gnu/7/../../../x86_64-linux-gnu/Scrt1.o
                                         0x30 (size before relaxing)
 .eh_frame      0x000000000003e078      0x248 btdiag.o
                                        0x260 (size before relaxing)
 .eh_frame      0x000000000003e2c0      0x490 ../../lib/libbtwam.a(btwam.o)
                                        0x4a8 (size before relaxing)
 .eh_frame      0x000000000003e750       0x40 ../../lib/libbtwam.a(gimbals.o)
                                         0x58 (size before relaxing)
 .eh_frame      0x000000000003e790      0x2c8 ../../lib/libbtsystem.a(btsystem.o)
                                        0x2e0 (size before relaxing)
 .eh_frame      0x000000000003ea58      0x1c0 ../../lib/libbtsystem.a(btlogger.o)
                                        0x1d8 (size before relaxing)
 .eh_frame      0x000000000003ec18      0x2a0 ../../lib/libbtsystem.a(btcan_peakesd.o)
                                        0x2b8 (size before relaxing)
 .eh_frame      0x000000000003eeb8      0x3a8 ../../lib/libbtsystem.a(btrobot.o)
                                        0x3c0 (size before relaxing)
 .eh_frame      0x000000000003f260     0x1800 ../../lib/libbtsystem.a(btmath.o)
                                       0x1818 (size before relaxing)
 .eh_frame      0x0000000000040a60      0x478 ../../lib/libbtsystem.a(btos.o)
                                        0x490 (size before relaxing)
 .eh_frame      0x0000000000040ed8      0x7b0 ../../lib/libbtsystem.a(btcontrol.o)
                                        0x7c8 (size before relaxing)
 .eh_frame      0x0000000000041688      0x120 ../../lib/libbtsystem.a(btserial.o)
                                        0x138 (size before relaxing)
 .eh_frame      0x00000000000417a8      0x2c8 ../../lib/libbtsystem.a(bthaptics.o)
                                        0x2e0 (size before relaxing)
 .eh_frame      0x0000000000041a70      0x360 ../../lib/libbtsystem.a(btstatecontrol.o)
                                        0x378 (size before relaxing)
 .eh_frame      0x0000000000041dd0      0x188 ../../lib/libbtsystem.a(btgeometry.o)
                                        0x1a0 (size before relaxing)
 .eh_frame      0x0000000000041f58      0x148 ../../lib/libbtsystem.a(btparser.o)
                                        0x160 (size before relaxing)
 .eh_frame      0x00000000000420a0      0x2c8 ../../lib/libbtsystem.a(btseg.o)
                                        0x2e0 (size before relaxing)
 .eh_frame      0x0000000000042368      0x230 ../../lib/libbtsystem.a(btpath.o)
                                        0x248 (size before relaxing)
 .eh_frame      0x0000000000042598       0x68 /usr/xenomai/lib/xenomai/bootstrap.o
                                         0x80 (size before relaxing)
 .eh_frame      0x0000000000042600       0x60 /usr/lib/x86_64-linux-gnu/libc_nonshared.a(elf-init.oS)
                                         0x78 (size before relaxing)
 .eh_frame      0x0000000000042660       0x14 /usr/lib/x86_64-linux-gnu/libc_nonshared.a(atexit.oS)
                                         0x30 (size before relaxing)
 .eh_frame      0x0000000000042674        0x4 /usr/lib/gcc/x86_64-linux-gnu/7/crtendS.o
 *(.eh_frame.*)

.gcc_except_table
 *(.gcc_except_table .gcc_except_table.*)

.gnu_extab
 *(.gnu_extab*)

.exception_ranges
 *(.exception_ranges .exception_ranges*)
                0x0000000000242930                . = DATA_SEGMENT_ALIGN (CONSTANT (MAXPAGESIZE), CONSTANT (COMMONPAGESIZE))

.eh_frame
 *(.eh_frame)
 *(.eh_frame.*)

.gnu_extab
 *(.gnu_extab)

.gcc_except_table
 *(.gcc_except_table .gcc_except_table.*)

.exception_ranges
 *(.exception_ranges .exception_ranges*)

.tdata
 *(.tdata .tdata.* .gnu.linkonce.td.*)

.tbss
 *(.tbss .tbss.* .gnu.linkonce.tb.*)
 *(.tcommon)

.preinit_array  0x0000000000242930        0x0
                [!provide]                        PROVIDE (__preinit_array_start = .)
 *(.preinit_array)
                [!provide]                        PROVIDE (__preinit_array_end = .)

.init_array     0x0000000000242930       0x10
                0x0000000000242930                PROVIDE (__init_array_start = .)
 *(SORT_BY_INIT_PRIORITY(.init_array.*) SORT_BY_INIT_PRIORITY(.ctors.*))
 .init_array.00220
                0x0000000000242930        0x8 /usr/xenomai/lib/xenomai/bootstrap.o
 *(.init_array EXCLUDE_FILE(*crtend?.o *crtend.o *crtbegin?.o *crtbegin.o) .ctors)
 .init_array    0x0000000000242938        0x8 /usr/lib/gcc/x86_64-linux-gnu/7/crtbeginS.o
                0x0000000000242940                PROVIDE (__init_array_end = .)

.fini_array     0x0000000000242940        0x8
                [!provide]                        PROVIDE (__fini_array_start = .)
 *(SORT_BY_INIT_PRIORITY(.fini_array.*) SORT_BY_INIT_PRIORITY(.dtors.*))
 *(.fini_array EXCLUDE_FILE(*crtend?.o *crtend.o *crtbegin?.o *crtbegin.o) .dtors)
 .fini_array    0x0000000000242940        0x8 /usr/lib/gcc/x86_64-linux-gnu/7/crtbeginS.o
                [!provide]                        PROVIDE (__fini_array_end = .)

.ctors
 *crtbegin.o(.ctors)
 *crtbegin?.o(.ctors)
 *(EXCLUDE_FILE(*crtend?.o *crtend.o) .ctors)
 *(SORT_BY_NAME(.ctors.*))
 *(.ctors)

.dtors
 *crtbegin.o(.dtors)
 *crtbegin?.o(.dtors)
 *(EXCLUDE_FILE(*crtend?.o *crtend.o) .dtors)
 *(SORT_BY_NAME(.dtors.*))
 *(.dtors)

.jcr
 *(.jcr)

.data.rel.ro    0x0000000000242948        0x0
 *(.data.rel.ro.local* .gnu.linkonce.d.rel.ro.local.*)
 *(.data.rel.ro .data.rel.ro.* .gnu.linkonce.d.rel.ro.*)
 .data.rel.ro   0x0000000000242948        0x0 /usr/lib/gcc/x86_64-linux-gnu/7/../../../x86_64-linux-gnu/Scrt1.o

.dynamic        0x0000000000242948      0x2a0
 *(.dynamic)
 .dynamic       0x0000000000242948      0x2a0 /usr/lib/gcc/x86_64-linux-gnu/7/../../../x86_64-linux-gnu/Scrt1.o
                0x0000000000242948                _DYNAMIC

.got            0x0000000000242be8      0x418
 *(.got.plt)
 .got.plt       0x0000000000242be8      0x3e0 /usr/lib/gcc/x86_64-linux-gnu/7/../../../x86_64-linux-gnu/Scrt1.o
                0x0000000000242be8                _GLOBAL_OFFSET_TABLE_
 *(.igot.plt)
 *(.got)
 .got           0x0000000000242fc8       0x38 /usr/lib/gcc/x86_64-linux-gnu/7/../../../x86_64-linux-gnu/Scrt1.o
 *(.igot)
                0x0000000000243000                . = DATA_SEGMENT_RELRO_END (., 0x0)

.data           0x0000000000243000      0x33d
 *(.data .data.* .gnu.linkonce.d.*)
 .data          0x0000000000243000        0x4 /usr/lib/gcc/x86_64-linux-gnu/7/../../../x86_64-linux-gnu/Scrt1.o
                0x0000000000243000                data_start
                0x0000000000243000                __data_start
 .data          0x0000000000243004        0x0 /usr/lib/gcc/x86_64-linux-gnu/7/../../../x86_64-linux-gnu/crti.o
 .data          0x0000000000243004        0x0 /usr/lib/gcc/x86_64-linux-gnu/7/crtbeginS.o
 *fill*         0x0000000000243004        0x4 
 .data.rel.local
                0x0000000000243008        0x8 /usr/lib/gcc/x86_64-linux-gnu/7/crtbeginS.o
                0x0000000000243008                __dso_handle
 .data          0x0000000000243010       0x18 btdiag.o
                0x0000000000243010                pauseCnt
                0x0000000000243018                vel
                0x0000000000243020                acc
 .data.rel.local
                0x0000000000243028        0x8 btdiag.o
                0x0000000000243028                user_def
 .data          0x0000000000243030        0x0 ../../lib/libbtwam.a(btwam.o)
 .data          0x0000000000243030        0x0 ../../lib/libbtwam.a(gimbals.o)
 .data          0x0000000000243030        0x0 ../../lib/libbtsystem.a(btsystem.o)
 .data          0x0000000000243030        0x0 ../../lib/libbtsystem.a(btlogger.o)
 .data          0x0000000000243030        0x0 ../../lib/libbtsystem.a(btcan_peakesd.o)
 .data          0x0000000000243030        0x0 ../../lib/libbtsystem.a(btrobot.o)
 .data          0x0000000000243030        0x0 ../../lib/libbtsystem.a(btmath.o)
 .data          0x0000000000243030        0x0 ../../lib/libbtsystem.a(btos.o)
 .data          0x0000000000243030        0x0 ../../lib/libbtsystem.a(btcontrol.o)
 .data          0x0000000000243030        0x0 ../../lib/libbtsystem.a(btserial.o)
 .data          0x0000000000243030        0x0 ../../lib/libbtsystem.a(bthaptics.o)
 .data          0x0000000000243030        0x0 ../../lib/libbtsystem.a(btstatecontrol.o)
 .data          0x0000000000243030        0x0 ../../lib/libbtsystem.a(btgeometry.o)
 *fill*         0x0000000000243030       0x10 
 .data          0x0000000000243040      0x2fd ../../lib/libbtsystem.a(btparser.o)
                0x0000000000243040                btparser_default
 .data          0x000000000024333d        0x0 ../../lib/libbtsystem.a(btseg.o)
 .data          0x000000000024333d        0x0 ../../lib/libbtsystem.a(btpath.o)
 .data          0x000000000024333d        0x0 /usr/xenomai/lib/xenomai/bootstrap.o
 .data          0x000000000024333d        0x0 /usr/lib/x86_64-linux-gnu/libc_nonshared.a(elf-init.oS)
 .data          0x000000000024333d        0x0 /usr/lib/x86_64-linux-gnu/libc_nonshared.a(atexit.oS)
 .data          0x000000000024333d        0x0 /usr/lib/gcc/x86_64-linux-gnu/7/crtendS.o
 .data          0x000000000024333d        0x0 /usr/lib/gcc/x86_64-linux-gnu/7/../../../x86_64-linux-gnu/crtn.o

.tm_clone_table
                0x0000000000243340        0x0
 .tm_clone_table
                0x0000000000243340        0x0 /usr/lib/gcc/x86_64-linux-gnu/7/crtbeginS.o
 .tm_clone_table
                0x0000000000243340        0x0 /usr/lib/gcc/x86_64-linux-gnu/7/crtendS.o

.data1
 *(.data1)
                0x0000000000243340                _edata = .
                [!provide]                        PROVIDE (edata = .)
                0x0000000000243340                . = .
                0x0000000000243340                __bss_start = .

.bss            0x0000000000243340     0x6748
 *(.dynbss)
 .dynbss        0x0000000000243340       0x88 /usr/lib/gcc/x86_64-linux-gnu/7/../../../x86_64-linux-gnu/Scrt1.o
                0x0000000000243340                stdscr@@NCURSES_TINFO_5.0.19991023
                0x0000000000243360                alchemy_clock
                0x00000000002433c0                stderr@@GLIBC_2.2.5
 *(.bss .bss.* .gnu.linkonce.b.*)
 .bss           0x00000000002433c8        0x0 /usr/lib/gcc/x86_64-linux-gnu/7/../../../x86_64-linux-gnu/Scrt1.o
 .bss           0x00000000002433c8        0x0 /usr/lib/gcc/x86_64-linux-gnu/7/../../../x86_64-linux-gnu/crti.o
 .bss           0x00000000002433c8        0x1 /usr/lib/gcc/x86_64-linux-gnu/7/crtbeginS.o
 *fill*         0x00000000002433c9        0x3 
 .bss           0x00000000002433cc       0x34 btdiag.o
                0x00000000002433cc                screen
                0x00000000002433d0                useGimbals
                0x00000000002433d4                done
                0x00000000002433d8                alldone
                0x00000000002433dc                quiet
                0x00000000002433e0                cteach
                0x00000000002433e4                angular
                0x00000000002433e8                cplay
                0x00000000002433ec                move_prep
                0x00000000002433f0                loop_trj
                0x00000000002433f4                busCount
                0x00000000002433f8                force
                0x00000000002433fc                startDone
 .bss           0x0000000000243400        0x4 ../../lib/libbtwam.a(btwam.o)
                0x0000000000243400                numMaintThreads
 .bss           0x0000000000243404        0x4 ../../lib/libbtwam.a(gimbals.o)
                0x0000000000243404                gimbalsInit
 .bss           0x0000000000243408       0x20 ../../lib/libbtsystem.a(btsystem.o)
                0x0000000000243408                act_data_valid
                0x000000000024340c                extra_pucks
                0x0000000000243410                buses
                0x0000000000243418                num_buses
                0x000000000024341c                bus_data_valid
 .bss           0x0000000000243428        0x0 ../../lib/libbtsystem.a(btlogger.o)
 .bss           0x0000000000243428        0x0 ../../lib/libbtsystem.a(btcan_peakesd.o)
 .bss           0x0000000000243428        0x0 ../../lib/libbtsystem.a(btrobot.o)
 *fill*         0x0000000000243428       0x18 
 .bss           0x0000000000243440      0x118 ../../lib/libbtsystem.a(btmath.o)
                0x0000000000243440                num_btptrs
 .bss           0x0000000000243558        0x0 ../../lib/libbtsystem.a(btos.o)
 .bss           0x0000000000243558        0x0 ../../lib/libbtsystem.a(btcontrol.o)
 .bss           0x0000000000243558        0x4 ../../lib/libbtsystem.a(btserial.o)
                0x0000000000243558                got_sigio
 .bss           0x000000000024355c        0x8 ../../lib/libbtsystem.a(bthaptics.o)
                0x000000000024355c                audio
 .bss           0x0000000000243564        0x0 ../../lib/libbtsystem.a(btstatecontrol.o)
 .bss           0x0000000000243564        0x0 ../../lib/libbtsystem.a(btgeometry.o)
 .bss           0x0000000000243564        0x4 ../../lib/libbtsystem.a(btparser.o)
                0x0000000000243564                multi
 .bss           0x0000000000243568        0x0 ../../lib/libbtsystem.a(btseg.o)
 .bss           0x0000000000243568        0x0 ../../lib/libbtsystem.a(btpath.o)
 .bss           0x0000000000243568        0xc /usr/xenomai/lib/xenomai/bootstrap.o
 .bss           0x0000000000243574        0x0 /usr/lib/x86_64-linux-gnu/libc_nonshared.a(elf-init.oS)
 .bss           0x0000000000243574        0x0 /usr/lib/x86_64-linux-gnu/libc_nonshared.a(atexit.oS)
 .bss           0x0000000000243574        0x0 /usr/lib/gcc/x86_64-linux-gnu/7/crtendS.o
 .bss           0x0000000000243574        0x0 /usr/lib/gcc/x86_64-linux-gnu/7/../../../x86_64-linux-gnu/crtn.o
 *(COMMON)
 *fill*         0x0000000000243574        0xc 
 COMMON         0x0000000000243580     0x3fc4 btdiag.o
                0x0000000000243580                GAIN1
                0x0000000000243588                zero_v3
                0x0000000000243590                MCV
                0x0000000000243594                LFDP
                0x00000000002435a0                planes
                0x0000000000243640                X1
                0x0000000000243644                LOG2
                0x0000000000243648                FET0
                0x000000000024364c                VLOGIC
                0x0000000000243650                ZERO
                0x0000000000243654                ERROR
                0x0000000000243658                DUMP
                0x000000000024365c                HSG
                0x0000000000243660                UPSECS
                0x0000000000243664                TSTOP
                0x0000000000243668                eventStart
                0x0000000000243670                X5
                0x0000000000243674                JP2
                0x0000000000243678                TENST
                0x0000000000243680                p3
                0x0000000000243688                KI
                0x000000000024368c                CTS
                0x0000000000243690                VERS
                0x0000000000243694                IFAULT
                0x0000000000243698                JOFST2
                0x000000000024369c                LFV
                0x00000000002436a0                UNITS
                0x00000000002436a4                GRPC
                0x00000000002436a8                HALLH
                0x00000000002436ac                _DS
                0x00000000002436b0                COMMON_END
                0x00000000002436b4                BAUD
                0x00000000002436b8                LCVC
                0x00000000002436bc                VALUE32
                0x00000000002436c0                VOLTL1
                0x00000000002436c4                NoSafety
                0x00000000002436c8                D
                0x00000000002436cc                P_OLD
                0x00000000002436d0                ID
                0x00000000002436d4                HOLD
                0x00000000002436d8                SAVE
                0x00000000002436dc                T
                0x00000000002436e0                IKP
                0x00000000002436e4                P
                0x0000000000243700                wickedwalls
                0x00000000002438e0                cdest
                0x00000000002438e8                entryLine
                0x00000000002438ec                STAT
                0x0000000000243900                bpwall
                0x0000000000243ae0                GAIN2
                0x0000000000243ae4                OT2
                0x0000000000243ae8                VALUE
                0x0000000000243aec                LCTC
                0x0000000000243b00                keyEvent
                0x0000000000245a40                ILOGIC
                0x0000000000245a44                DEF
                0x0000000000245a50                p
                0x0000000000245a68                MECH2
                0x0000000000245a6c                CT2
                0x0000000000245a70                LOG3
                0x0000000000245a74                FET1
                0x0000000000245a78                LFS
                0x0000000000245a7c                TL1
                0x0000000000245a80                ADDR
                0x0000000000245aa0                boxs
                0x0000000000245f50                X2
                0x0000000000245f54                X6
                0x0000000000245f58                VL1
                0x0000000000245f5c                CT
                0x0000000000245f60                IPNM
                0x0000000000245f64                OFFSET1
                0x0000000000245f68                RATIO
                0x0000000000245f6c                HALLH2
                0x0000000000245f70                E
                0x0000000000245f74                PTEMP
                0x0000000000245f78                MPE
                0x0000000000245f7c                M
                0x0000000000245f80                OTEMP
                0x0000000000245f84                ECMIN
                0x0000000000245f88                ECMAX
                0x0000000000245f8c                M2
                0x0000000000245f90                TENSO
                0x0000000000245f94                MECH
                0x0000000000245f98                IMOTOR
                0x0000000000245fa0                bth
                0x0000000000245fb8                ISQ
                0x0000000000245fc0                active_file
                0x00000000002460bc                IOFF
                0x00000000002460c0                VBUS
                0x00000000002460c4                ANA1
                0x00000000002460e0                wamData
                0x0000000000246400                GAIN3
                0x0000000000246404                MV
                0x0000000000246408                VOLTL2
                0x000000000024640c                JP
                0x0000000000246420                spheres
                0x0000000000246510                VOLTH1
                0x0000000000246514                JIDX
                0x0000000000246518                LOG4
                0x000000000024651c                DIG0
                0x0000000000246520                IKCOR
                0x0000000000246524                X3
                0x0000000000246528                FIND
                0x000000000024652c                constraint
                0x0000000000246530                GRPA
                0x0000000000246534                OD
                0x0000000000246538                HALLS
                0x000000000024653c                X7
                0x0000000000246540                p1
                0x0000000000246560                command_help
                0x0000000000246880                VL2
                0x0000000000246884                THERM
                0x0000000000246888                PWR
                0x000000000024688c                LFAP
                0x0000000000246890                LFT
                0x0000000000246894                TL2
                0x0000000000246898                OT
                0x000000000024689c                OFFSET2
                0x00000000002468a0                TORQ
                0x00000000002468a4                ACCEL
                0x00000000002468a8                TEMP
                0x00000000002468ac                SAMPLE
                0x00000000002468b0                IOFST
                0x00000000002468b4                DP
                0x00000000002468b8                PIDX
                0x00000000002468bc                B
                0x00000000002468c0                IVEL
                0x00000000002468c4                MOFST
                0x00000000002468c8                num_commands
                0x00000000002468cc                LCV
                0x00000000002468d0                BRAKE
                0x00000000002468e0                event_thd
                0x0000000000246938                V
                0x000000000024693c                MDS
                0x0000000000246940                AP
                0x0000000000246944                TACTID
                0x0000000000246948                LOCK
                0x000000000024694c                VNOM
                0x0000000000246950                CMD
                0x0000000000246954                _LOCK
                0x0000000000246958                ANA0
                0x000000000024695c                SAFETY_END
                0x0000000000246960                MOV
                0x0000000000246964                JOFST
                0x0000000000246968                VOLTH2
                0x0000000000246970                RxRyRz
                0x0000000000246978                TETAE
                0x000000000024697c                P2
                0x0000000000246980                OFFSET3
                0x0000000000246984                KD
                0x0000000000246988                LOG1
                0x000000000024698c                X0
                0x0000000000246990                disp_mutex
                0x00000000002469a0                disp_thd
                0x00000000002469f8                DIG1
                0x00000000002469fc                MAXPWR
                0x0000000000246a00                objects
                0x00000000002472c0                SN
                0x00000000002472c4                LFLAGS
                0x00000000002472c8                KP
                0x00000000002472cc                X4
                0x00000000002472d0                CTS2
                0x00000000002472d4                TACT
                0x00000000002472d8                p2
                0x00000000002472e0                audio_thd
                0x0000000000247390                E2
                0x0000000000247394                GRPB
                0x0000000000247398                EN2
                0x000000000024739c                LOG
                0x00000000002473a0                haptics
                0x00000000002473a4                MT
                0x00000000002473a8                SAFE
                0x00000000002473ac                PEN
                0x00000000002473b0                MODE
                0x00000000002473b4                LSG
                0x00000000002473b8                mode
                0x00000000002473bc                IKI
                0x00000000002473c0                TIE
                0x00000000002473e0                wam
                0x0000000000247400                wall
                0x00000000002474a0                IOFF2
                0x00000000002474a4                TENSION
                0x00000000002474a8                AP2
                0x00000000002474ac                EN
                0x00000000002474b0                MD
                0x00000000002474b4                LOAD
                0x00000000002474b8                eventIdx
                0x00000000002474bc                DP2
                0x00000000002474c0                POLES
                0x00000000002474e0                StartupThread
                0x0000000000247538                PROP_END
                0x000000000024753c                ROLE
                0x0000000000247540                SG
 *fill*         0x0000000000247544        0xc 
 COMMON         0x0000000000247550       0x38 ../../lib/libbtwam.a(gimbals.o)
                0x0000000000247550                gimbalsGain
                0x0000000000247570                gimbalsOffset
 *fill*         0x0000000000247588       0x18 
 COMMON         0x00000000002475a0      0x160 ../../lib/libbtsystem.a(btsystem.o)
                0x00000000002475a0                safetyBoardID
                0x00000000002475c0                insanePos
                0x0000000000247640                act
                0x0000000000247650                timev
                0x0000000000247660                firstPos
                0x0000000000247668                num_actuators
                0x0000000000247670                CPU_cycles_per_second
                0x0000000000247680                invalidPos
 COMMON         0x0000000000247700      0x150 ../../lib/libbtsystem.a(btcan_peakesd.o)
                0x0000000000247700                mask
                0x0000000000247710                can_accept
                0x0000000000247720                jointPosition
                0x0000000000247820                commMutex
                0x0000000000247840                canDev
 *fill*         0x0000000000247850       0x10 
 COMMON         0x0000000000247860     0x1f40 ../../lib/libbtsystem.a(btmath.o)
                0x0000000000247860                btptrs
 COMMON         0x00000000002497a0      0x1b8 ../../lib/libbtsystem.a(btos.o)
                0x00000000002497a0                backtracesize
                0x00000000002497c0                backtracearray
                0x0000000000249950                backtracestrings
 COMMON         0x0000000000249958       0x20 ../../lib/libbtsystem.a(bthaptics.o)
                0x0000000000249958                extVel
                0x0000000000249960                setBrake
                0x0000000000249968                brake
                0x0000000000249970                relBrake
 *fill*         0x0000000000249978        0x8 
 COMMON         0x0000000000249980      0x108 ../../lib/libbtsystem.a(btparser.o)
                0x0000000000249980                hdr
                0x0000000000249a80                outFile
                0x0000000000249a88                . = ALIGN ((. != 0x0)?0x8:0x1)

.lbss
 *(.dynlbss)
 *(.lbss .lbss.* .gnu.linkonce.lb.*)
 *(LARGE_COMMON)
                0x0000000000249a88                . = ALIGN (0x8)
                0x0000000000249a88                . = SEGMENT_START ("ldata-segment", .)

.lrodata
 *(.lrodata .lrodata.* .gnu.linkonce.lr.*)

.ldata          0x0000000000649a88        0x0
 *(.ldata .ldata.* .gnu.linkonce.l.*)
                0x0000000000649a88                . = ALIGN ((. != 0x0)?0x8:0x1)
                0x0000000000649a88                . = ALIGN (0x8)
                0x0000000000649a88                _end = .
                [!provide]                        PROVIDE (end = .)
                0x0000000000649a88                . = DATA_SEGMENT_END (.)

.stab
 *(.stab)

.stabstr
 *(.stabstr)

.stab.excl
 *(.stab.excl)

.stab.exclstr
 *(.stab.exclstr)

.stab.index
 *(.stab.index)

.stab.indexstr
 *(.stab.indexstr)

.comment        0x0000000000000000       0x55
 *(.comment)
 .comment       0x0000000000000000       0x2b /usr/lib/gcc/x86_64-linux-gnu/7/crtbeginS.o
                                         0x2c (size before relaxing)
 .comment       0x000000000000002b       0x2c btdiag.o
 .comment       0x000000000000002b       0x2c ../../lib/libbtwam.a(btwam.o)
 .comment       0x000000000000002b       0x2c ../../lib/libbtwam.a(gimbals.o)
 .comment       0x000000000000002b       0x2c ../../lib/libbtsystem.a(btsystem.o)
 .comment       0x000000000000002b       0x2c ../../lib/libbtsystem.a(btlogger.o)
 .comment       0x000000000000002b       0x2c ../../lib/libbtsystem.a(btcan_peakesd.o)
 .comment       0x000000000000002b       0x2c ../../lib/libbtsystem.a(btrobot.o)
 .comment       0x000000000000002b       0x2c ../../lib/libbtsystem.a(btmath.o)
 .comment       0x000000000000002b       0x2c ../../lib/libbtsystem.a(btos.o)
 .comment       0x000000000000002b       0x2c ../../lib/libbtsystem.a(btcontrol.o)
 .comment       0x000000000000002b       0x2c ../../lib/libbtsystem.a(btserial.o)
 .comment       0x000000000000002b       0x2c ../../lib/libbtsystem.a(bthaptics.o)
 .comment       0x000000000000002b       0x2c ../../lib/libbtsystem.a(btstatecontrol.o)
 .comment       0x000000000000002b       0x2c ../../lib/libbtsystem.a(btgeometry.o)
 .comment       0x000000000000002b       0x2c ../../lib/libbtsystem.a(btparser.o)
 .comment       0x000000000000002b       0x2c ../../lib/libbtsystem.a(btseg.o)
 .comment       0x000000000000002b       0x2c ../../lib/libbtsystem.a(btpath.o)
 .comment       0x000000000000002b       0x2a /usr/xenomai/lib/xenomai/bootstrap.o
                                         0x2b (size before relaxing)
 .comment       0x0000000000000055       0x2c /usr/lib/gcc/x86_64-linux-gnu/7/crtendS.o

.debug
 *(.debug)

.line
 *(.line)

.debug_srcinfo
 *(.debug_srcinfo)

.debug_sfnames
 *(.debug_sfnames)

.debug_aranges  0x0000000000000000      0x330
 *(.debug_aranges)
 .debug_aranges
                0x0000000000000000       0x30 btdiag.o
 .debug_aranges
                0x0000000000000030       0x30 ../../lib/libbtwam.a(btwam.o)
 .debug_aranges
                0x0000000000000060       0x30 ../../lib/libbtwam.a(gimbals.o)
 .debug_aranges
                0x0000000000000090       0x30 ../../lib/libbtsystem.a(btsystem.o)
 .debug_aranges
                0x00000000000000c0       0x30 ../../lib/libbtsystem.a(btlogger.o)
 .debug_aranges
                0x00000000000000f0       0x30 ../../lib/libbtsystem.a(btcan_peakesd.o)
 .debug_aranges
                0x0000000000000120       0x30 ../../lib/libbtsystem.a(btrobot.o)
 .debug_aranges
                0x0000000000000150       0x30 ../../lib/libbtsystem.a(btmath.o)
 .debug_aranges
                0x0000000000000180       0x30 ../../lib/libbtsystem.a(btos.o)
 .debug_aranges
                0x00000000000001b0       0x30 ../../lib/libbtsystem.a(btcontrol.o)
 .debug_aranges
                0x00000000000001e0       0x30 ../../lib/libbtsystem.a(btserial.o)
 .debug_aranges
                0x0000000000000210       0x30 ../../lib/libbtsystem.a(bthaptics.o)
 .debug_aranges
                0x0000000000000240       0x30 ../../lib/libbtsystem.a(btstatecontrol.o)
 .debug_aranges
                0x0000000000000270       0x30 ../../lib/libbtsystem.a(btgeometry.o)
 .debug_aranges
                0x00000000000002a0       0x30 ../../lib/libbtsystem.a(btparser.o)
 .debug_aranges
                0x00000000000002d0       0x30 ../../lib/libbtsystem.a(btseg.o)
 .debug_aranges
                0x0000000000000300       0x30 ../../lib/libbtsystem.a(btpath.o)

.debug_pubnames
 *(.debug_pubnames)

.debug_info     0x0000000000000000    0x20c19
 *(.debug_info .gnu.linkonce.wi.*)
 .debug_info    0x0000000000000000     0x403c btdiag.o
 .debug_info    0x000000000000403c     0x3a6f ../../lib/libbtwam.a(btwam.o)
 .debug_info    0x0000000000007aab     0x27e9 ../../lib/libbtwam.a(gimbals.o)
 .debug_info    0x000000000000a294     0x2afc ../../lib/libbtsystem.a(btsystem.o)
 .debug_info    0x000000000000cd90      0xcc4 ../../lib/libbtsystem.a(btlogger.o)
 .debug_info    0x000000000000da54     0x26c1 ../../lib/libbtsystem.a(btcan_peakesd.o)
 .debug_info    0x0000000000010115     0x160d ../../lib/libbtsystem.a(btrobot.o)
 .debug_info    0x0000000000011722     0x4dd5 ../../lib/libbtsystem.a(btmath.o)
 .debug_info    0x00000000000164f7      0xf77 ../../lib/libbtsystem.a(btos.o)
 .debug_info    0x000000000001746e     0x2550 ../../lib/libbtsystem.a(btcontrol.o)
 .debug_info    0x00000000000199be      0xb2b ../../lib/libbtsystem.a(btserial.o)
 .debug_info    0x000000000001a4e9     0x17c6 ../../lib/libbtsystem.a(bthaptics.o)
 .debug_info    0x000000000001bcaf     0x14a0 ../../lib/libbtsystem.a(btstatecontrol.o)
 .debug_info    0x000000000001d14f     0x1018 ../../lib/libbtsystem.a(btgeometry.o)
 .debug_info    0x000000000001e167      0xb83 ../../lib/libbtsystem.a(btparser.o)
 .debug_info    0x000000000001ecea     0x1206 ../../lib/libbtsystem.a(btseg.o)
 .debug_info    0x000000000001fef0      0xd29 ../../lib/libbtsystem.a(btpath.o)

.debug_abbrev   0x0000000000000000     0x2f2b
 *(.debug_abbrev)
 .debug_abbrev  0x0000000000000000      0x34e btdiag.o
 .debug_abbrev  0x000000000000034e      0x38f ../../lib/libbtwam.a(btwam.o)
 .debug_abbrev  0x00000000000006dd      0x268 ../../lib/libbtwam.a(gimbals.o)
 .debug_abbrev  0x0000000000000945      0x352 ../../lib/libbtsystem.a(btsystem.o)
 .debug_abbrev  0x0000000000000c97      0x266 ../../lib/libbtsystem.a(btlogger.o)
 .debug_abbrev  0x0000000000000efd      0x2e9 ../../lib/libbtsystem.a(btcan_peakesd.o)
 .debug_abbrev  0x00000000000011e6      0x28f ../../lib/libbtsystem.a(btrobot.o)
 .debug_abbrev  0x0000000000001475      0x375 ../../lib/libbtsystem.a(btmath.o)
 .debug_abbrev  0x00000000000017ea      0x2d9 ../../lib/libbtsystem.a(btos.o)
 .debug_abbrev  0x0000000000001ac3      0x318 ../../lib/libbtsystem.a(btcontrol.o)
 .debug_abbrev  0x0000000000001ddb      0x1ce ../../lib/libbtsystem.a(btserial.o)
 .debug_abbrev  0x0000000000001fa9      0x2a7 ../../lib/libbtsystem.a(bthaptics.o)
 .debug_abbrev  0x0000000000002250      0x2e0 ../../lib/libbtsystem.a(btstatecontrol.o)
 .debug_abbrev  0x0000000000002530      0x24c ../../lib/libbtsystem.a(btgeometry.o)
 .debug_abbrev  0x000000000000277c      0x2ab ../../lib/libbtsystem.a(btparser.o)
 .debug_abbrev  0x0000000000002a27      0x2d2 ../../lib/libbtsystem.a(btseg.o)
 .debug_abbrev  0x0000000000002cf9      0x232 ../../lib/libbtsystem.a(btpath.o)

.debug_line     0x0000000000000000     0x7a5f
 *(.debug_line .debug_line.* .debug_line_end)
 .debug_line    0x0000000000000000      0xd76 btdiag.o
 .debug_line    0x0000000000000d76      0xa5c ../../lib/libbtwam.a(btwam.o)
 .debug_line    0x00000000000017d2      0x344 ../../lib/libbtwam.a(gimbals.o)
 .debug_line    0x0000000000001b16      0xb32 ../../lib/libbtsystem.a(btsystem.o)
 .debug_line    0x0000000000002648      0x4e3 ../../lib/libbtsystem.a(btlogger.o)
 .debug_line    0x0000000000002b2b      0x7fa ../../lib/libbtsystem.a(btcan_peakesd.o)
 .debug_line    0x0000000000003325      0x9f0 ../../lib/libbtsystem.a(btrobot.o)
 .debug_line    0x0000000000003d15     0x156f ../../lib/libbtsystem.a(btmath.o)
 .debug_line    0x0000000000005284      0x3c3 ../../lib/libbtsystem.a(btos.o)
 .debug_line    0x0000000000005647      0x8b8 ../../lib/libbtsystem.a(btcontrol.o)
 .debug_line    0x0000000000005eff      0x22d ../../lib/libbtsystem.a(btserial.o)
 .debug_line    0x000000000000612c      0x3d9 ../../lib/libbtsystem.a(bthaptics.o)
 .debug_line    0x0000000000006505      0x4c5 ../../lib/libbtsystem.a(btstatecontrol.o)
 .debug_line    0x00000000000069ca      0x3e5 ../../lib/libbtsystem.a(btgeometry.o)
 .debug_line    0x0000000000006daf      0x402 ../../lib/libbtsystem.a(btparser.o)
 .debug_line    0x00000000000071b1      0x505 ../../lib/libbtsystem.a(btseg.o)
 .debug_line    0x00000000000076b6      0x3a9 ../../lib/libbtsystem.a(btpath.o)

.debug_frame
 *(.debug_frame)

.debug_str      0x0000000000000000     0x5602
 *(.debug_str)
 .debug_str     0x0000000000000000     0x15e7 btdiag.o
                                       0x18f2 (size before relaxing)
 .debug_str     0x00000000000015e7      0x674 ../../lib/libbtwam.a(btwam.o)
                                       0x1712 (size before relaxing)
 .debug_str     0x0000000000001c5b       0x50 ../../lib/libbtwam.a(gimbals.o)
                                       0x1042 (size before relaxing)
 .debug_str     0x0000000000001cab     0x1325 ../../lib/libbtsystem.a(btsystem.o)
                                       0x1dc7 (size before relaxing)
 .debug_str     0x0000000000002fd0      0x126 ../../lib/libbtsystem.a(btlogger.o)
                                        0x7a3 (size before relaxing)
 .debug_str     0x00000000000030f6      0x672 ../../lib/libbtsystem.a(btcan_peakesd.o)
                                        0xf94 (size before relaxing)
 .debug_str     0x0000000000003768      0x1c8 ../../lib/libbtsystem.a(btrobot.o)
                                        0xabf (size before relaxing)
 .debug_str     0x0000000000003930      0x956 ../../lib/libbtsystem.a(btmath.o)
                                       0x1131 (size before relaxing)
 .debug_str     0x0000000000004286      0x382 ../../lib/libbtsystem.a(btos.o)
                                        0x886 (size before relaxing)
 .debug_str     0x0000000000004608      0x4a0 ../../lib/libbtsystem.a(btcontrol.o)
                                        0xe69 (size before relaxing)
 .debug_str     0x0000000000004aa8      0x2f3 ../../lib/libbtsystem.a(btserial.o)
                                        0x699 (size before relaxing)
 .debug_str     0x0000000000004d9b      0x22a ../../lib/libbtsystem.a(bthaptics.o)
                                        0xa58 (size before relaxing)
 .debug_str     0x0000000000004fc5      0x201 ../../lib/libbtsystem.a(btstatecontrol.o)
                                        0xa84 (size before relaxing)
 .debug_str     0x00000000000051c6      0x119 ../../lib/libbtsystem.a(btgeometry.o)
                                        0x871 (size before relaxing)
 .debug_str     0x00000000000052df       0xf4 ../../lib/libbtsystem.a(btparser.o)
                                        0x73f (size before relaxing)
 .debug_str     0x00000000000053d3      0x140 ../../lib/libbtsystem.a(btseg.o)
                                        0x87f (size before relaxing)
 .debug_str     0x0000000000005513       0xef ../../lib/libbtsystem.a(btpath.o)
                                        0x787 (size before relaxing)

.debug_loc
 *(.debug_loc)

.debug_macinfo
 *(.debug_macinfo)

.debug_weaknames
 *(.debug_weaknames)

.debug_funcnames
 *(.debug_funcnames)

.debug_typenames
 *(.debug_typenames)

.debug_varnames
 *(.debug_varnames)

.debug_pubtypes
 *(.debug_pubtypes)

.debug_ranges   0x0000000000000000       0x60
 *(.debug_ranges)
 .debug_ranges  0x0000000000000000       0x60 ../../lib/libbtsystem.a(btcan_peakesd.o)

.debug_macro
 *(.debug_macro)

.debug_addr
 *(.debug_addr)

.gnu.attributes
 *(.gnu.attributes)

/DISCARD/
 *(.note.GNU-stack)
 *(.gnu_debuglink)
 *(.gnu.lto_*)
OUTPUT(btdiag elf64-x86-64)

Cross Reference Table

Symbol                                            File
ACCEL                                             ../../lib/libbtsystem.a(btcan_peakesd.o)
                                                  ../../lib/libbtsystem.a(btsystem.o)
                                                  ../../lib/libbtwam.a(gimbals.o)
                                                  ../../lib/libbtwam.a(btwam.o)
                                                  btdiag.o
ADDR                                              ../../lib/libbtsystem.a(btcan_peakesd.o)
                                                  ../../lib/libbtsystem.a(btsystem.o)
                                                  ../../lib/libbtwam.a(gimbals.o)
                                                  ../../lib/libbtwam.a(btwam.o)
                                                  btdiag.o
ANA0                                              ../../lib/libbtsystem.a(btcan_peakesd.o)
                                                  ../../lib/libbtsystem.a(btsystem.o)
                                                  ../../lib/libbtwam.a(gimbals.o)
                                                  ../../lib/libbtwam.a(btwam.o)
                                                  btdiag.o
ANA1                                              ../../lib/libbtsystem.a(btcan_peakesd.o)
                                                  ../../lib/libbtsystem.a(btsystem.o)
                                                  ../../lib/libbtwam.a(gimbals.o)
                                                  ../../lib/libbtwam.a(btwam.o)
                                                  btdiag.o
AP                                                ../../lib/libbtsystem.a(btcan_peakesd.o)
                                                  ../../lib/libbtsystem.a(btsystem.o)
                                                  ../../lib/libbtwam.a(gimbals.o)
                                                  ../../lib/libbtwam.a(btwam.o)
                                                  btdiag.o
AP2                                               ../../lib/libbtsystem.a(btcan_peakesd.o)
                                                  ../../lib/libbtsystem.a(btsystem.o)
                                                  ../../lib/libbtwam.a(gimbals.o)
                                                  ../../lib/libbtwam.a(btwam.o)
                                                  btdiag.o
ActAngle2Mpos                                     ../../lib/libbtwam.a(btwam.o)
AddDataDL                                         ../../lib/libbtsystem.a(btlogger.o)
                                                  ../../lib/libbtwam.a(btwam.o)
                                                  btdiag.o
AllIndexed                                        ../../lib/libbtsystem.a(btsystem.o)
B                                                 ../../lib/libbtsystem.a(btcan_peakesd.o)
                                                  ../../lib/libbtsystem.a(btsystem.o)
                                                  ../../lib/libbtwam.a(gimbals.o)
                                                  ../../lib/libbtwam.a(btwam.o)
                                                  btdiag.o
BAUD                                              ../../lib/libbtsystem.a(btcan_peakesd.o)
                                                  ../../lib/libbtsystem.a(btsystem.o)
                                                  ../../lib/libbtwam.a(gimbals.o)
                                                  ../../lib/libbtwam.a(btwam.o)
                                                  btdiag.o
BRAKE                                             ../../lib/libbtsystem.a(btcan_peakesd.o)
                                                  ../../lib/libbtsystem.a(btsystem.o)
                                                  ../../lib/libbtwam.a(gimbals.o)
                                                  ../../lib/libbtwam.a(btwam.o)
                                                  btdiag.o
BlankWAMcallback                                  ../../lib/libbtwam.a(btwam.o)
CMD                                               ../../lib/libbtsystem.a(btcan_peakesd.o)
                                                  ../../lib/libbtsystem.a(btsystem.o)
                                                  ../../lib/libbtwam.a(gimbals.o)
                                                  ../../lib/libbtwam.a(btwam.o)
                                                  btdiag.o
COMMON_END                                        ../../lib/libbtsystem.a(btcan_peakesd.o)
                                                  ../../lib/libbtsystem.a(btsystem.o)
                                                  ../../lib/libbtwam.a(gimbals.o)
                                                  ../../lib/libbtwam.a(btwam.o)
                                                  btdiag.o
CPU_cycles_per_second                             ../../lib/libbtsystem.a(btsystem.o)
CT                                                ../../lib/libbtsystem.a(btcan_peakesd.o)
                                                  ../../lib/libbtsystem.a(btsystem.o)
                                                  ../../lib/libbtwam.a(gimbals.o)
                                                  ../../lib/libbtwam.a(btwam.o)
                                                  btdiag.o
CT2                                               ../../lib/libbtsystem.a(btcan_peakesd.o)
                                                  ../../lib/libbtsystem.a(btsystem.o)
                                                  ../../lib/libbtwam.a(gimbals.o)
                                                  ../../lib/libbtwam.a(btwam.o)
                                                  btdiag.o
CTS                                               ../../lib/libbtsystem.a(btcan_peakesd.o)
                                                  ../../lib/libbtsystem.a(btsystem.o)
                                                  ../../lib/libbtwam.a(gimbals.o)
                                                  ../../lib/libbtwam.a(btwam.o)
                                                  btdiag.o
CTS2                                              ../../lib/libbtsystem.a(btcan_peakesd.o)
                                                  ../../lib/libbtsystem.a(btsystem.o)
                                                  ../../lib/libbtwam.a(gimbals.o)
                                                  ../../lib/libbtwam.a(btwam.o)
                                                  btdiag.o
C_q                                               ../../lib/libbtsystem.a(btmath.o)
C_v3                                              ../../lib/libbtsystem.a(btmath.o)
                                                  ../../lib/libbtsystem.a(btrobot.o)
CalcSegment                                       ../../lib/libbtsystem.a(btcontrol.o)
Cleanup                                           btdiag.o
CloseDL                                           ../../lib/libbtsystem.a(btlogger.o)
                                                  ../../lib/libbtwam.a(btwam.o)
                                                  btdiag.o
CloseSystem                                       ../../lib/libbtsystem.a(btsystem.o)
                                                  ../../lib/libbtwam.a(btwam.o)
                                                  btdiag.o
CloseWAM                                          ../../lib/libbtwam.a(btwam.o)
D                                                 ../../lib/libbtsystem.a(btcan_peakesd.o)
                                                  ../../lib/libbtsystem.a(btsystem.o)
                                                  ../../lib/libbtwam.a(gimbals.o)
                                                  ../../lib/libbtwam.a(btwam.o)
                                                  btdiag.o
DEF                                               ../../lib/libbtsystem.a(btcan_peakesd.o)
                                                  ../../lib/libbtsystem.a(btsystem.o)
                                                  ../../lib/libbtwam.a(gimbals.o)
                                                  ../../lib/libbtwam.a(btwam.o)
                                                  btdiag.o
DIG0                                              ../../lib/libbtsystem.a(btcan_peakesd.o)
                                                  ../../lib/libbtsystem.a(btsystem.o)