Archive member included to satisfy reference by file (symbol)

../../lib/libbtwam.a(btwam.o)
                              main.o (OpenWAM)
../../lib/libbtwam.a(gimbals.o)
                              ../../lib/libbtwam.a(btwam.o) (gimbalsInit)
../../lib/libbtsystem.a(btsystem.o)
                              ../../lib/libbtwam.a(btwam.o) (buses)
../../lib/libbtsystem.a(btlogger.o)
                              ../../lib/libbtwam.a(btwam.o) (PrepDL)
../../lib/libbtsystem.a(btcan_peakesd.o)
                              ../../lib/libbtsystem.a(btsystem.o) (initCAN)
../../lib/libbtsystem.a(btrobot.o)
                              ../../lib/libbtwam.a(btwam.o) (new_bot)
../../lib/libbtsystem.a(btmath.o)
                              ../../lib/libbtwam.a(btwam.o) (fill_vn)
../../lib/libbtsystem.a(btos.o)
                              ../../lib/libbtwam.a(btwam.o) (test_and_log)
../../lib/libbtsystem.a(btcontrol.o)
                              ../../lib/libbtwam.a(btwam.o) (init_btPID)
../../lib/libbtsystem.a(bthaptics.o)
                              main.o (new_bthaptic_scene)
../../lib/libbtsystem.a(btstatecontrol.o)
                              ../../lib/libbtwam.a(btwam.o) (map_btstatecontrol)
../../lib/libbtsystem.a(btgeometry.o)
                              main.o (init_state_btg)
../../lib/libbtsystem.a(btparser.o)
                              ../../lib/libbtwam.a(btwam.o) (parseFile)
../../lib/libbtsystem.a(btseg.o)
                              ../../lib/libbtsystem.a(btcontrol.o) (destroy_pavn)
../../lib/libbtsystem.a(btpath.o)
                              ../../lib/libbtsystem.a(btcontrol.o) (new_pwl)
/usr/lib/x86_64-linux-gnu/libc_nonshared.a(elf-init.oS)
                              /usr/lib/gcc/x86_64-linux-gnu/7/../../../x86_64-linux-gnu/Scrt1.o (__libc_csu_init)
/usr/lib/x86_64-linux-gnu/libc_nonshared.a(atexit.oS)
                              main.o (atexit)

As-needed library included to satisfy reference by file (symbol)

libncurses.so.5               main.o (noecho@@NCURSES_5.0.19991023)
libtinfo.so.5                 main.o (wtimeout@@NCURSES_TINFO_5.0.19991023)
libm.so.6                     ../../lib/libbtsystem.a(btmath.o) (acos@@GLIBC_2.2.5)
libtrank.so.0                 ../../lib/libbtwam.a(btwam.o) (rt_task_set_periodic)
libalchemy.so.0               /usr/lib/libtrank.so (__current_rt_alarm_create)

Allocating common symbols
Common symbol       size              file

GAIN1               0x4               main.o
MCV                 0x4               main.o
LFDP                0x4               main.o
planes              0xa0              main.o
X1                  0x4               main.o
LOG2                0x4               main.o
FET0                0x4               main.o
VLOGIC              0x4               main.o
ZERO                0x4               main.o
mask                0xc               ../../lib/libbtsystem.a(btcan_peakesd.o)
ERROR               0x4               main.o
DUMP                0x4               main.o
HSG                 0x4               main.o
UPSECS              0x4               main.o
TSTOP               0x4               main.o
X5                  0x4               main.o
startDone           0x4               main.o
JP2                 0x4               main.o
extVel              0x8               ../../lib/libbtsystem.a(bthaptics.o)
TENST               0x4               main.o
KI                  0x4               main.o
CTS                 0x4               main.o
VERS                0x4               main.o
IFAULT              0x4               main.o
backtracesize       0x4               ../../lib/libbtsystem.a(btos.o)
JOFST2              0x4               main.o
LFV                 0x4               main.o
UNITS               0x4               main.o
GRPC                0x4               main.o
HALLH               0x4               main.o
_DS                 0x4               main.o
hdr                 0xff              ../../lib/libbtsystem.a(btparser.o)
COMMON_END          0x4               main.o
BAUD                0x4               main.o
LCVC                0x4               main.o
setBrake            0x8               ../../lib/libbtsystem.a(bthaptics.o)
VALUE32             0x4               main.o
VOLTL1              0x4               main.o
D                   0x4               main.o
P_OLD               0x4               main.o
ID                  0x4               main.o
btptrs              0x1f40            ../../lib/libbtsystem.a(btmath.o)
backtracearray      0x190             ../../lib/libbtsystem.a(btos.o)
HOLD                0x4               main.o
SAVE                0x4               main.o
T                   0x4               main.o
IKP                 0x4               main.o
P                   0x4               main.o
brake               0x4               ../../lib/libbtsystem.a(bthaptics.o)
wickedwalls         0x1e0             main.o
STAT                0x4               main.o
[...]
Memory Configuration

Name             Origin             Length             Attributes
*default*        0x0000000000000000 0xffffffffffffffff

Linker script and memory map

LOAD /usr/lib/gcc/x86_64-linux-gnu/7/../../../x86_64-linux-gnu/Scrt1.o
LOAD /usr/lib/gcc/x86_64-linux-gnu/7/../../../x86_64-linux-gnu/crti.o
LOAD /usr/lib/gcc/x86_64-linux-gnu/7/crtbeginS.o
LOAD main.o
LOAD /usr/lib/gcc/x86_64-linux-gnu/7/../../../x86_64-linux-gnu/libpthread.so
START GROUP
LOAD /lib/x86_64-linux-gnu/libpthread.so.0
LOAD /usr/lib/x86_64-linux-gnu/libpthread_nonshared.a
END GROUP
LOAD /usr/lib/gcc/x86_64-linux-gnu/7/../../../x86_64-linux-gnu/libncurses.so
LOAD /lib/x86_64-linux-gnu/libncurses.so.5
LOAD /usr/lib/gcc/x86_64-linux-gnu/7/../../../x86_64-linux-gnu/libtinfo.so
LOAD ../../lib/libbtwam.a
LOAD ../../lib/libbtsystem.a
LOAD /usr/lib/gcc/x86_64-linux-gnu/7/../../../x86_64-linux-gnu/libm.so
START GROUP
LOAD /lib/x86_64-linux-gnu/libm.so.6
LOAD /usr/lib/x86_64-linux-gnu/libmvec_nonshared.a
LOAD /lib/x86_64-linux-gnu/libmvec.so.1
END GROUP
LOAD /usr/lib/libtrank.so
LOAD /usr/lib/libalchemy.so
LOAD /usr/lib/libalchemy.so
LOAD /usr/lib/libcopperplate.so
LOAD /usr/xenomai/lib/xenomai/bootstrap.o
LOAD /usr/lib/libcobalt.so
LOAD /usr/lib/libmodechk.so
LOAD /usr/lib/gcc/x86_64-linux-gnu/7/../../../x86_64-linux-gnu/libpthread.so
START GROUP
LOAD /lib/x86_64-linux-gnu/libpthread.so.0
LOAD /usr/lib/x86_64-linux-gnu/libpthread_nonshared.a
END GROUP
LOAD /usr/lib/gcc/x86_64-linux-gnu/7/../../../x86_64-linux-gnu/librt.so
LOAD /usr/lib/libalchemy.so
LOAD /usr/lib/gcc/x86_64-linux-gnu/7/libgcc.a
LOAD /usr/lib/gcc/x86_64-linux-gnu/7/libgcc_s.so
START GROUP
LOAD /usr/lib/gcc/x86_64-linux-gnu/7/libgcc_s.so.1
LOAD /usr/lib/gcc/x86_64-linux-gnu/7/libgcc.a
END GROUP
LOAD /usr/lib/gcc/x86_64-linux-gnu/7/../../../x86_64-linux-gnu/libc.so
START GROUP
LOAD /lib/x86_64-linux-gnu/libc.so.6
LOAD /usr/lib/x86_64-linux-gnu/libc_nonshared.a
LOAD /lib/x86_64-linux-gnu/ld-linux-x86-64.so.2
END GROUP
LOAD /usr/lib/gcc/x86_64-linux-gnu/7/libgcc.a
LOAD /usr/lib/gcc/x86_64-linux-gnu/7/libgcc_s.so
START GROUP
LOAD /usr/lib/gcc/x86_64-linux-gnu/7/libgcc_s.so.1
LOAD /usr/lib/gcc/x86_64-linux-gnu/7/libgcc.a
END GROUP
LOAD /usr/lib/gcc/x86_64-linux-gnu/7/crtendS.o
LOAD /usr/lib/gcc/x86_64-linux-gnu/7/../../../x86_64-linux-gnu/crtn.o
                [!provide]                        PROVIDE (__executable_start = SEGMENT_START ("text-segment", 0x0))
                0x0000000000000238                . = (SEGMENT_START ("text-segment", 0x0) + SIZEOF_HEADERS)

.interp         0x0000000000000238       0x1c
 *(.interp)
 .interp        0x0000000000000238       0x1c /usr/lib/gcc/x86_64-linux-gnu/7/../../../x86_64-linux-gnu/Scrt1.o

.note.ABI-tag   0x0000000000000254       0x20
 .note.ABI-tag  0x0000000000000254       0x20 /usr/lib/gcc/x86_64-linux-gnu/7/../../../x86_64-linux-gnu/Scrt1.o

.note.gnu.build-id
                0x0000000000000274       0x24
 *(.note.gnu.build-id)
 .note.gnu.build-id
                0x0000000000000274       0x24 /usr/lib/gcc/x86_64-linux-gnu/7/../../../x86_64-linux-gnu/Scrt1.o

.hash
 *(.hash)

.gnu.hash       0x0000000000000298     0x15cc
 *(.gnu.hash)
 .gnu.hash      0x0000000000000298     0x15cc /usr/lib/gcc/x86_64-linux-gnu/7/../../../x86_64-linux-gnu/Scrt1.o

.dynsym         0x0000000000001868     0x4ff8
 *(.dynsym)
 .dynsym        0x0000000000001868     0x4ff8 /usr/lib/gcc/x86_64-linux-gnu/7/../../../x86_64-linux-gnu/Scrt1.o

.dynstr         0x0000000000006860     0x237a
 *(.dynstr)
 .dynstr        0x0000000000006860     0x237a /usr/lib/gcc/x86_64-linux-gnu/7/../../../x86_64-linux-gnu/Scrt1.o

.gnu.version    0x0000000000008bda      0x6aa
 *(.gnu.version)
 .gnu.version   0x0000000000008bda      0x6aa /usr/lib/gcc/x86_64-linux-gnu/7/../../../x86_64-linux-gnu/Scrt1.o

.gnu.version_d  0x0000000000009288        0x0
 *(.gnu.version_d)
 .gnu.version_d
                0x0000000000009288        0x0 /usr/lib/gcc/x86_64-linux-gnu/7/../../../x86_64-linux-gnu/Scrt1.o

.gnu.version_r  0x0000000000009288       0xd0
 *(.gnu.version_r)
 .gnu.version_r
                0x0000000000009288       0xd0 /usr/lib/gcc/x86_64-linux-gnu/7/../../../x86_64-linux-gnu/Scrt1.o

.rela.dyn       0x0000000000009358      0x138
 *(.rela.init)
 *(.rela.text .rela.text.* .rela.gnu.linkonce.t.*)
 .rela.text     0x0000000000009358        0x0 /usr/lib/gcc/x86_64-linux-gnu/7/../../../x86_64-linux-gnu/Scrt1.o
 *(.rela.fini)
 *(.rela.rodata .rela.rodata.* .rela.gnu.linkonce.r.*)
 *(.rela.data .rela.data.* .rela.gnu.linkonce.d.*)
 .rela.data.rel.ro
                0x0000000000009358        0x0 /usr/lib/gcc/x86_64-linux-gnu/7/../../../x86_64-linux-gnu/Scrt1.o
 .rela.data.rel.local
                0x0000000000009358       0x18 /usr/lib/gcc/x86_64-linux-gnu/7/../../../x86_64-linux-gnu/Scrt1.o
 *(.rela.tdata .rela.tdata.* .rela.gnu.linkonce.td.*)
 *(.rela.tbss .rela.tbss.* .rela.gnu.linkonce.tb.*)
 *(.rela.ctors)
 *(.rela.dtors)
 *(.rela.got)
 .rela.got      0x0000000000009370       0xa8 /usr/lib/gcc/x86_64-linux-gnu/7/../../../x86_64-linux-gnu/Scrt1.o
 *(.rela.bss .rela.bss.* .rela.gnu.linkonce.b.*)
 .rela.bss      0x0000000000009418       0x30 /usr/lib/gcc/x86_64-linux-gnu/7/../../../x86_64-linux-gnu/Scrt1.o
 *(.rela.ldata .rela.ldata.* .rela.gnu.linkonce.l.*)
 *(.rela.lbss .rela.lbss.* .rela.gnu.linkonce.lb.*)
 *(.rela.lrodata .rela.lrodata.* .rela.gnu.linkonce.lr.*)
 *(.rela.ifunc)
 .rela.ifunc    0x0000000000009448        0x0 /usr/lib/gcc/x86_64-linux-gnu/7/../../../x86_64-linux-gnu/Scrt1.o
 .rela.fini_array
                0x0000000000009448       0x18 /usr/lib/gcc/x86_64-linux-gnu/7/../../../x86_64-linux-gnu/Scrt1.o
 .rela.init_array
                0x0000000000009460       0x18 /usr/lib/gcc/x86_64-linux-gnu/7/../../../x86_64-linux-gnu/Scrt1.o
 .rela.init_array.00220
                0x0000000000009478       0x18 /usr/lib/gcc/x86_64-linux-gnu/7/../../../x86_64-linux-gnu/Scrt1.o

.rela.plt       0x0000000000009490      0x9a8
 *(.rela.plt)
 .rela.plt      0x0000000000009490      0x9a8 /usr/lib/gcc/x86_64-linux-gnu/7/../../../x86_64-linux-gnu/Scrt1.o
                [!provide]                        PROVIDE (__rela_iplt_start = .)
 *(.rela.iplt)
                [!provide]                        PROVIDE (__rela_iplt_end = .)

.init           0x0000000000009e38       0x17
 *(SORT_NONE(.init))
 .init          0x0000000000009e38       0x12 /usr/lib/gcc/x86_64-linux-gnu/7/../../../x86_64-linux-gnu/crti.o
                0x0000000000009e38                _init
 .init          0x0000000000009e4a        0x5 /usr/lib/gcc/x86_64-linux-gnu/7/../../../x86_64-linux-gnu/crtn.o

.plt            0x0000000000009e50      0x680
 *(.plt)
 .plt           0x0000000000009e50      0x680 /usr/lib/gcc/x86_64-linux-gnu/7/../../../x86_64-linux-gnu/Scrt1.o
 *(.iplt)

.plt.got        0x000000000000a4d0        0x8
 *(.plt.got)
 .plt.got       0x000000000000a4d0        0x8 /usr/lib/gcc/x86_64-linux-gnu/7/../../../x86_64-linux-gnu/Scrt1.o

.plt.sec
 *(.plt.sec)

.text           0x000000000000a4e0    0x2886e
 *(.text.unlikely .text.*_unlikely .text.unlikely.*)
 *(.text.exit .text.exit.*)
 *(.text.startup .text.startup.*)
 .text.startup  0x000000000000a4e0      0x18d /usr/xenomai/lib/xenomai/bootstrap.o
 *(.text.hot .text.hot.*)
 *(.text .stub .text.* .gnu.linkonce.t.*)
 *fill*         0x000000000000a66d        0x3 
 .text          0x000000000000a670       0x2b /usr/lib/gcc/x86_64-linux-gnu/7/../../../x86_64-linux-gnu/Scrt1.o
                0x000000000000a670                _start
 .text          0x000000000000a69b        0x0 /usr/lib/gcc/x86_64-linux-gnu/7/../../../x86_64-linux-gnu/crti.o
 *fill*         0x000000000000a69b        0x5 
 .text          0x000000000000a6a0       0xda /usr/lib/gcc/x86_64-linux-gnu/7/crtbeginS.o
 .text          0x000000000000a77a      0xc70 main.o
                0x000000000000a77a                sigint_handler
                0x000000000000a792                rt_thread
                0x000000000000a8c0                Cleanup
                0x000000000000a8fb                WAMcallback
                0x000000000000a992                init_haptics
                0x000000000000aef8                main
 .text          0x000000000000b3ea     0x49ad ../../lib/libbtwam.a(btwam.o)
                0x000000000000b3ea                warn_upon_switch
                0x000000000000b4b5                InitVectors
                0x000000000000b9e4                OpenWAM
                0x000000000000d73b                CloseWAM
                0x000000000000d754                MotorID_From_ActIdx
                0x000000000000d77b                WAMMaintenanceThread
                0x000000000000d823                WAMControlThread
                0x000000000000eaa2                ActAngle2Mpos
                0x000000000000eb32                Mtrq2ActTrq
                0x000000000000ebe2                Mpos2Jpos
                0x000000000000ec8a                Jpos2Mpos
                0x000000000000ed32                Jtrq2Mtrq
                0x000000000000edda                DefineWAMpos
                0x000000000000f037                SetCartesianSpace
                0x000000000000f0da                SetJointSpace
                0x000000000000f17d                SetPositionConstraint
                0x000000000000f1e3                MoveSetup
                0x000000000000f225                MoveWAM
                0x000000000000f2a0                MoveIsDone
                0x000000000000f2e3                MoveStop
                0x000000000000f305                ParkWAM
                0x000000000000f362                GetGravityComp
                0x000000000000f390                SetGravityComp
                0x000000000000f3c4                SetGravityUsingCalibrated
                0x000000000000f3ee                GetGravityUsingCalibrated
                0x000000000000f417                GetGravityIsCalibrated
                0x000000000000f440                GCompSample
                0x000000000000f548                getLagrangian4
                0x000000000000f706                setSafetyLimits
                0x000000000000f86e                DumpWAM2Syslog
                0x000000000000fb39                StartContinuousTeach
                0x000000000000fcc2                StopContinuousTeach
                0x000000000000fcf5                ServiceContinuousTeach
                0x000000000000fd16                registerWAMcallback
                0x000000000000fd4f                registerWAMmotorcallback
                0x000000000000fd88                BlankWAMcallback
 .text          0x000000000000fd97      0x16d ../../lib/libbtwam.a(gimbals.o)
                0x000000000000fd97                getGimbalsAngles
                0x000000000000fe84                initGimbals
 .text          0x000000000000ff04     0x4366 ../../lib/libbtsystem.a(btsystem.o)
                0x000000000000ff04                DiscoverSystem
                0x000000000000ff0b                ReadSystemFromConfig
                0x00000000000102a7                InitializeSystem
                0x0000000000011392                EnumerateSystem
                0x0000000000011a05                CloseSystem
                0x0000000000011a32                DumpData2Syslog
                0x0000000000011fae                GetActuators
                0x0000000000012054                GetBuses
                0x000000000001209e                GetPositions
                0x00000000000125e4                SetTorques
                0x0000000000012c37                GetProp
                0x0000000000012e9c                SetProp
                0x0000000000012fb6                SetByID
                0x0000000000012fef                TurnaroundTime
                0x00000000000130d1                AllIndexed
                0x000000000001311e                EnergizeActuators
                0x000000000001319f                IdleActuators
                0x00000000000131e5                SetEngrUnits
                0x000000000001322f                SetTRC
                0x0000000000013362                ThereIsTRC
                0x00000000000133d3                Load_Actuator_File
                0x0000000000013f23                Load_Bus_File
 .text          0x000000000001426a     0x14ab ../../lib/libbtsystem.a(btlogger.o)
                0x000000000001426a                PrepDL
                0x00000000000142f8                AddDataDL
                0x00000000000143fa                DataSizeDL
                0x0000000000014453                InitDL
                0x000000000001457b                DLon
                0x0000000000014591                DLoff
                0x00000000000145a7                CloseDL
                0x0000000000014602                TriggerDL
                0x00000000000146ed                InitDataFileDL
                0x00000000000147f0                UpdateDL
                0x0000000000014873                DLwrite
                0x00000000000149ac                flushDL
                0x0000000000014a95                evalDL
                0x0000000000014abb                DecodeDL
 .text          0x0000000000015715     0x2c1e ../../lib/libbtsystem.a(btcan_peakesd.o)
                0x000000000001591e                allowMessage
                0x000000000001592e                initCAN
                0x0000000000015c94                freeCAN
                0x0000000000015d42                canReadMsg
                0x0000000000015f36                canSendMsg
                0x000000000001608d                canClearMsg
                0x0000000000016114                wakePuck
                0x0000000000016150                setTorques
                0x0000000000016315                getPositions
                0x00000000000164a2                setProperty
                0x000000000001659d                getProperty
                0x00000000000166dc                getBusStatus
                0x000000000001691c                parseMessage
                0x0000000000016ce6                compile
                0x0000000000016d80                initPropertyDefs
 .text          0x0000000000018333     0x448d ../../lib/libbtsystem.a(btrobot.o)
                0x0000000000018333                new_btlink
                0x0000000000018703                new_bot
                0x0000000000018b73                link_geom_bot
                0x0000000000018f12                tool_geom_bot
                0x00000000000190af                tool_trans_bot
                0x000000000001914b                link_mass_bot
                0x00000000000192cb                tool_mass_bot
                0x000000000001937a                make_transform_btlink
                0x0000000000019562                set_gravity_bot
                0x00000000000195c1                get_gravity_bot
                0x00000000000195d8                set_gravity_bot_calibrated
                0x000000000001960e                get_gravity_bot_calibrated
                0x000000000001961f                get_gravity_bot_is_calibrated
                0x0000000000019630                set_q_bot
                0x0000000000019690                get_t_bot
                0x00000000000196ba                eval_fk_bot
                0x0000000000019e58                eval_fj_bot
                0x000000000001a3b1                Ln_to_W_bot
                0x000000000001a403                T_to_W_bot
                0x000000000001a430                Ln_to_W_trans_bot
                0x000000000001a46b                T_to_W_trans_bot
                0x000000000001a481                eval_fd_bot
                0x000000000001ad12                eval_bd_bot
                0x000000000001b402                get_gravity_torques
                0x000000000001be61                apply_force_bot
                0x000000000001c134                apply_tool_force_bot
                0x000000000001c29d                dumptofile_bot
                0x000000000001c467                test_btrobot
 .text          0x000000000001c7c0     0xb677 ../../lib/libbtsystem.a(btmath.o)
                0x000000000001c7c0                addbtptr
                0x000000000001c833                rembtptr
                0x000000000001c88c                freebtptr
                0x000000000001c90a                fill_vn
                0x000000000001c951                new_vn
                0x000000000001c9b3                init_vn
                0x000000000001ca3e                destroy_vn
                0x000000000001ca59                init_local_vn
                0x000000000001caec                len_vn
                0x000000000001cafd                sizeof_vn
                0x000000000001cb17                new_vn_group
                0x000000000001cc4c                set_vn
                0x000000000001ccca                setrange_vn
                0x000000000001cd34                extract_vn
                0x000000000001cd8d                valptr_vn
                0x000000000001cd9f                inject_vn
                0x000000000001cdf8                setval_vn
                0x000000000001ce29                getval_vn
                0x000000000001ce4f                const_vn
                0x000000000001cf92                einit_vn
                0x000000000001cfd5                subset_vn
                0x000000000001d052                reset_vn
                0x000000000001d06e                neg_vn
                0x000000000001d0d9                scale_vn
                0x000000000001d142                add_vn
                0x000000000001d1c2                sub_vn
                0x000000000001d242                dot_vn
                0x000000000001d2bb                norm_vn
                0x000000000001d34f                angle_vn
                0x000000000001d3cb                unit_vn
                0x000000000001d492                unit_interp_vn
                0x000000000001d4ee                interp_vn
                0x000000000001d55d                bound_vn
                0x000000000001d620                e_mul_vn
                0x000000000001d6a0                e_div_vn
                0x000000000001d774                e_pow_vn
                0x000000000001d7fd                e_sqrt_vn
                0x000000000001d878                e_sqr_vn
                0x000000000001d8f4                print_vn
                0x000000000001d969                sprint_vn
                0x000000000001da5e                syslog_vn
                0x000000000001daca                sprint_csv_vn
                0x000000000001db86                sprint_plt_vn
                0x000000000001dc42                strcount_vn
                0x000000000001df25                strto_vn
                0x000000000001e036                sscan_vn
                0x000000000001e114                csvto_vn
                0x000000000001e1fc                test_vn
                0x000000000001e5f9                new_vr
                0x000000000001e70e                destroy_vr
                0x000000000001e729                idx_vr
                0x000000000001e76b                lval_vr
                0x000000000001e7ad                rval_vr
                0x000000000001e7ef                edit_vr
                0x000000000001e832                mapdat_vr
                0x000000000001e86c                getvn_vr
                0x000000000001e8c9                append_vr
                0x000000000001e933                next_vr
                0x000000000001e961                prev_vr
                0x000000000001e988                start_vr
                0x000000000001e99e                end_vr
                0x000000000001e9b7                edit_at_vr
                0x000000000001e9ec                edit_point_vr
                0x000000000001e9fd                insert_vr
                0x000000000001ead1                delete_vr
                0x000000000001eb95                numrows_vr
                0x000000000001eba6                numelements_vr
                0x000000000001ebb7                maxrows_vr
                0x000000000001ebc8                copy_sub_vr
                0x000000000001ecab                resize_vr
                0x000000000001ed48                clear_vr
                0x000000000001ed5e                arclength_vr
                0x000000000001ede6                read_csv_file_vr
                0x000000000001f10d                write_csv_file_vr
                0x000000000001f246                test_vr
                0x000000000001f382                fill_v3
                0x000000000001f3cd                new_v3
                0x000000000001f460                init_staticv3
                0x000000000001f4e9                set_v3
                0x000000000001f54d                const_v3
                0x000000000001f5a5                C_v3
                0x000000000001f631                setval_v3
                0x000000000001f662                getval_v3
                0x000000000001f688                neg_v3
                0x000000000001f71e                scale_v3
                0x000000000001f7a4                add_v3
                0x000000000001f852                sub_v3
                0x000000000001f900                cross_v3
                0x000000000001fa63                dot_v3
                0x000000000001fadd                norm_v3
                0x000000000001fb6a                unit_v3
                0x000000000001fcbb                print_v3
                0x000000000001fd29                sprint_v3
                0x000000000001fe0f                test_v3
                0x00000000000201ce                fill_q
                0x000000000002022e                new_q
                0x00000000000202c1                set_q
                0x0000000000020342                const_q
                0x00000000000203b4                C_q
                0x0000000000020459                setval_q
                0x000000000002048a                getval_q
                0x00000000000204b0                extract_q
                0x0000000000020509                inject_q
                0x0000000000020562                conj_q
                0x000000000002061b                add_q
                0x0000000000020700                sub_q
                0x00000000000207e5                scale_q
                0x0000000000020893                dot_q
                0x0000000000020935                norm_q
                0x00000000000209ea                unit_q
                0x0000000000020b19                inv_q
                0x0000000000020c54                pow_q
                0x0000000000020c93                mul_q
                0x0000000000020f8f                exp_q
                0x0000000000021174                log_q
                0x00000000000212e1                R_to_q
                0x0000000000021454                q_to_R
                0x00000000000216cb                GCdist_q
                0x000000000002173c                GCaxis_q
                0x00000000000217ad                force_closest_q
                0x00000000000218cc                angle_q
                0x0000000000021953                axis_q
                0x00000000000219da                new_mn
                0x0000000000021acb                new_mn_ptr
                0x0000000000021b8d                destroy_mn
                0x0000000000021ba8                set_mn
                0x0000000000021c67                ident_mn
                0x0000000000021d19                zero_mn
                0x0000000000021d6a                setrow_mn
                0x0000000000021e07                setcol_mn
                0x0000000000021ea4                getcol_mn
                0x0000000000021f41                getval_mn
                0x0000000000021f78                setval_mn
                0x0000000000021fba                scale_mn
                0x0000000000022033                mul_mn
                0x0000000000022215                T_mn
                0x00000000000222ce                add_mn
                0x00000000000223d3                matXvec_mn
                0x00000000000224c9                sprint_mn
                0x0000000000022623                sprint_mh
                0x0000000000022780                strto_mn
                0x00000000000229ae                new_mh
                0x0000000000022a72                set_mh
                0x0000000000022bd8                setrow_mh
                0x0000000000022c53                getcol_mh
                0x0000000000022ccc                ident_mh
                0x0000000000022e23                mul_mh
                0x0000000000023547                setmul_mh
                0x0000000000023c41                matXvec_mh
                0x0000000000023e58                getval_mh
                0x0000000000023e8d                print_mh
                0x0000000000023f25                test_mh
                0x00000000000240c4                bench_mh
                0x000000000002412c                new_m3
                0x000000000002413c                set_m3
                0x00000000000242a2                setrow_m3
                0x0000000000024307                ident_m3
                0x000000000002440a                getcol_m3
                0x0000000000024483                getval_m3
                0x00000000000244b8                mul_m3
                0x0000000000024a54                setmul_m3
                0x0000000000024fc6                T_m3
                0x00000000000250e5                matr_mnXvect_3
                0x000000000002527b                matXvec_m3
                0x0000000000025456                matTXvec_m3
                0x0000000000025631                eqaxis_m3
                0x0000000000025796                RtoXYZf_m3
                0x00000000000259c1                RtoZYZf_m3
                0x0000000000025bf5                XYZftoR_m3
                0x0000000000025dc5                new_btfilter
                0x0000000000025e86                syslog_filter
                0x0000000000026048                eval_btfilter
                0x00000000000261ba                init_btfilter_diff
                0x000000000002649a                init_btfilter_butterworth_diff
                0x000000000002662f                init_btfilter_lowpass
                0x0000000000026850                atan2_bt
                0x000000000002691a                interp_bt
                0x000000000002698c                interpolate_bt
                0x0000000000026a10                new_btfilter_vn
                0x0000000000026af4                eval_btfilter_vn
                0x0000000000026ce0                init_btfilter_vn_butterworth_diff
                0x0000000000026ef2                init_btfilter_vn_diff
                0x00000000000272cb                test_btfilter
                0x00000000000273ee                test_filter_vn
                0x00000000000275c2                max_bt
                0x00000000000275ea                min_bt
                0x0000000000027612                ludcmp
                0x0000000000027ab6                lubksb
                0x0000000000027cb1                inv_mn
                0x0000000000027da7                det_mn
 .text          0x0000000000027e37      0x979 ../../lib/libbtsystem.a(btos.o)
                0x0000000000027fe0                syslog_backtrace
                0x0000000000028033                btmutex_init
                0x00000000000280a8                btmutex_lock
                0x00000000000280e9                btmutex_unlock
                0x000000000002812a                btptr_ok
                0x000000000002816c                btptr_chk
                0x0000000000028189                idx_bounds_ok
                0x00000000000281de                test_and_log
                0x0000000000028221                btmalloc
                0x0000000000028271                btfree
                0x000000000002829a                new_btthread
                0x00000000000282b6                new_btrt_thread
                0x00000000000282cf                free_btthread
                0x00000000000282ea                btthread_create
                0x00000000000283fd                btthread_done
                0x0000000000028438                btrt_thread_done
                0x0000000000028473                btthread_stop
                0x00000000000284c1                btthread_exit
                0x00000000000284d7                btrt_thread_stop
                0x00000000000284fd                btrt_thread_exit
                0x0000000000028513                btrt_thread_create
                0x000000000002860c                btrt_set_mode_soft
                0x0000000000028627                btrt_set_mode_hard
                0x0000000000028642                btrt_set_mode_warn
                0x000000000002865d                btrt_get_time
                0x0000000000028679                btrt_task_wait_period
                0x000000000002868f                btrt_thread_join
                0x00000000000286af                btrt_mutex_create
                0x00000000000286e7                btrt_mutex_init
                0x000000000002871f                btrt_mutex_lock
                0x000000000002876a                btrt_mutex_unlock
 .text          0x00000000000287b0     0x36a9 ../../lib/libbtsystem.a(btcontrol.o)
                0x00000000000287b0                init_btPID
                0x0000000000028882                init_err_btPID
                0x0000000000028898                reset_btPID
                0x00000000000288f1                start_btPID
                0x0000000000028955                stop_btPID
                0x000000000002898f                step_btPID
                0x0000000000028b6e                sety_btPID
                0x0000000000028bb0                setyref_btPID
                0x0000000000028bf2                setdt_btPID
                0x0000000000028c34                lastresult_btPID
                0x0000000000028c75                eval_btPID
                0x0000000000028cf6                eval_err_btPID
                0x0000000000028d64                setinputs_btPID
                0x0000000000028dcc                setgains_btPID
                0x0000000000028e56                setsaturation_btPID
                0x0000000000028e98                getgains_btPID
                0x0000000000028f05                getinputs_btPID
                0x0000000000028f73                getsaturation_btPID
                0x0000000000028fb7                btposition_interface_mapf_btPID
                0x0000000000028fef                btposition_interface_eval_btPID
                0x00000000000290d7                btposition_interface_reset_btPID
                0x0000000000029126                btposition_interface_pause_btPID
                0x0000000000029175                create_ct
                0x00000000000291bd                readfile_ct
                0x0000000000029229                init_ct
                0x000000000002924a                eval_ct
                0x0000000000029279                done_ct
                0x00000000000292c9                bttrajectory_interface_getstate_ct
                0x00000000000292ff                bttrajectory_interface_reset_ct
                0x000000000002932c                bttrajectory_interface_eval_ct
                0x000000000002938e                bttrajectory_interface_mapf_ct
                0x00000000000293c6                start_via_trj
                0x00000000000298db                eval_via_trj
                0x000000000002a0b4                CalcSegment
                0x000000000002b033                SetAcc_vt
                0x000000000002b054                malloc_vta
                0x000000000002b0b1                read_file_vta
                0x000000000002b1fa                write_file_vta
                0x000000000002b22b                sim_vta
                0x000000000002b426                set_acc_vta
                0x000000000002b4a3                set_vel_vta
                0x000000000002b4c8                new_vta
                0x000000000002b5c2                destroy_vta
                0x000000000002b5fc                next_point_vta
                0x000000000002b622                prev_point_vta
                0x000000000002b648                first_point_vta
                0x000000000002b66e                last_point_vta
                0x000000000002b694                ins_point_vta
                0x000000000002b8f7                del_point_vta
                0x000000000002b923                get_current_idx_vta
                0x000000000002b94f                set_current_idx_vta
                0x000000000002b983                get_current_point_vta
                0x000000000002b9c9                get_vr_vta
                0x000000000002b9e9                dist_adjust_vta
                0x000000000002bb51                time_scale_vta
                0x000000000002bc1a                reset_vta
                0x000000000002bca0                eval_vta
                0x000000000002bcf7                bttrajectory_interface_getstate_vt
                0x000000000002bd27                bttrajectory_interface_reset_vt
                0x000000000002bdc6                bttrajectory_interface_eval_vt
                0x000000000002be21                register_vta
 .text          0x000000000002be59     0x1072 ../../lib/libbtsystem.a(bthaptics.o)
                0x000000000002be59                new_bthaptic_scene
                0x000000000002beaa                eval_bthaptics
                0x000000000002bf74                addobject_bth
                0x000000000002bfe2                removeobject_bth
                0x000000000002c09f                eval_geom_normal_interact_bth
                0x000000000002c113                eval_global_interact_bth
                0x000000000002c19b                init_global_bth
                0x000000000002c237                init_normal_plane_bth
                0x000000000002c2c0                plane_collide_bth
                0x000000000002c2ff                init_normal_sphere_bth
                0x000000000002c388                sphere_collide_bth
                0x000000000002c3c7                init_normal_box_bth
                0x000000000002c450                box_collide_bth
                0x000000000002c49d                init_wall
                0x000000000002c4cd                wall_nf
                0x000000000002c5cb                sheetwall_nf
                0x000000000002c6a8                init_bulletproofwall
                0x000000000002c724                bulletproofwall_nf
                0x000000000002c993                init_wickedwall
                0x000000000002ca07                wickedwall_nf
                0x000000000002cbdc                init_magneticwall
                0x000000000002cc58                magneticwall_nf
 .text          0x000000000002cecb     0x15d5 ../../lib/libbtsystem.a(btstatecontrol.o)
                0x000000000002cecb                setprofile_traptrj
                0x000000000002cf14                start_traptrj
                0x000000000002d078                evaluate_traptrj
                0x000000000002d391                mapdata_bttrj
                0x000000000002d3bb                mapdata_btpos
                0x000000000002d422                map_btstatecontrol
                0x000000000002d513                maptrajectory_bts
                0x000000000002d60b                mapposition_bts
                0x000000000002d6f2                init_bts
                0x000000000002d7ef                eval_trj_bts
                0x000000000002d984                eval_bts
                0x000000000002daab                getmode_bts
                0x000000000002dabb                get_trjstate_bts
                0x000000000002daff                setmode_bts
                0x000000000002dbde                start_trj_bts
                0x000000000002de42                moveto_bts
                0x000000000002e038                moveparm_bts
                0x000000000002e097                movestatus_bts
                0x000000000002e0ab                stop_trj_bts
                0x000000000002e0f0                pause_trj_bts
                0x000000000002e18d                unpause_trj_bts
                0x000000000002e22a                init_btramp
                0x000000000002e291                set_btramp
                0x000000000002e2cd                get_btramp
                0x000000000002e2e2                getstate_btramp
                0x000000000002e2f3                eval_btramp
                0x000000000002e45e                setrate_btramp
 .text          0x000000000002e4a0     0x12df ../../lib/libbtsystem.a(btgeometry.o)
                0x000000000002e4a0                init_state_btg
                0x000000000002e581                eval_state_btg
                0x000000000002e60b                init_pl_btg
                0x000000000002e6f3                D_Pt2Pl
                0x000000000002e754                init_sp_btg
                0x000000000002e7ca                D_Pt2Sp
                0x000000000002e890                D_Pt2Pt
                0x000000000002e9a8                init_bx_btg
                0x000000000002f1ee                D_Pt2Bx
                0x000000000002f624                init_Seg_btg
                0x000000000002f674                set_Seg_btg
                0x000000000002f6fe                D_Ln2Pt
 .text          0x000000000002f77f     0x1033 ../../lib/libbtsystem.a(btparser.o)
                0x000000000002f77f                stripComments
                0x000000000002f7dc                nestLine
                0x000000000002f87b                getKey
                0x000000000002f8f6                assignLine
                0x000000000002fc7c                killLine
                0x000000000002fcd3                parseFile
                0x000000000002fcf4                btParseFile
                0x0000000000030413                parseGetVal
                0x0000000000030441                btParseGetVal
                0x000000000003074b                btParseClose
 .text          0x00000000000307b2     0x1803 ../../lib/libbtsystem.a(btseg.o)
                0x00000000000307b2                dump_pb
                0x0000000000030814                dup_pb
                0x0000000000030879                sp_of_t_pb
                0x00000000000308d9                s_of_t_pb
                0x000000000003095a                s_of_t_pbl
                0x00000000000309e2                sp_of_t_pbl
                0x0000000000030a6a                boundary_pb
                0x0000000000030b07                s0sfspftf_pb
                0x0000000000030be0                blend_pb
                0x0000000000030ca3                new_pa
                0x0000000000030d1b                destroy_pa
                0x0000000000030d36                clear_pa
                0x0000000000030d4c                add_bseg_pa
                0x0000000000030e6c                reset_pa
                0x0000000000030ebf                eval_pa
                0x0000000000030f34                new_pavn
                0x0000000000030fd4                destroy_pavn
                0x0000000000031049                clear_pavn
                0x0000000000031090                reset_pavn
                0x00000000000310f3                eval_pavn
                0x0000000000031168                getstate_pavn
                0x00000000000311bb                vr2pararray
 .text          0x0000000000031fb5      0xcb0 ../../lib/libbtsystem.a(btpath.o)
                0x0000000000031fb5                new_pwl
                0x0000000000031fd1                init_pwl
                0x0000000000032091                init_pwl_from_vectray
                0x0000000000032209                free_pwl
                0x0000000000032234                new_param_by_arclen_pwl
                0x00000000000323c3                idxa_pwl
                0x00000000000323f1                idxb_pwl
                0x000000000003241f                add_arclen_point_pwl
                0x00000000000324f8                add_point_pwl
                0x00000000000325af                clear_pwl
                0x0000000000032617                add_vectray_pwl
                0x0000000000032706                get_segment_pwl
                0x0000000000032827                getnodes_pwl
                0x000000000003284d                getval_pwl
                0x00000000000329c0                ds_pwl
                0x0000000000032bf1                dsinit_pwl
                0x0000000000032c1d                arclength_pwl
 *fill*         0x0000000000032c65        0xb 
 .text          0x0000000000032c70       0x49 /usr/xenomai/lib/xenomai/bootstrap.o
                0x0000000000032c70                xenomai_main
                0x0000000000032c70                __wrap_main
 *fill*         0x0000000000032cb9        0x7 
 .text          0x0000000000032cc0       0x72 /usr/lib/x86_64-linux-gnu/libc_nonshared.a(elf-init.oS)
                0x0000000000032cc0                __libc_csu_init
                0x0000000000032d30                __libc_csu_fini
 *fill*         0x0000000000032d32        0xe 
 .text          0x0000000000032d40        0xe /usr/lib/x86_64-linux-gnu/libc_nonshared.a(atexit.oS)
                0x0000000000032d40                atexit
 .text          0x0000000000032d4e        0x0 /usr/lib/gcc/x86_64-linux-gnu/7/crtendS.o
 .text          0x0000000000032d4e        0x0 /usr/lib/gcc/x86_64-linux-gnu/7/../../../x86_64-linux-gnu/crtn.o
 *(.gnu.warning)

.fini           0x0000000000032d50        0x9
 *(SORT_NONE(.fini))
 .fini          0x0000000000032d50        0x4 /usr/lib/gcc/x86_64-linux-gnu/7/../../../x86_64-linux-gnu/crti.o
                0x0000000000032d50                _fini
 .fini          0x0000000000032d54        0x5 /usr/lib/gcc/x86_64-linux-gnu/7/../../../x86_64-linux-gnu/crtn.o
                [!provide]                        PROVIDE (__etext = .)
                [!provide]                        PROVIDE (_etext = .)
                [!provide]                        PROVIDE (etext = .)

.rodata         0x0000000000032d60     0x3548
 *(.rodata .rodata.* .gnu.linkonce.r.*)
 .rodata.cst4   0x0000000000032d60        0x4 /usr/lib/gcc/x86_64-linux-gnu/7/../../../x86_64-linux-gnu/Scrt1.o
                0x0000000000032d60                _IO_stdin_used
 *fill*         0x0000000000032d64        0x4 
 .rodata        0x0000000000032d68      0x390 main.o
 *fill*         0x00000000000330f8        0x8 
 .rodata        0x0000000000033100      0x690 ../../lib/libbtwam.a(btwam.o)
 .rodata        0x0000000000033790        0x8 ../../lib/libbtwam.a(gimbals.o)
 .rodata        0x0000000000033798      0xf00 ../../lib/libbtsystem.a(btsystem.o)
 .rodata        0x0000000000034698      0x164 ../../lib/libbtsystem.a(btlogger.o)
 *fill*         0x00000000000347fc        0x4 
 .rodata        0x0000000000034800      0x589 ../../lib/libbtsystem.a(btcan_peakesd.o)
                0x0000000000034800                dataType
 *fill*         0x0000000000034d89        0x7 
 .rodata        0x0000000000034d90      0x1b0 ../../lib/libbtsystem.a(btrobot.o)
 .rodata        0x0000000000034f40      0x768 ../../lib/libbtsystem.a(btmath.o)
 .rodata        0x00000000000356a8      0x1e7 ../../lib/libbtsystem.a(btos.o)
 *fill*         0x000000000003588f        0x1 
 .rodata        0x0000000000035890      0x5e8 ../../lib/libbtsystem.a(btcontrol.o)
 *fill*         0x0000000000035e78        0x8 
 .rodata        0x0000000000035e80       0x58 ../../lib/libbtsystem.a(bthaptics.o)
 *fill*         0x0000000000035ed8        0x8 
 .rodata        0x0000000000035ee0      0x188 ../../lib/libbtsystem.a(btstatecontrol.o)
 *fill*         0x0000000000036068        0x8 
 .rodata        0x0000000000036070       0x30 ../../lib/libbtsystem.a(btgeometry.o)
 .rodata        0x00000000000360a0       0xbc ../../lib/libbtsystem.a(btparser.o)
 *fill*         0x000000000003615c        0x4 
 .rodata        0x0000000000036160       0xe8 ../../lib/libbtsystem.a(btseg.o)
 *fill*         0x0000000000036248        0x8 
 .rodata        0x0000000000036250       0x40 ../../lib/libbtsystem.a(btpath.o)
 .rodata.str1.1
                0x0000000000036290       0x13 /usr/xenomai/lib/xenomai/bootstrap.o
 *fill*         0x00000000000362a3        0x1 
 .rodata        0x00000000000362a4        0x4 /usr/xenomai/lib/xenomai/bootstrap.o
                0x00000000000362a4                xenomai_auto_bootstrap

.rodata1
 *(.rodata1)

.eh_frame_hdr   0x00000000000362a8     0x10bc
 *(.eh_frame_hdr)
 .eh_frame_hdr  0x00000000000362a8     0x10bc /usr/lib/gcc/x86_64-linux-gnu/7/../../../x86_64-linux-gnu/Scrt1.o
                0x00000000000362a8                __GNU_EH_FRAME_HDR
 *(.eh_frame_entry .eh_frame_entry.*)

.eh_frame       0x0000000000037368     0x43e0
 *(.eh_frame)
 .eh_frame      0x0000000000037368       0x30 /usr/lib/gcc/x86_64-linux-gnu/7/../../../x86_64-linux-gnu/Scrt1.o
                                         0x2c (size before relaxing)
 *fill*         0x0000000000037398        0x0 
 .eh_frame      0x0000000000037398       0x40 /usr/lib/gcc/x86_64-linux-gnu/7/../../../x86_64-linux-gnu/Scrt1.o
 .eh_frame      0x00000000000373d8       0x18 /usr/lib/gcc/x86_64-linux-gnu/7/../../../x86_64-linux-gnu/Scrt1.o
                                         0x30 (size before relaxing)
 .eh_frame      0x00000000000373f0       0xc0 main.o
                                         0xd8 (size before relaxing)
 .eh_frame      0x00000000000374b0      0x490 ../../lib/libbtwam.a(btwam.o)
                                        0x4a8 (size before relaxing)
 .eh_frame      0x0000000000037940       0x40 ../../lib/libbtwam.a(gimbals.o)
                                         0x58 (size before relaxing)
 .eh_frame      0x0000000000037980      0x2c8 ../../lib/libbtsystem.a(btsystem.o)
                                        0x2e0 (size before relaxing)
 .eh_frame      0x0000000000037c48      0x1c0 ../../lib/libbtsystem.a(btlogger.o)
                                        0x1d8 (size before relaxing)
 .eh_frame      0x0000000000037e08      0x2a0 ../../lib/libbtsystem.a(btcan_peakesd.o)
                                        0x2b8 (size before relaxing)
 .eh_frame      0x00000000000380a8      0x3a8 ../../lib/libbtsystem.a(btrobot.o)
                                        0x3c0 (size before relaxing)
 .eh_frame      0x0000000000038450     0x1800 ../../lib/libbtsystem.a(btmath.o)
                                       0x1818 (size before relaxing)
 .eh_frame      0x0000000000039c50      0x478 ../../lib/libbtsystem.a(btos.o)
                                        0x490 (size before relaxing)
 .eh_frame      0x000000000003a0c8      0x7b0 ../../lib/libbtsystem.a(btcontrol.o)
                                        0x7c8 (size before relaxing)
 .eh_frame      0x000000000003a878      0x2c8 ../../lib/libbtsystem.a(bthaptics.o)
                                        0x2e0 (size before relaxing)
 .eh_frame      0x000000000003ab40      0x360 ../../lib/libbtsystem.a(btstatecontrol.o)
                                        0x378 (size before relaxing)
 .eh_frame      0x000000000003aea0      0x188 ../../lib/libbtsystem.a(btgeometry.o)
                                        0x1a0 (size before relaxing)
 .eh_frame      0x000000000003b028      0x148 ../../lib/libbtsystem.a(btparser.o)
                                        0x160 (size before relaxing)
 .eh_frame      0x000000000003b170      0x2c8 ../../lib/libbtsystem.a(btseg.o)
                                        0x2e0 (size before relaxing)
 .eh_frame      0x000000000003b438      0x230 ../../lib/libbtsystem.a(btpath.o)
                                        0x248 (size before relaxing)
 .eh_frame      0x000000000003b668       0x68 /usr/xenomai/lib/xenomai/bootstrap.o
                                         0x80 (size before relaxing)
 .eh_frame      0x000000000003b6d0       0x60 /usr/lib/x86_64-linux-gnu/libc_nonshared.a(elf-init.oS)
                                         0x78 (size before relaxing)
 .eh_frame      0x000000000003b730       0x14 /usr/lib/x86_64-linux-gnu/libc_nonshared.a(atexit.oS)
                                         0x30 (size before relaxing)
 .eh_frame      0x000000000003b744        0x4 /usr/lib/gcc/x86_64-linux-gnu/7/crtendS.o
 *(.eh_frame.*)

.gcc_except_table
 *(.gcc_except_table .gcc_except_table.*)

.gnu_extab
 *(.gnu_extab*)

.exception_ranges
 *(.exception_ranges .exception_ranges*)
                0x000000000023b9c0                . = DATA_SEGMENT_ALIGN (CONSTANT (MAXPAGESIZE), CONSTANT (COMMONPAGESIZE))

.eh_frame
 *(.eh_frame)
 *(.eh_frame.*)

.gnu_extab
 *(.gnu_extab)

.gcc_except_table
 *(.gcc_except_table .gcc_except_table.*)

.exception_ranges
 *(.exception_ranges .exception_ranges*)

.tdata
 *(.tdata .tdata.* .gnu.linkonce.td.*)

.tbss
 *(.tbss .tbss.* .gnu.linkonce.tb.*)
 *(.tcommon)

.preinit_array  0x000000000023b9c0        0x0
                [!provide]                        PROVIDE (__preinit_array_start = .)
 *(.preinit_array)
                [!provide]                        PROVIDE (__preinit_array_end = .)

.init_array     0x000000000023b9c0       0x10
                0x000000000023b9c0                PROVIDE (__init_array_start = .)
 *(SORT_BY_INIT_PRIORITY(.init_array.*) SORT_BY_INIT_PRIORITY(.ctors.*))
 .init_array.00220
                0x000000000023b9c0        0x8 /usr/xenomai/lib/xenomai/bootstrap.o
 *(.init_array EXCLUDE_FILE(*crtend?.o *crtend.o *crtbegin?.o *crtbegin.o) .ctors)
 .init_array    0x000000000023b9c8        0x8 /usr/lib/gcc/x86_64-linux-gnu/7/crtbeginS.o
                0x000000000023b9d0                PROVIDE (__init_array_end = .)

.fini_array     0x000000000023b9d0        0x8
                [!provide]                        PROVIDE (__fini_array_start = .)
 *(SORT_BY_INIT_PRIORITY(.fini_array.*) SORT_BY_INIT_PRIORITY(.dtors.*))
 *(.fini_array EXCLUDE_FILE(*crtend?.o *crtend.o *crtbegin?.o *crtbegin.o) .dtors)
 .fini_array    0x000000000023b9d0        0x8 /usr/lib/gcc/x86_64-linux-gnu/7/crtbeginS.o
                [!provide]                        PROVIDE (__fini_array_end = .)

.ctors
 *crtbegin.o(.ctors)
 *crtbegin?.o(.ctors)
 *(EXCLUDE_FILE(*crtend?.o *crtend.o) .ctors)
 *(SORT_BY_NAME(.ctors.*))
 *(.ctors)

.dtors
 *crtbegin.o(.dtors)
 *crtbegin?.o(.dtors)
 *(EXCLUDE_FILE(*crtend?.o *crtend.o) .dtors)
 *(SORT_BY_NAME(.dtors.*))
 *(.dtors)

.jcr
 *(.jcr)

.data.rel.ro    0x000000000023b9d8        0x0
 *(.data.rel.ro.local* .gnu.linkonce.d.rel.ro.local.*)
 *(.data.rel.ro .data.rel.ro.* .gnu.linkonce.d.rel.ro.*)
 .data.rel.ro   0x000000000023b9d8        0x0 /usr/lib/gcc/x86_64-linux-gnu/7/../../../x86_64-linux-gnu/Scrt1.o

.dynamic        0x000000000023b9d8      0x2a0
 *(.dynamic)
 .dynamic       0x000000000023b9d8      0x2a0 /usr/lib/gcc/x86_64-linux-gnu/7/../../../x86_64-linux-gnu/Scrt1.o
                0x000000000023b9d8                _DYNAMIC

.got            0x000000000023bc78      0x388
 *(.got.plt)
 .got.plt       0x000000000023bc78      0x350 /usr/lib/gcc/x86_64-linux-gnu/7/../../../x86_64-linux-gnu/Scrt1.o
                0x000000000023bc78                _GLOBAL_OFFSET_TABLE_
 *(.igot.plt)
 *(.got)
 .got           0x000000000023bfc8       0x38 /usr/lib/gcc/x86_64-linux-gnu/7/../../../x86_64-linux-gnu/Scrt1.o
 *(.igot)
                0x000000000023c000                . = DATA_SEGMENT_RELRO_END (., 0x0)

.data           0x000000000023c000      0x31d
 *(.data .data.* .gnu.linkonce.d.*)
 .data          0x000000000023c000        0x4 /usr/lib/gcc/x86_64-linux-gnu/7/../../../x86_64-linux-gnu/Scrt1.o
                0x000000000023c000                data_start
                0x000000000023c000                __data_start
 .data          0x000000000023c004        0x0 /usr/lib/gcc/x86_64-linux-gnu/7/../../../x86_64-linux-gnu/crti.o
 .data          0x000000000023c004        0x0 /usr/lib/gcc/x86_64-linux-gnu/7/crtbeginS.o
 *fill*         0x000000000023c004        0x4 
 .data.rel.local
                0x000000000023c008        0x8 /usr/lib/gcc/x86_64-linux-gnu/7/crtbeginS.o
                0x000000000023c008                __dso_handle
 .data          0x000000000023c010        0x0 main.o
 .data          0x000000000023c010        0x0 ../../lib/libbtwam.a(btwam.o)
 .data          0x000000000023c010        0x0 ../../lib/libbtwam.a(gimbals.o)
 .data          0x000000000023c010        0x0 ../../lib/libbtsystem.a(btsystem.o)
 .data          0x000000000023c010        0x0 ../../lib/libbtsystem.a(btlogger.o)
 .data          0x000000000023c010        0x0 ../../lib/libbtsystem.a(btcan_peakesd.o)
 .data          0x000000000023c010        0x0 ../../lib/libbtsystem.a(btrobot.o)
 .data          0x000000000023c010        0x0 ../../lib/libbtsystem.a(btmath.o)
 .data          0x000000000023c010        0x0 ../../lib/libbtsystem.a(btos.o)
 .data          0x000000000023c010        0x0 ../../lib/libbtsystem.a(btcontrol.o)
 .data          0x000000000023c010        0x0 ../../lib/libbtsystem.a(bthaptics.o)
 .data          0x000000000023c010        0x0 ../../lib/libbtsystem.a(btstatecontrol.o)
 .data          0x000000000023c010        0x0 ../../lib/libbtsystem.a(btgeometry.o)
 *fill*         0x000000000023c010       0x10 
 .data          0x000000000023c020      0x2fd ../../lib/libbtsystem.a(btparser.o)
                0x000000000023c020                btparser_default
 .data          0x000000000023c31d        0x0 ../../lib/libbtsystem.a(btseg.o)
 .data          0x000000000023c31d        0x0 ../../lib/libbtsystem.a(btpath.o)
 .data          0x000000000023c31d        0x0 /usr/xenomai/lib/xenomai/bootstrap.o
 .data          0x000000000023c31d        0x0 /usr/lib/x86_64-linux-gnu/libc_nonshared.a(elf-init.oS)
 .data          0x000000000023c31d        0x0 /usr/lib/x86_64-linux-gnu/libc_nonshared.a(atexit.oS)
 .data          0x000000000023c31d        0x0 /usr/lib/gcc/x86_64-linux-gnu/7/crtendS.o
 .data          0x000000000023c31d        0x0 /usr/lib/gcc/x86_64-linux-gnu/7/../../../x86_64-linux-gnu/crtn.o

.tm_clone_table
                0x000000000023c320        0x0
 .tm_clone_table
                0x000000000023c320        0x0 /usr/lib/gcc/x86_64-linux-gnu/7/crtbeginS.o
 .tm_clone_table
                0x000000000023c320        0x0 /usr/lib/gcc/x86_64-linux-gnu/7/crtendS.o

.data1
 *(.data1)
                0x000000000023c320                _edata = .
                [!provide]                        PROVIDE (edata = .)
                0x000000000023c320                . = .
                0x000000000023c320                __bss_start = .

.bss            0x000000000023c320     0x44e8
 *(.dynbss)
 .dynbss        0x000000000023c320       0x68 /usr/lib/gcc/x86_64-linux-gnu/7/../../../x86_64-linux-gnu/Scrt1.o
                0x000000000023c320                stdscr@@NCURSES_TINFO_5.0.19991023
                0x000000000023c340                alchemy_clock
 *(.bss .bss.* .gnu.linkonce.b.*)
 .bss           0x000000000023c388        0x0 /usr/lib/gcc/x86_64-linux-gnu/7/../../../x86_64-linux-gnu/Scrt1.o
 .bss           0x000000000023c388        0x0 /usr/lib/gcc/x86_64-linux-gnu/7/../../../x86_64-linux-gnu/crti.o
 .bss           0x000000000023c388        0x1 /usr/lib/gcc/x86_64-linux-gnu/7/crtbeginS.o
 .bss           0x000000000023c389        0x0 main.o
 *fill*         0x000000000023c389        0x3 
 .bss           0x000000000023c38c        0x4 ../../lib/libbtwam.a(btwam.o)
                0x000000000023c38c                numMaintThreads
 .bss           0x000000000023c390        0x4 ../../lib/libbtwam.a(gimbals.o)
                0x000000000023c390                gimbalsInit
 *fill*         0x000000000023c394        0x4 
 .bss           0x000000000023c398       0x20 ../../lib/libbtsystem.a(btsystem.o)
                0x000000000023c398                act_data_valid
                0x000000000023c39c                extra_pucks
                0x000000000023c3a0                buses
                0x000000000023c3a8                num_buses
                0x000000000023c3ac                bus_data_valid
 .bss           0x000000000023c3b8        0x0 ../../lib/libbtsystem.a(btlogger.o)
 .bss           0x000000000023c3b8        0x0 ../../lib/libbtsystem.a(btcan_peakesd.o)
 .bss           0x000000000023c3b8        0x0 ../../lib/libbtsystem.a(btrobot.o)
 *fill*         0x000000000023c3b8        0x8 
 .bss           0x000000000023c3c0      0x118 ../../lib/libbtsystem.a(btmath.o)
                0x000000000023c3c0                num_btptrs
 .bss           0x000000000023c4d8        0x0 ../../lib/libbtsystem.a(btos.o)
 .bss           0x000000000023c4d8        0x0 ../../lib/libbtsystem.a(btcontrol.o)
 .bss           0x000000000023c4d8        0x8 ../../lib/libbtsystem.a(bthaptics.o)
                0x000000000023c4d8                audio
 .bss           0x000000000023c4e0        0x0 ../../lib/libbtsystem.a(btstatecontrol.o)
 .bss           0x000000000023c4e0        0x0 ../../lib/libbtsystem.a(btgeometry.o)
 .bss           0x000000000023c4e0        0x4 ../../lib/libbtsystem.a(btparser.o)
                0x000000000023c4e0                multi
 .bss           0x000000000023c4e4        0x0 ../../lib/libbtsystem.a(btseg.o)
 .bss           0x000000000023c4e4        0x0 ../../lib/libbtsystem.a(btpath.o)
 *fill*         0x000000000023c4e4        0x4 
 .bss           0x000000000023c4e8        0xc /usr/xenomai/lib/xenomai/bootstrap.o
 .bss           0x000000000023c4f4        0x0 /usr/lib/x86_64-linux-gnu/libc_nonshared.a(elf-init.oS)
 .bss           0x000000000023c4f4        0x0 /usr/lib/x86_64-linux-gnu/libc_nonshared.a(atexit.oS)
 .bss           0x000000000023c4f4        0x0 /usr/lib/gcc/x86_64-linux-gnu/7/crtendS.o
 .bss           0x000000000023c4f4        0x0 /usr/lib/gcc/x86_64-linux-gnu/7/../../../x86_64-linux-gnu/crtn.o
 *(COMMON)
 *fill*         0x000000000023c4f4        0xc 
 COMMON         0x000000000023c500     0x1dcc main.o
                0x000000000023c500                GAIN1
                0x000000000023c504                MCV
                0x000000000023c508                LFDP
                0x000000000023c520                planes
                0x000000000023c5c0                X1
                0x000000000023c5c4                LOG2
                0x000000000023c5c8                FET0
                0x000000000023c5cc                VLOGIC
                0x000000000023c5d0                ZERO
                0x000000000023c5d4                ERROR
                0x000000000023c5d8                DUMP
                0x000000000023c5dc                HSG
                0x000000000023c5e0                UPSECS
                0x000000000023c5e4                TSTOP
                0x000000000023c5e8                X5
                0x000000000023c5ec                startDone
                0x000000000023c5f0                JP2
                0x000000000023c5f4                TENST
                0x000000000023c5f8                KI
                0x000000000023c5fc                CTS
                0x000000000023c600                VERS
                0x000000000023c604                IFAULT
                0x000000000023c608                JOFST2
                0x000000000023c60c                LFV
                0x000000000023c610                UNITS
                0x000000000023c614                GRPC
                0x000000000023c618                HALLH
                0x000000000023c61c                _DS
                0x000000000023c620                COMMON_END
                0x000000000023c624                BAUD
                0x000000000023c628                LCVC
                0x000000000023c62c                VALUE32
                0x000000000023c630                VOLTL1
                0x000000000023c634                D
                0x000000000023c638                P_OLD
                0x000000000023c63c                ID
                0x000000000023c640                HOLD
                0x000000000023c644                SAVE
                0x000000000023c648                T
                0x000000000023c64c                IKP
                0x000000000023c650                P
                0x000000000023c660                wickedwalls
                0x000000000023c840                STAT
                0x000000000023c860                magneticwalls
                0x000000000023ca40                bpwall
                0x000000000023cc20                GAIN2
                0x000000000023cc24                OT2
                0x000000000023cc28                VALUE
                0x000000000023cc2c                LCTC
                0x000000000023cc30                ILOGIC
                0x000000000023cc34                DEF
                0x000000000023cc38                MECH2
                0x000000000023cc3c                CT2
                0x000000000023cc40                LOG3
                0x000000000023cc44                FET1
                0x000000000023cc48                LFS
                0x000000000023cc4c                TL1
                0x000000000023cc50                ADDR
                0x000000000023cc60                boxs
                0x000000000023d110                X2
                0x000000000023d114                X6
                0x000000000023d118                VL1
                0x000000000023d11c                CT
                0x000000000023d120                IPNM
                0x000000000023d124                OFFSET1
                0x000000000023d128                RATIO
                0x000000000023d12c                HALLH2
                0x000000000023d130                E
                0x000000000023d134                PTEMP
                0x000000000023d138                MPE
                0x000000000023d13c                M
                0x000000000023d140                OTEMP
                0x000000000023d144                ECMIN
                0x000000000023d148                ECMAX
                0x000000000023d14c                M2
                0x000000000023d150                TENSO
                0x000000000023d154                MECH
                0x000000000023d158                IMOTOR
                0x000000000023d160                bth
                0x000000000023d178                ISQ
                0x000000000023d17c                IOFF
                0x000000000023d180                VBUS
                0x000000000023d184                ANA1
                0x000000000023d188                GAIN3
                0x000000000023d18c                MV
                0x000000000023d190                VOLTL2
                0x000000000023d194                JP
                0x000000000023d1a0                spheres
                0x000000000023d290                VOLTH1
                0x000000000023d294                JIDX
                0x000000000023d298                LOG4
                0x000000000023d29c                DIG0
                0x000000000023d2a0                IKCOR
                0x000000000023d2a4                X3
                0x000000000023d2a8                FIND
                0x000000000023d2ac                GRPA
                0x000000000023d2b0                OD
                0x000000000023d2b4                HALLS
                0x000000000023d2b8                X7
                0x000000000023d2bc                VL2
                0x000000000023d2c0                THERM
                0x000000000023d2c4                PWR
                0x000000000023d2c8                LFAP
                0x000000000023d2cc                LFT
                0x000000000023d2d0                TL2
                0x000000000023d2d4                OT
                0x000000000023d2d8                OFFSET2
                0x000000000023d2dc                TORQ
                0x000000000023d2e0                ACCEL
                0x000000000023d2e4                TEMP
                0x000000000023d2e8                SAMPLE
                0x000000000023d2ec                IOFST
                0x000000000023d2f0                DP
                0x000000000023d2f4                PIDX
                0x000000000023d2f8                B
                0x000000000023d2fc                IVEL
                0x000000000023d300                MOFST
                0x000000000023d304                LCV
                0x000000000023d308                BRAKE
                0x000000000023d320                wam_thd
                0x000000000023d378                V
                0x000000000023d37c                MDS
                0x000000000023d380                AP
                0x000000000023d3a0                rt_thd
                0x000000000023d3f8                TACTID
                0x000000000023d3fc                LOCK
                0x000000000023d400                VNOM
                0x000000000023d404                CMD
                0x000000000023d408                _LOCK
                0x000000000023d40c                ANA0
                0x000000000023d410                SAFETY_END
                0x000000000023d414                MOV
                0x000000000023d418                JOFST
                0x000000000023d41c                VOLTH2
                0x000000000023d420                TETAE
                0x000000000023d424                P2
                0x000000000023d428                OFFSET3
                0x000000000023d42c                KD
                0x000000000023d430                LOG1
                0x000000000023d434                X0
                0x000000000023d438                DIG1
                0x000000000023d43c                MAXPWR
                0x000000000023d440                objects
                0x000000000023e160                SN
                0x000000000023e180                pstate
                0x000000000023e1a8                LFLAGS
                0x000000000023e1ac                KP
                0x000000000023e1b0                X4
                0x000000000023e1b4                CTS2
                0x000000000023e1b8                TACT
                0x000000000023e1bc                E2
                0x000000000023e1c0                GRPB
                0x000000000023e1c4                EN2
                0x000000000023e1c8                LOG
                0x000000000023e1cc                MT
                0x000000000023e1d0                SAFE
                0x000000000023e1d4                PEN
                0x000000000023e1d8                MODE
                0x000000000023e1dc                LSG
                0x000000000023e1e0                IKI
                0x000000000023e1e4                TIE
                0x000000000023e1e8                wam
                0x000000000023e200                wall
                0x000000000023e2a0                IOFF2
                0x000000000023e2a4                TENSION
                0x000000000023e2a8                AP2
                0x000000000023e2ac                EN
                0x000000000023e2b0                MD
                0x000000000023e2b4                LOAD
                0x000000000023e2b8                DP2
                0x000000000023e2bc                POLES
                0x000000000023e2c0                PROP_END
                0x000000000023e2c4                ROLE
                0x000000000023e2c8                SG
 *fill*         0x000000000023e2cc        0x4 
 COMMON         0x000000000023e2d0       0x38 ../../lib/libbtwam.a(gimbals.o)
                0x000000000023e2d0                gimbalsGain
                0x000000000023e2f0                gimbalsOffset
 *fill*         0x000000000023e308       0x18 
 COMMON         0x000000000023e320      0x160 ../../lib/libbtsystem.a(btsystem.o)
                0x000000000023e320                safetyBoardID
                0x000000000023e340                insanePos
                0x000000000023e3c0                act
                0x000000000023e3d0                timev
                0x000000000023e3e0                firstPos
                0x000000000023e3e8                num_actuators
                0x000000000023e3f0                CPU_cycles_per_second
                0x000000000023e400                invalidPos
 COMMON         0x000000000023e480      0x150 ../../lib/libbtsystem.a(btcan_peakesd.o)
                0x000000000023e480                mask
                0x000000000023e490                can_accept
                0x000000000023e4a0                jointPosition
                0x000000000023e5a0                commMutex
                0x000000000023e5c0                canDev
 *fill*         0x000000000023e5d0       0x10 
 COMMON         0x000000000023e5e0     0x1f40 ../../lib/libbtsystem.a(btmath.o)
                0x000000000023e5e0                btptrs
 COMMON         0x0000000000240520      0x1b8 ../../lib/libbtsystem.a(btos.o)
                0x0000000000240520                backtracesize
                0x0000000000240540                backtracearray
                0x00000000002406d0                backtracestrings
 COMMON         0x00000000002406d8       0x20 ../../lib/libbtsystem.a(bthaptics.o)
                0x00000000002406d8                extVel
                0x00000000002406e0                setBrake
                0x00000000002406e8                brake
                0x00000000002406f0                relBrake
 *fill*         0x00000000002406f8        0x8 
 COMMON         0x0000000000240700      0x108 ../../lib/libbtsystem.a(btparser.o)
                0x0000000000240700                hdr
                0x0000000000240800                outFile
                0x0000000000240808                . = ALIGN ((. != 0x0)?0x8:0x1)

.lbss
 *(.dynlbss)
 *(.lbss .lbss.* .gnu.linkonce.lb.*)
 *(LARGE_COMMON)
                0x0000000000240808                . = ALIGN (0x8)
                0x0000000000240808                . = SEGMENT_START ("ldata-segment", .)

.lrodata
 *(.lrodata .lrodata.* .gnu.linkonce.lr.*)

.ldata          0x0000000000640808        0x0
 *(.ldata .ldata.* .gnu.linkonce.l.*)
                0x0000000000640808                . = ALIGN ((. != 0x0)?0x8:0x1)
                0x0000000000640808                . = ALIGN (0x8)
                0x0000000000640808                _end = .
                [!provide]                        PROVIDE (end = .)
                0x0000000000640808                . = DATA_SEGMENT_END (.)

.stab
 *(.stab)

.stabstr
 *(.stabstr)

.stab.excl
 *(.stab.excl)

.stab.exclstr
 *(.stab.exclstr)

.stab.index
 *(.stab.index)

.stab.indexstr
 *(.stab.indexstr)

.comment        0x0000000000000000       0x2a
 *(.comment)
 .comment       0x0000000000000000       0x2a /usr/lib/gcc/x86_64-linux-gnu/7/crtbeginS.o
                                         0x2b (size before relaxing)
 .comment       0x000000000000002a       0x2b main.o
 .comment       0x000000000000002a       0x2b ../../lib/libbtwam.a(btwam.o)
 .comment       0x000000000000002a       0x2b ../../lib/libbtwam.a(gimbals.o)
 .comment       0x000000000000002a       0x2b ../../lib/libbtsystem.a(btsystem.o)
 .comment       0x000000000000002a       0x2b ../../lib/libbtsystem.a(btlogger.o)
 .comment       0x000000000000002a       0x2b ../../lib/libbtsystem.a(btcan_peakesd.o)
 .comment       0x000000000000002a       0x2b ../../lib/libbtsystem.a(btrobot.o)
 .comment       0x000000000000002a       0x2b ../../lib/libbtsystem.a(btmath.o)
 .comment       0x000000000000002a       0x2b ../../lib/libbtsystem.a(btos.o)
 .comment       0x000000000000002a       0x2b ../../lib/libbtsystem.a(btcontrol.o)
 .comment       0x000000000000002a       0x2b ../../lib/libbtsystem.a(bthaptics.o)
 .comment       0x000000000000002a       0x2b ../../lib/libbtsystem.a(btstatecontrol.o)
 .comment       0x000000000000002a       0x2b ../../lib/libbtsystem.a(btgeometry.o)
 .comment       0x000000000000002a       0x2b ../../lib/libbtsystem.a(btparser.o)
 .comment       0x000000000000002a       0x2b ../../lib/libbtsystem.a(btseg.o)
 .comment       0x000000000000002a       0x2b ../../lib/libbtsystem.a(btpath.o)
 .comment       0x000000000000002a       0x2b /usr/xenomai/lib/xenomai/bootstrap.o
 .comment       0x000000000000002a       0x2b /usr/lib/gcc/x86_64-linux-gnu/7/crtendS.o

.debug
 *(.debug)

.line
 *(.line)

.debug_srcinfo
 *(.debug_srcinfo)

.debug_sfnames
 *(.debug_sfnames)

.debug_aranges  0x0000000000000000      0x300
 *(.debug_aranges)
 .debug_aranges
                0x0000000000000000       0x30 main.o
 .debug_aranges
                0x0000000000000030       0x30 ../../lib/libbtwam.a(btwam.o)
 .debug_aranges
                0x0000000000000060       0x30 ../../lib/libbtwam.a(gimbals.o)
 .debug_aranges
                0x0000000000000090       0x30 ../../lib/libbtsystem.a(btsystem.o)
 .debug_aranges
                0x00000000000000c0       0x30 ../../lib/libbtsystem.a(btlogger.o)
 .debug_aranges
                0x00000000000000f0       0x30 ../../lib/libbtsystem.a(btcan_peakesd.o)
 .debug_aranges
                0x0000000000000120       0x30 ../../lib/libbtsystem.a(btrobot.o)
 .debug_aranges
                0x0000000000000150       0x30 ../../lib/libbtsystem.a(btmath.o)
 .debug_aranges
                0x0000000000000180       0x30 ../../lib/libbtsystem.a(btos.o)
 .debug_aranges
                0x00000000000001b0       0x30 ../../lib/libbtsystem.a(btcontrol.o)
 .debug_aranges
                0x00000000000001e0       0x30 ../../lib/libbtsystem.a(bthaptics.o)
 .debug_aranges
                0x0000000000000210       0x30 ../../lib/libbtsystem.a(btstatecontrol.o)
 .debug_aranges
                0x0000000000000240       0x30 ../../lib/libbtsystem.a(btgeometry.o)
 .debug_aranges
                0x0000000000000270       0x30 ../../lib/libbtsystem.a(btparser.o)
 .debug_aranges
                0x00000000000002a0       0x30 ../../lib/libbtsystem.a(btseg.o)
 .debug_aranges
                0x00000000000002d0       0x30 ../../lib/libbtsystem.a(btpath.o)

.debug_pubnames
 *(.debug_pubnames)

.debug_info     0x0000000000000000    0x1f283
 *(.debug_info .gnu.linkonce.wi.*)
 .debug_info    0x0000000000000000     0x31d1 main.o
 .debug_info    0x00000000000031d1     0x3a6f ../../lib/libbtwam.a(btwam.o)
 .debug_info    0x0000000000006c40     0x27e9 ../../lib/libbtwam.a(gimbals.o)
 .debug_info    0x0000000000009429     0x2afc ../../lib/libbtsystem.a(btsystem.o)
 .debug_info    0x000000000000bf25      0xcc4 ../../lib/libbtsystem.a(btlogger.o)
 .debug_info    0x000000000000cbe9     0x26c1 ../../lib/libbtsystem.a(btcan_peakesd.o)
 .debug_info    0x000000000000f2aa     0x160d ../../lib/libbtsystem.a(btrobot.o)
 .debug_info    0x00000000000108b7     0x4dd5 ../../lib/libbtsystem.a(btmath.o)
 .debug_info    0x000000000001568c      0xf77 ../../lib/libbtsystem.a(btos.o)
 .debug_info    0x0000000000016603     0x2550 ../../lib/libbtsystem.a(btcontrol.o)
 .debug_info    0x0000000000018b53     0x17c6 ../../lib/libbtsystem.a(bthaptics.o)
 .debug_info    0x000000000001a319     0x14a0 ../../lib/libbtsystem.a(btstatecontrol.o)
 .debug_info    0x000000000001b7b9     0x1018 ../../lib/libbtsystem.a(btgeometry.o)
 .debug_info    0x000000000001c7d1      0xb83 ../../lib/libbtsystem.a(btparser.o)
 .debug_info    0x000000000001d354     0x1206 ../../lib/libbtsystem.a(btseg.o)
 .debug_info    0x000000000001e55a      0xd29 ../../lib/libbtsystem.a(btpath.o)

.debug_abbrev   0x0000000000000000     0x2ce1
 *(.debug_abbrev)
 .debug_abbrev  0x0000000000000000      0x2d2 main.o
 .debug_abbrev  0x00000000000002d2      0x38f ../../lib/libbtwam.a(btwam.o)
 .debug_abbrev  0x0000000000000661      0x268 ../../lib/libbtwam.a(gimbals.o)
 .debug_abbrev  0x00000000000008c9      0x352 ../../lib/libbtsystem.a(btsystem.o)
 .debug_abbrev  0x0000000000000c1b      0x266 ../../lib/libbtsystem.a(btlogger.o)
 .debug_abbrev  0x0000000000000e81      0x2e9 ../../lib/libbtsystem.a(btcan_peakesd.o)
 .debug_abbrev  0x000000000000116a      0x28f ../../lib/libbtsystem.a(btrobot.o)
 .debug_abbrev  0x00000000000013f9      0x375 ../../lib/libbtsystem.a(btmath.o)
 .debug_abbrev  0x000000000000176e      0x2d9 ../../lib/libbtsystem.a(btos.o)
 .debug_abbrev  0x0000000000001a47      0x318 ../../lib/libbtsystem.a(btcontrol.o)
 .debug_abbrev  0x0000000000001d5f      0x2a7 ../../lib/libbtsystem.a(bthaptics.o)
 .debug_abbrev  0x0000000000002006      0x2e0 ../../lib/libbtsystem.a(btstatecontrol.o)
 .debug_abbrev  0x00000000000022e6      0x24c ../../lib/libbtsystem.a(btgeometry.o)
 .debug_abbrev  0x0000000000002532      0x2ab ../../lib/libbtsystem.a(btparser.o)
 .debug_abbrev  0x00000000000027dd      0x2d2 ../../lib/libbtsystem.a(btseg.o)
 .debug_abbrev  0x0000000000002aaf      0x232 ../../lib/libbtsystem.a(btpath.o)

.debug_line     0x0000000000000000     0x6f1c
 *(.debug_line .debug_line.* .debug_line_end)
 .debug_line    0x0000000000000000      0x460 main.o
 .debug_line    0x0000000000000460      0xa5c ../../lib/libbtwam.a(btwam.o)
 .debug_line    0x0000000000000ebc      0x344 ../../lib/libbtwam.a(gimbals.o)
 .debug_line    0x0000000000001200      0xb32 ../../lib/libbtsystem.a(btsystem.o)
 .debug_line    0x0000000000001d32      0x4e3 ../../lib/libbtsystem.a(btlogger.o)
 .debug_line    0x0000000000002215      0x7fa ../../lib/libbtsystem.a(btcan_peakesd.o)
 .debug_line    0x0000000000002a0f      0x9f0 ../../lib/libbtsystem.a(btrobot.o)
 .debug_line    0x00000000000033ff     0x156f ../../lib/libbtsystem.a(btmath.o)
 .debug_line    0x000000000000496e      0x3c3 ../../lib/libbtsystem.a(btos.o)
 .debug_line    0x0000000000004d31      0x8b8 ../../lib/libbtsystem.a(btcontrol.o)
 .debug_line    0x00000000000055e9      0x3d9 ../../lib/libbtsystem.a(bthaptics.o)
 .debug_line    0x00000000000059c2      0x4c5 ../../lib/libbtsystem.a(btstatecontrol.o)
 .debug_line    0x0000000000005e87      0x3e5 ../../lib/libbtsystem.a(btgeometry.o)
 .debug_line    0x000000000000626c      0x402 ../../lib/libbtsystem.a(btparser.o)
 .debug_line    0x000000000000666e      0x505 ../../lib/libbtsystem.a(btseg.o)
 .debug_line    0x0000000000006b73      0x3a9 ../../lib/libbtsystem.a(btpath.o)

.debug_frame
 *(.debug_frame)

.debug_str      0x0000000000000000     0x50de
 *(.debug_str)
 .debug_str     0x0000000000000000     0x117d main.o
                                       0x1407 (size before relaxing)
 .debug_str     0x000000000000117d      0x785 ../../lib/libbtwam.a(btwam.o)
                                       0x1712 (size before relaxing)
 .debug_str     0x0000000000001902       0x50 ../../lib/libbtwam.a(gimbals.o)
                                       0x1042 (size before relaxing)
 .debug_str     0x0000000000001952     0x132c ../../lib/libbtsystem.a(btsystem.o)
                                       0x1dc7 (size before relaxing)
 .debug_str     0x0000000000002c7e      0x126 ../../lib/libbtsystem.a(btlogger.o)
                                        0x7a3 (size before relaxing)
 .debug_str     0x0000000000002da4      0x685 ../../lib/libbtsystem.a(btcan_peakesd.o)
                                        0xf94 (size before relaxing)
 .debug_str     0x0000000000003429      0x1d2 ../../lib/libbtsystem.a(btrobot.o)
                                        0xabf (size before relaxing)
 .debug_str     0x00000000000035fb      0x965 ../../lib/libbtsystem.a(btmath.o)
                                       0x1131 (size before relaxing)
 .debug_str     0x0000000000003f60      0x3bb ../../lib/libbtsystem.a(btos.o)
                                        0x886 (size before relaxing)
 .debug_str     0x000000000000431b      0x56d ../../lib/libbtsystem.a(btcontrol.o)
                                        0xe69 (size before relaxing)
 .debug_str     0x0000000000004888      0x214 ../../lib/libbtsystem.a(bthaptics.o)
                                        0xa58 (size before relaxing)
 .debug_str     0x0000000000004a9c      0x201 ../../lib/libbtsystem.a(btstatecontrol.o)
                                        0xa84 (size before relaxing)
 .debug_str     0x0000000000004c9d      0x119 ../../lib/libbtsystem.a(btgeometry.o)
                                        0x871 (size before relaxing)
 .debug_str     0x0000000000004db6       0xf4 ../../lib/libbtsystem.a(btparser.o)
                                        0x73f (size before relaxing)
 .debug_str     0x0000000000004eaa      0x145 ../../lib/libbtsystem.a(btseg.o)
                                        0x87f (size before relaxing)
 .debug_str     0x0000000000004fef       0xef ../../lib/libbtsystem.a(btpath.o)
                                        0x787 (size before relaxing)

.debug_loc
 *(.debug_loc)

.debug_macinfo
 *(.debug_macinfo)

.debug_weaknames
 *(.debug_weaknames)

.debug_funcnames
 *(.debug_funcnames)

.debug_typenames
 *(.debug_typenames)

.debug_varnames
 *(.debug_varnames)

.debug_pubtypes
 *(.debug_pubtypes)

.debug_ranges   0x0000000000000000       0x60
 *(.debug_ranges)
 .debug_ranges  0x0000000000000000       0x60 ../../lib/libbtsystem.a(btcan_peakesd.o)

.debug_macro
 *(.debug_macro)

.debug_addr
 *(.debug_addr)

.gnu.attributes
 *(.gnu.attributes)

/DISCARD/
 *(.note.GNU-stack)
 *(.gnu_debuglink)
 *(.gnu.lto_*)
OUTPUT(ex4 elf64-x86-64)

Cross Reference Table

Symbol                                            File
ACCEL                                             ../../lib/libbtsystem.a(btcan_peakesd.o)
                                                  ../../lib/libbtsystem.a(btsystem.o)
                                                  ../../lib/libbtwam.a(gimbals.o)
                                                  ../../lib/libbtwam.a(btwam.o)
                                                  main.o
ADDR                                              ../../lib/libbtsystem.a(btcan_peakesd.o)
                                                  ../../lib/libbtsystem.a(btsystem.o)
                                                  ../../lib/libbtwam.a(gimbals.o)
                                                  ../../lib/libbtwam.a(btwam.o)
                                                  main.o
ANA0                                              ../../lib/libbtsystem.a(btcan_peakesd.o)
                                                  ../../lib/libbtsystem.a(btsystem.o)
                                                  ../../lib/libbtwam.a(gimbals.o)
                                                  ../../lib/libbtwam.a(btwam.o)
                                                  main.o
ANA1                                              ../../lib/libbtsystem.a(btcan_peakesd.o)
                                                  ../../lib/libbtsystem.a(btsystem.o)
                                                  ../../lib/libbtwam.a(gimbals.o)
                                                  ../../lib/libbtwam.a(btwam.o)
                                                  main.o
AP                                                ../../lib/libbtsystem.a(btcan_peakesd.o)
                                                  ../../lib/libbtsystem.a(btsystem.o)
                                                  ../../lib/libbtwam.a(gimbals.o)
                                                  ../../lib/libbtwam.a(btwam.o)
                                                  main.o
AP2                                               ../../lib/libbtsystem.a(btcan_peakesd.o)
                                                  ../../lib/libbtsystem.a(btsystem.o)
                                                  ../../lib/libbtwam.a(gimbals.o)
                                                  ../../lib/libbtwam.a(btwam.o)
                                                  main.o
ActAngle2Mpos                                     ../../lib/libbtwam.a(btwam.o)
AddDataDL                                         ../../lib/libbtsystem.a(btlogger.o)
                                                  ../../lib/libbtwam.a(btwam.o)
AllIndexed                                        ../../lib/libbtsystem.a(btsystem.o)
B                                                 ../../lib/libbtsystem.a(btcan_peakesd.o)
                                                  ../../lib/libbtsystem.a(btsystem.o)
                                                  ../../lib/libbtwam.a(gimbals.o)
                                                  ../../lib/libbtwam.a(btwam.o)
                                                  main.o
BAUD                                              ../../lib/libbtsystem.a(btcan_peakesd.o)
                                                  ../../lib/libbtsystem.a(btsystem.o)
                                                  ../../lib/libbtwam.a(gimbals.o)
                                                  ../../lib/libbtwam.a(btwam.o)
                                                  main.o
BRAKE                                             ../../lib/libbtsystem.a(btcan_peakesd.o)
                                                  ../../lib/libbtsystem.a(btsystem.o)
                                                  ../../lib/libbtwam.a(gimbals.o)
                                                  ../../lib/libbtwam.a(btwam.o)
                                                  main.o
BlankWAMcallback                                  ../../lib/libbtwam.a(btwam.o)
CMD                                               ../../lib/libbtsystem.a(btcan_peakesd.o)
                                                  ../../lib/libbtsystem.a(btsystem.o)
                                                  ../../lib/libbtwam.a(gimbals.o)
                                                  ../../lib/libbtwam.a(btwam.o)
                                                  main.o
COMMON_END                                        ../../lib/libbtsystem.a(btcan_peakesd.o)
                                                  ../../lib/libbtsystem.a(btsystem.o)
                                                  ../../lib/libbtwam.a(gimbals.o)
                                                  ../../lib/libbtwam.a(btwam.o)
                                                  main.o
CPU_cycles_per_second                             ../../lib/libbtsystem.a(btsystem.o)
CT                                                ../../lib/libbtsystem.a(btcan_peakesd.o)
                                                  ../../lib/libbtsystem.a(btsystem.o)
                                                  ../../lib/libbtwam.a(gimbals.o)
                                                  ../../lib/libbtwam.a(btwam.o)
                                                  main.o
CT2                                               ../../lib/libbtsystem.a(btcan_peakesd.o)
                                                  ../../lib/libbtsystem.a(btsystem.o)
                                                  ../../lib/libbtwam.a(gimbals.o)
                                                  ../../lib/libbtwam.a(btwam.o)
                                                  main.o
CTS                                               ../../lib/libbtsystem.a(btcan_peakesd.o)
                                                  ../../lib/libbtsystem.a(btsystem.o)
                                                  ../../lib/libbtwam.a(gimbals.o)
                                                  ../../lib/libbtwam.a(btwam.o)
                                                  main.o
CTS2                                              ../../lib/libbtsystem.a(btcan_peakesd.o)
                                                  ../../lib/libbtsystem.a(btsystem.o)
                                                  ../../lib/libbtwam.a(gimbals.o)
                                                  ../../lib/libbtwam.a(btwam.o)
                                                  main.o
C_q                                               ../../lib/libbtsystem.a(btmath.o)
C_v3                                              ../../lib/libbtsystem.a(btmath.o)
                                                  ../../lib/libbtsystem.a(btrobot.o)
CalcSegment                                       ../../lib/libbtsystem.a(btcontrol.o)
Cleanup                                           main.o
CloseDL                                           ../../lib/libbtsystem.a(btlogger.o)
                                                  ../../lib/libbtwam.a(btwam.o)
CloseSystem                                       ../../lib/libbtsystem.a(btsystem.o)
                                                  ../../lib/libbtwam.a(btwam.o)
                                                  main.o
CloseWAM                                          ../../lib/libbtwam.a(btwam.o)
D                                                 ../../lib/libbtsystem.a(btcan_peakesd.o)
                                                  ../../lib/libbtsystem.a(btsystem.o)
                                                  ../../lib/libbtwam.a(gimbals.o)
                                                  ../../lib/libbtwam.a(btwam.o)
                                                  main.o
DEF                                               ../../lib/libbtsystem.a(btcan_peakesd.o)
                                                  ../../lib/libbtsystem.a(btsystem.o)
                                                  ../../lib/libbtwam.a(gimbals.o)
                                                  ../../lib/libbtwam.a(btwam.o)
                                                  main.o
DIG0                                              ../../lib/libbtsystem.a(btcan_peakesd.o)
                                                  ../../lib/libbtsystem.a(btsystem.o)
                                                  ../../lib/libbtwam.a(gimbals.o)
                                                  ../../lib/libbtwam.a(btwam.o)
                                                  main.o
DIG1                                              ../../lib/libbtsystem.a(btcan_peakesd.o)
                                                  ../../lib/libbtsystem.a(btsystem.o)
                                                  ../../lib/libbtwam.a(gimbals.o)
                                                  ../../lib/libbtwam.a(btwam.o)
                                                  main.o
DLoff                                             ../../lib/libbtsystem.a(btlogger.o)
                                                  ../../lib/libbtwam.a(btwam.o)
DLon                                              ../../lib/libbtsystem.a(btlogger.o)
                                                  ../../lib/libbtwam.a(btwam.o)
DLwrite                                           ../../lib/libbtsystem.a(btlogger.o)
DP                                                ../../lib/libbtsystem.a(btcan_peakesd.o)
                                                  ../../lib/libbtsystem.a(btsystem.o)
                                                  ../../lib/libbtwam.a(gimbals.o)
                                                  ../../lib/libbtwam.a(btwam.o)
                                                  main.o
DP2                                               ../../lib/libbtsystem.a(btcan_peakesd.o)
                                                  ../../lib/libbtsystem.a(btsystem.o)
                                                  ../../lib/libbtwam.a(gimbals.o)
                                                  ../../lib/libbtwam.a(btwam.o)
                                                  main.o
DUMP                                              ../../lib/libbtsystem.a(btcan_peakesd.o)
                                                  ../../lib/libbtsystem.a(btsystem.o)
                                                  ../../lib/libbtwam.a(gimbals.o)
                                                  ../../lib/libbtwam.a(btwam.o)
                                                  main.o
D_Ln2Pt                                           ../../lib/libbtsystem.a(btgeometry.o)
D_Pt2Bx                                           ../../lib/libbtsystem.a(btgeometry.o)
                                                  ../../lib/libbtsystem.a(bthaptics.o)
D_Pt2Pl                                           ../../lib/libbtsystem.a(btgeometry.o)
                                                  ../../lib/libbtsystem.a(bthaptics.o)
D_Pt2Pt                                           ../../lib/libbtsystem.a(btgeometry.o)
D_Pt2Sp                                           ../../lib/libbtsystem.a(btgeometry.o)
                                                  ../../lib/libbtsystem.a(bthaptics.o)
DataSizeDL                                        ../../lib/libbtsystem.a(btlogger.o)
DecodeDL                                          ../../lib/libbtsystem.a(btlogger.o)
DefineWAMpos                                      ../../lib/libbtwam.a(btwam.o)
DiscoverSystem                                    ../../lib/libbtsystem.a(btsystem.o)
DumpData2Syslog                                   ../../lib/libbtsystem.a(btsystem.o)
DumpWAM2Syslog                                    ../../lib/libbtwam.a(btwam.o)
E                                                 ../../lib/libbtsystem.a(btcan_peakesd.o)
                                                  ../../lib/libbtsystem.a(btsystem.o)
                                                  ../../lib/libbtwam.a(gimbals.o)
                                                  ../../lib/libbtwam.a(btwam.o)
                                                  main.o
E2                                                ../../lib/libbtsystem.a(btcan_peakesd.o)
                                                  ../../lib/libbtsystem.a(btsystem.o)
                                                  ../../lib/libbtwam.a(gimbals.o)
                                                  ../../lib/libbtwam.a(btwam.o)
                                                  main.o
ECMAX                                             ../../lib/libbtsystem.a(btcan_peakesd.o)
                                                  ../../lib/libbtsystem.a(btsystem.o)
                                                  ../../lib/libbtwam.a(gimbals.o)
                                                  ../../lib/libbtwam.a(btwam.o)
                                                  main.o
ECMIN                                             ../../lib/libbtsystem.a(btcan_peakesd.o)