Archive member included to satisfy reference by file (symbol)

../../lib/libbtwam.a(btwam.o)
                              main.o (OpenWAM)
../../lib/libbtwam.a(gimbals.o)
                              ../../lib/libbtwam.a(btwam.o) (gimbalsInit)
../../lib/libbtsystem.a(btsystem.o)
                              ../../lib/libbtwam.a(btwam.o) (buses)
../../lib/libbtsystem.a(btlogger.o)
                              ../../lib/libbtwam.a(btwam.o) (PrepDL)
../../lib/libbtsystem.a(btcan_peakesd.o)
                              ../../lib/libbtsystem.a(btsystem.o) (initCAN)
../../lib/libbtsystem.a(btrobot.o)
                              ../../lib/libbtwam.a(btwam.o) (new_bot)
../../lib/libbtsystem.a(btmath.o)
                              ../../lib/libbtwam.a(btwam.o) (fill_vn)
../../lib/libbtsystem.a(btos.o)
                              ../../lib/libbtwam.a(btwam.o) (test_and_log)
../../lib/libbtsystem.a(btcontrol.o)
                              ../../lib/libbtwam.a(btwam.o) (init_btPID)
../../lib/libbtsystem.a(btstatecontrol.o)
                              ../../lib/libbtwam.a(btwam.o) (map_btstatecontrol)
../../lib/libbtsystem.a(btparser.o)
                              ../../lib/libbtwam.a(btwam.o) (parseFile)
../../lib/libbtsystem.a(btseg.o)
                              ../../lib/libbtsystem.a(btcontrol.o) (destroy_pavn)
../../lib/libbtsystem.a(btpath.o)
                              ../../lib/libbtsystem.a(btcontrol.o) (new_pwl)
/usr/lib/x86_64-linux-gnu/libc_nonshared.a(elf-init.oS)
                              /usr/lib/gcc/x86_64-linux-gnu/7/../../../x86_64-linux-gnu/Scrt1.o (__libc_csu_init)

As-needed library included to satisfy reference by file (symbol)

libm.so.6                     ../../lib/libbtsystem.a(btmath.o) (acos@@GLIBC_2.2.5)
libtrank.so.0                 ../../lib/libbtwam.a(btwam.o) (rt_task_set_periodic)
libalchemy.so.0               /usr/lib/libtrank.so (__current_rt_alarm_create)

Allocating common symbols
Common symbol       size              file

PEN                 0x4               main.o
COMMON_END          0x4               main.o
wam                 0x8               main.o
LOAD                0x4               main.o
JIDX                0x4               main.o
VL1                 0x4               main.o
IOFF                0x4               main.o
VOLTL1              0x4               main.o
SAFETY_END          0x4               main.o
backtracesize       0x4               ../../lib/libbtsystem.a(btos.o)
LOG1                0x4               main.o
BAUD                0x4               main.o
LOG3                0x4               main.o
firstPos            0x8               ../../lib/libbtsystem.a(btsystem.o)
VALUE               0x4               main.o
ROLE                0x4               main.o
LFAP                0x4               main.o
SAVE                0x4               main.o
LFDP                0x4               main.o
KD                  0x4               main.o
D                   0x4               main.o
LSG                 0x4               main.o
B                   0x4               main.o
HSG                 0x4               main.o
TIE                 0x4               main.o
VOLTH2              0x4               main.o
SN                  0x4               main.o
IOFST               0x4               main.o
T                   0x4               main.o
KP                  0x4               main.o
IMOTOR              0x4               main.o
timev               0x10              ../../lib/libbtsystem.a(btsystem.o)
P                   0x4               main.o
V                   0x4               main.o
CT                  0x4               main.o
JOFST               0x4               main.o
VLOGIC              0x4               main.o
TSTOP               0x4               main.o
TACT                0x4               main.o
EN2                 0x4               main.o
P2                  0x4               main.o
X0                  0x4               main.o
HALLS               0x4               main.o
FIND                0x4               main.o
GRPA                0x4               main.o
GAIN2               0x4               main.o
MPE                 0x4               main.o
X2                  0x4               main.o
ANA1                0x4               main.o
X4                  0x4               main.o
X6                  0x4               main.o
backtracearray      0x190             ../../lib/libbtsystem.a(btos.o)
IKI                 0x4               main.o
ACCEL               0x4               main.o
GRPC                0x4               main.o
TORQ                0x4               main.o
VNOM                0x4               main.o
wam_thd             0x58              main.o
hdr                 0xff              ../../lib/libbtsystem.a(btparser.o)
ISQ                 0x4               main.o
POLES               0x4               main.o
MOFST               0x4               main.o
LCVC                0x4               main.o
[...]
Memory Configuration

Name             Origin             Length             Attributes
*default*        0x0000000000000000 0xffffffffffffffff

Linker script and memory map

LOAD /usr/lib/gcc/x86_64-linux-gnu/7/../../../x86_64-linux-gnu/Scrt1.o
LOAD /usr/lib/gcc/x86_64-linux-gnu/7/../../../x86_64-linux-gnu/crti.o
LOAD /usr/lib/gcc/x86_64-linux-gnu/7/crtbeginS.o
LOAD main.o
LOAD /usr/lib/gcc/x86_64-linux-gnu/7/../../../x86_64-linux-gnu/libpthread.so
START GROUP
LOAD /lib/x86_64-linux-gnu/libpthread.so.0
LOAD /usr/lib/x86_64-linux-gnu/libpthread_nonshared.a
END GROUP
LOAD /usr/lib/gcc/x86_64-linux-gnu/7/../../../x86_64-linux-gnu/libncurses.so
LOAD /lib/x86_64-linux-gnu/libncurses.so.5
LOAD /usr/lib/gcc/x86_64-linux-gnu/7/../../../x86_64-linux-gnu/libtinfo.so
LOAD ../../lib/libbtwam.a
LOAD ../../lib/libbtsystem.a
LOAD /usr/lib/gcc/x86_64-linux-gnu/7/../../../x86_64-linux-gnu/libm.so
START GROUP
LOAD /lib/x86_64-linux-gnu/libm.so.6
LOAD /usr/lib/x86_64-linux-gnu/libmvec_nonshared.a
LOAD /lib/x86_64-linux-gnu/libmvec.so.1
END GROUP
LOAD /usr/lib/libtrank.so
LOAD /usr/lib/libalchemy.so
LOAD /usr/lib/libalchemy.so
LOAD /usr/lib/libcopperplate.so
LOAD /usr/xenomai/lib/xenomai/bootstrap.o
LOAD /usr/lib/libcobalt.so
LOAD /usr/lib/libmodechk.so
LOAD /usr/lib/gcc/x86_64-linux-gnu/7/../../../x86_64-linux-gnu/libpthread.so
START GROUP
LOAD /lib/x86_64-linux-gnu/libpthread.so.0
LOAD /usr/lib/x86_64-linux-gnu/libpthread_nonshared.a
END GROUP
LOAD /usr/lib/gcc/x86_64-linux-gnu/7/../../../x86_64-linux-gnu/librt.so
LOAD /usr/lib/libalchemy.so
LOAD /usr/lib/gcc/x86_64-linux-gnu/7/libgcc.a
LOAD /usr/lib/gcc/x86_64-linux-gnu/7/libgcc_s.so
START GROUP
LOAD /usr/lib/gcc/x86_64-linux-gnu/7/libgcc_s.so.1
LOAD /usr/lib/gcc/x86_64-linux-gnu/7/libgcc.a
END GROUP
LOAD /usr/lib/gcc/x86_64-linux-gnu/7/../../../x86_64-linux-gnu/libc.so
START GROUP
LOAD /lib/x86_64-linux-gnu/libc.so.6
LOAD /usr/lib/x86_64-linux-gnu/libc_nonshared.a
LOAD /lib/x86_64-linux-gnu/ld-linux-x86-64.so.2
END GROUP
LOAD /usr/lib/gcc/x86_64-linux-gnu/7/libgcc.a
LOAD /usr/lib/gcc/x86_64-linux-gnu/7/libgcc_s.so
START GROUP
LOAD /usr/lib/gcc/x86_64-linux-gnu/7/libgcc_s.so.1
LOAD /usr/lib/gcc/x86_64-linux-gnu/7/libgcc.a
END GROUP
LOAD /usr/lib/gcc/x86_64-linux-gnu/7/crtendS.o
LOAD /usr/lib/gcc/x86_64-linux-gnu/7/../../../x86_64-linux-gnu/crtn.o
                [!provide]                        PROVIDE (__executable_start = SEGMENT_START ("text-segment", 0x0))
                0x0000000000000238                . = (SEGMENT_START ("text-segment", 0x0) + SIZEOF_HEADERS)

.interp         0x0000000000000238       0x1c
 *(.interp)
 .interp        0x0000000000000238       0x1c /usr/lib/gcc/x86_64-linux-gnu/7/../../../x86_64-linux-gnu/Scrt1.o

.note.ABI-tag   0x0000000000000254       0x20
 .note.ABI-tag  0x0000000000000254       0x20 /usr/lib/gcc/x86_64-linux-gnu/7/../../../x86_64-linux-gnu/Scrt1.o

.note.gnu.build-id
                0x0000000000000274       0x24
 *(.note.gnu.build-id)
 .note.gnu.build-id
                0x0000000000000274       0x24 /usr/lib/gcc/x86_64-linux-gnu/7/../../../x86_64-linux-gnu/Scrt1.o

.hash
 *(.hash)

.gnu.hash       0x0000000000000298     0x14f8
 *(.gnu.hash)
 .gnu.hash      0x0000000000000298     0x14f8 /usr/lib/gcc/x86_64-linux-gnu/7/../../../x86_64-linux-gnu/Scrt1.o

.dynsym         0x0000000000001790     0x4a10
 *(.dynsym)
 .dynsym        0x0000000000001790     0x4a10 /usr/lib/gcc/x86_64-linux-gnu/7/../../../x86_64-linux-gnu/Scrt1.o

.dynstr         0x00000000000061a0     0x205d
 *(.dynstr)
 .dynstr        0x00000000000061a0     0x205d /usr/lib/gcc/x86_64-linux-gnu/7/../../../x86_64-linux-gnu/Scrt1.o

.gnu.version    0x00000000000081fe      0x62c
 *(.gnu.version)
 .gnu.version   0x00000000000081fe      0x62c /usr/lib/gcc/x86_64-linux-gnu/7/../../../x86_64-linux-gnu/Scrt1.o

.gnu.version_d  0x0000000000008830        0x0
 *(.gnu.version_d)
 .gnu.version_d
                0x0000000000008830        0x0 /usr/lib/gcc/x86_64-linux-gnu/7/../../../x86_64-linux-gnu/Scrt1.o

.gnu.version_r  0x0000000000008830       0x90
 *(.gnu.version_r)
 .gnu.version_r
                0x0000000000008830       0x90 /usr/lib/gcc/x86_64-linux-gnu/7/../../../x86_64-linux-gnu/Scrt1.o

.rela.dyn       0x00000000000088c0      0x108
 *(.rela.init)
 *(.rela.text .rela.text.* .rela.gnu.linkonce.t.*)
 .rela.text     0x00000000000088c0        0x0 /usr/lib/gcc/x86_64-linux-gnu/7/../../../x86_64-linux-gnu/Scrt1.o
 *(.rela.fini)
 *(.rela.rodata .rela.rodata.* .rela.gnu.linkonce.r.*)
 *(.rela.data .rela.data.* .rela.gnu.linkonce.d.*)
 .rela.data.rel.ro
                0x00000000000088c0        0x0 /usr/lib/gcc/x86_64-linux-gnu/7/../../../x86_64-linux-gnu/Scrt1.o
 .rela.data.rel.local
                0x00000000000088c0       0x18 /usr/lib/gcc/x86_64-linux-gnu/7/../../../x86_64-linux-gnu/Scrt1.o
 *(.rela.tdata .rela.tdata.* .rela.gnu.linkonce.td.*)
 *(.rela.tbss .rela.tbss.* .rela.gnu.linkonce.tb.*)
 *(.rela.ctors)
 *(.rela.dtors)
 *(.rela.got)
 .rela.got      0x00000000000088d8       0x78 /usr/lib/gcc/x86_64-linux-gnu/7/../../../x86_64-linux-gnu/Scrt1.o
 *(.rela.bss .rela.bss.* .rela.gnu.linkonce.b.*)
 .rela.bss      0x0000000000008950       0x30 /usr/lib/gcc/x86_64-linux-gnu/7/../../../x86_64-linux-gnu/Scrt1.o
 *(.rela.ldata .rela.ldata.* .rela.gnu.linkonce.l.*)
 *(.rela.lbss .rela.lbss.* .rela.gnu.linkonce.lb.*)
 *(.rela.lrodata .rela.lrodata.* .rela.gnu.linkonce.lr.*)
 *(.rela.ifunc)
 .rela.ifunc    0x0000000000008980        0x0 /usr/lib/gcc/x86_64-linux-gnu/7/../../../x86_64-linux-gnu/Scrt1.o
 .rela.fini_array
                0x0000000000008980       0x18 /usr/lib/gcc/x86_64-linux-gnu/7/../../../x86_64-linux-gnu/Scrt1.o
 .rela.init_array
                0x0000000000008998       0x18 /usr/lib/gcc/x86_64-linux-gnu/7/../../../x86_64-linux-gnu/Scrt1.o
 .rela.init_array.00220
                0x00000000000089b0       0x18 /usr/lib/gcc/x86_64-linux-gnu/7/../../../x86_64-linux-gnu/Scrt1.o

.rela.plt       0x00000000000089c8      0x8e8
 *(.rela.plt)
 .rela.plt      0x00000000000089c8      0x8e8 /usr/lib/gcc/x86_64-linux-gnu/7/../../../x86_64-linux-gnu/Scrt1.o
                [!provide]                        PROVIDE (__rela_iplt_start = .)
 *(.rela.iplt)
                [!provide]                        PROVIDE (__rela_iplt_end = .)

.init           0x00000000000092b0       0x17
 *(SORT_NONE(.init))
 .init          0x00000000000092b0       0x12 /usr/lib/gcc/x86_64-linux-gnu/7/../../../x86_64-linux-gnu/crti.o
                0x00000000000092b0                _init
 .init          0x00000000000092c2        0x5 /usr/lib/gcc/x86_64-linux-gnu/7/../../../x86_64-linux-gnu/crtn.o

.plt            0x00000000000092d0      0x600
 *(.plt)
 .plt           0x00000000000092d0      0x600 /usr/lib/gcc/x86_64-linux-gnu/7/../../../x86_64-linux-gnu/Scrt1.o
 *(.iplt)

.plt.got        0x00000000000098d0        0x8
 *(.plt.got)
 .plt.got       0x00000000000098d0        0x8 /usr/lib/gcc/x86_64-linux-gnu/7/../../../x86_64-linux-gnu/Scrt1.o

.plt.sec
 *(.plt.sec)

.text           0x00000000000098e0    0x26152
 *(.text.unlikely .text.*_unlikely .text.unlikely.*)
 *(.text.exit .text.exit.*)
 *(.text.startup .text.startup.*)
 .text.startup  0x00000000000098e0      0x18d /usr/xenomai/lib/xenomai/bootstrap.o
 *(.text.hot .text.hot.*)
 *(.text .stub .text.* .gnu.linkonce.t.*)
 *fill*         0x0000000000009a6d        0x3 
 .text          0x0000000000009a70       0x2b /usr/lib/gcc/x86_64-linux-gnu/7/../../../x86_64-linux-gnu/Scrt1.o
                0x0000000000009a70                _start
 .text          0x0000000000009a9b        0x0 /usr/lib/gcc/x86_64-linux-gnu/7/../../../x86_64-linux-gnu/crti.o
 *fill*         0x0000000000009a9b        0x5 
 .text          0x0000000000009aa0       0xda /usr/lib/gcc/x86_64-linux-gnu/7/crtbeginS.o
 .text          0x0000000000009b7a      0x8cc main.o
                0x0000000000009b7a                can_thd_function
                0x0000000000009ca8                main
 .text          0x000000000000a446     0x49ad ../../lib/libbtwam.a(btwam.o)
                0x000000000000a446                warn_upon_switch
                0x000000000000a511                InitVectors
                0x000000000000aa40                OpenWAM
                0x000000000000c797                CloseWAM
                0x000000000000c7b0                MotorID_From_ActIdx
                0x000000000000c7d7                WAMMaintenanceThread
                0x000000000000c87f                WAMControlThread
                0x000000000000dafe                ActAngle2Mpos
                0x000000000000db8e                Mtrq2ActTrq
                0x000000000000dc3e                Mpos2Jpos
                0x000000000000dce6                Jpos2Mpos
                0x000000000000dd8e                Jtrq2Mtrq
                0x000000000000de36                DefineWAMpos
                0x000000000000e093                SetCartesianSpace
                0x000000000000e136                SetJointSpace
                0x000000000000e1d9                SetPositionConstraint
                0x000000000000e23f                MoveSetup
                0x000000000000e281                MoveWAM
                0x000000000000e2fc                MoveIsDone
                0x000000000000e33f                MoveStop
                0x000000000000e361                ParkWAM
                0x000000000000e3be                GetGravityComp
                0x000000000000e3ec                SetGravityComp
                0x000000000000e420                SetGravityUsingCalibrated
                0x000000000000e44a                GetGravityUsingCalibrated
                0x000000000000e473                GetGravityIsCalibrated
                0x000000000000e49c                GCompSample
                0x000000000000e5a4                getLagrangian4
                0x000000000000e762                setSafetyLimits
                0x000000000000e8ca                DumpWAM2Syslog
                0x000000000000eb95                StartContinuousTeach
                0x000000000000ed1e                StopContinuousTeach
                0x000000000000ed51                ServiceContinuousTeach
                0x000000000000ed72                registerWAMcallback
                0x000000000000edab                registerWAMmotorcallback
                0x000000000000ede4                BlankWAMcallback
 .text          0x000000000000edf3      0x16d ../../lib/libbtwam.a(gimbals.o)
                0x000000000000edf3                getGimbalsAngles
                0x000000000000eee0                initGimbals
 .text          0x000000000000ef60     0x4366 ../../lib/libbtsystem.a(btsystem.o)
                0x000000000000ef60                DiscoverSystem
                0x000000000000ef67                ReadSystemFromConfig
                0x000000000000f303                InitializeSystem
                0x00000000000103ee                EnumerateSystem
                0x0000000000010a61                CloseSystem
                0x0000000000010a8e                DumpData2Syslog
                0x000000000001100a                GetActuators
                0x00000000000110b0                GetBuses
                0x00000000000110fa                GetPositions
                0x0000000000011640                SetTorques
                0x0000000000011c93                GetProp
                0x0000000000011ef8                SetProp
                0x0000000000012012                SetByID
                0x000000000001204b                TurnaroundTime
                0x000000000001212d                AllIndexed
                0x000000000001217a                EnergizeActuators
                0x00000000000121fb                IdleActuators
                0x0000000000012241                SetEngrUnits
                0x000000000001228b                SetTRC
                0x00000000000123be                ThereIsTRC
                0x000000000001242f                Load_Actuator_File
                0x0000000000012f7f                Load_Bus_File
 .text          0x00000000000132c6     0x14ab ../../lib/libbtsystem.a(btlogger.o)
                0x00000000000132c6                PrepDL
                0x0000000000013354                AddDataDL
                0x0000000000013456                DataSizeDL
                0x00000000000134af                InitDL
                0x00000000000135d7                DLon
                0x00000000000135ed                DLoff
                0x0000000000013603                CloseDL
                0x000000000001365e                TriggerDL
                0x0000000000013749                InitDataFileDL
                0x000000000001384c                UpdateDL
                0x00000000000138cf                DLwrite
                0x0000000000013a08                flushDL
                0x0000000000013af1                evalDL
                0x0000000000013b17                DecodeDL
 .text          0x0000000000014771     0x2c1e ../../lib/libbtsystem.a(btcan_peakesd.o)
                0x000000000001497a                allowMessage
                0x000000000001498a                initCAN
                0x0000000000014cf0                freeCAN
                0x0000000000014d9e                canReadMsg
                0x0000000000014f92                canSendMsg
                0x00000000000150e9                canClearMsg
                0x0000000000015170                wakePuck
                0x00000000000151ac                setTorques
                0x0000000000015371                getPositions
                0x00000000000154fe                setProperty
                0x00000000000155f9                getProperty
                0x0000000000015738                getBusStatus
                0x0000000000015978                parseMessage
                0x0000000000015d42                compile
                0x0000000000015ddc                initPropertyDefs
 .text          0x000000000001738f     0x448d ../../lib/libbtsystem.a(btrobot.o)
                0x000000000001738f                new_btlink
                0x000000000001775f                new_bot
                0x0000000000017bcf                link_geom_bot
                0x0000000000017f6e                tool_geom_bot
                0x000000000001810b                tool_trans_bot
                0x00000000000181a7                link_mass_bot
                0x0000000000018327                tool_mass_bot
                0x00000000000183d6                make_transform_btlink
                0x00000000000185be                set_gravity_bot
                0x000000000001861d                get_gravity_bot
                0x0000000000018634                set_gravity_bot_calibrated
                0x000000000001866a                get_gravity_bot_calibrated
                0x000000000001867b                get_gravity_bot_is_calibrated
                0x000000000001868c                set_q_bot
                0x00000000000186ec                get_t_bot
                0x0000000000018716                eval_fk_bot
                0x0000000000018eb4                eval_fj_bot
                0x000000000001940d                Ln_to_W_bot
                0x000000000001945f                T_to_W_bot
                0x000000000001948c                Ln_to_W_trans_bot
                0x00000000000194c7                T_to_W_trans_bot
                0x00000000000194dd                eval_fd_bot
                0x0000000000019d6e                eval_bd_bot
                0x000000000001a45e                get_gravity_torques
                0x000000000001aebd                apply_force_bot
                0x000000000001b190                apply_tool_force_bot
                0x000000000001b2f9                dumptofile_bot
                0x000000000001b4c3                test_btrobot
 .text          0x000000000001b81c     0xb677 ../../lib/libbtsystem.a(btmath.o)
                0x000000000001b81c                addbtptr
                0x000000000001b88f                rembtptr
                0x000000000001b8e8                freebtptr
                0x000000000001b966                fill_vn
                0x000000000001b9ad                new_vn
                0x000000000001ba0f                init_vn
                0x000000000001ba9a                destroy_vn
                0x000000000001bab5                init_local_vn
                0x000000000001bb48                len_vn
                0x000000000001bb59                sizeof_vn
                0x000000000001bb73                new_vn_group
                0x000000000001bca8                set_vn
                0x000000000001bd26                setrange_vn
                0x000000000001bd90                extract_vn
                0x000000000001bde9                valptr_vn
                0x000000000001bdfb                inject_vn
                0x000000000001be54                setval_vn
                0x000000000001be85                getval_vn
                0x000000000001beab                const_vn
                0x000000000001bfee                einit_vn
                0x000000000001c031                subset_vn
                0x000000000001c0ae                reset_vn
                0x000000000001c0ca                neg_vn
                0x000000000001c135                scale_vn
                0x000000000001c19e                add_vn
                0x000000000001c21e                sub_vn
                0x000000000001c29e                dot_vn
                0x000000000001c317                norm_vn
                0x000000000001c3ab                angle_vn
                0x000000000001c427                unit_vn
                0x000000000001c4ee                unit_interp_vn
                0x000000000001c54a                interp_vn
                0x000000000001c5b9                bound_vn
                0x000000000001c67c                e_mul_vn
                0x000000000001c6fc                e_div_vn
                0x000000000001c7d0                e_pow_vn
                0x000000000001c859                e_sqrt_vn
                0x000000000001c8d4                e_sqr_vn
                0x000000000001c950                print_vn
                0x000000000001c9c5                sprint_vn
                0x000000000001caba                syslog_vn
                0x000000000001cb26                sprint_csv_vn
                0x000000000001cbe2                sprint_plt_vn
                0x000000000001cc9e                strcount_vn
                0x000000000001cf81                strto_vn
                0x000000000001d092                sscan_vn
                0x000000000001d170                csvto_vn
                0x000000000001d258                test_vn
                0x000000000001d655                new_vr
                0x000000000001d76a                destroy_vr
                0x000000000001d785                idx_vr
                0x000000000001d7c7                lval_vr
                0x000000000001d809                rval_vr
                0x000000000001d84b                edit_vr
                0x000000000001d88e                mapdat_vr
                0x000000000001d8c8                getvn_vr
                0x000000000001d925                append_vr
                0x000000000001d98f                next_vr
                0x000000000001d9bd                prev_vr
                0x000000000001d9e4                start_vr
                0x000000000001d9fa                end_vr
                0x000000000001da13                edit_at_vr
                0x000000000001da48                edit_point_vr
                0x000000000001da59                insert_vr
                0x000000000001db2d                delete_vr
                0x000000000001dbf1                numrows_vr
                0x000000000001dc02                numelements_vr
                0x000000000001dc13                maxrows_vr
                0x000000000001dc24                copy_sub_vr
                0x000000000001dd07                resize_vr
                0x000000000001dda4                clear_vr
                0x000000000001ddba                arclength_vr
                0x000000000001de42                read_csv_file_vr
                0x000000000001e169                write_csv_file_vr
                0x000000000001e2a2                test_vr
                0x000000000001e3de                fill_v3
                0x000000000001e429                new_v3
                0x000000000001e4bc                init_staticv3
                0x000000000001e545                set_v3
                0x000000000001e5a9                const_v3
                0x000000000001e601                C_v3
                0x000000000001e68d                setval_v3
                0x000000000001e6be                getval_v3
                0x000000000001e6e4                neg_v3
                0x000000000001e77a                scale_v3
                0x000000000001e800                add_v3
                0x000000000001e8ae                sub_v3
                0x000000000001e95c                cross_v3
                0x000000000001eabf                dot_v3
                0x000000000001eb39                norm_v3
                0x000000000001ebc6                unit_v3
                0x000000000001ed17                print_v3
                0x000000000001ed85                sprint_v3
                0x000000000001ee6b                test_v3
                0x000000000001f22a                fill_q
                0x000000000001f28a                new_q
                0x000000000001f31d                set_q
                0x000000000001f39e                const_q
                0x000000000001f410                C_q
                0x000000000001f4b5                setval_q
                0x000000000001f4e6                getval_q
                0x000000000001f50c                extract_q
                0x000000000001f565                inject_q
                0x000000000001f5be                conj_q
                0x000000000001f677                add_q
                0x000000000001f75c                sub_q
                0x000000000001f841                scale_q
                0x000000000001f8ef                dot_q
                0x000000000001f991                norm_q
                0x000000000001fa46                unit_q
                0x000000000001fb75                inv_q
                0x000000000001fcb0                pow_q
                0x000000000001fcef                mul_q
                0x000000000001ffeb                exp_q
                0x00000000000201d0                log_q
                0x000000000002033d                R_to_q
                0x00000000000204b0                q_to_R
                0x0000000000020727                GCdist_q
                0x0000000000020798                GCaxis_q
                0x0000000000020809                force_closest_q
                0x0000000000020928                angle_q
                0x00000000000209af                axis_q
                0x0000000000020a36                new_mn
                0x0000000000020b27                new_mn_ptr
                0x0000000000020be9                destroy_mn
                0x0000000000020c04                set_mn
                0x0000000000020cc3                ident_mn
                0x0000000000020d75                zero_mn
                0x0000000000020dc6                setrow_mn
                0x0000000000020e63                setcol_mn
                0x0000000000020f00                getcol_mn
                0x0000000000020f9d                getval_mn
                0x0000000000020fd4                setval_mn
                0x0000000000021016                scale_mn
                0x000000000002108f                mul_mn
                0x0000000000021271                T_mn
                0x000000000002132a                add_mn
                0x000000000002142f                matXvec_mn
                0x0000000000021525                sprint_mn
                0x000000000002167f                sprint_mh
                0x00000000000217dc                strto_mn
                0x0000000000021a0a                new_mh
                0x0000000000021ace                set_mh
                0x0000000000021c34                setrow_mh
                0x0000000000021caf                getcol_mh
                0x0000000000021d28                ident_mh
                0x0000000000021e7f                mul_mh
                0x00000000000225a3                setmul_mh
                0x0000000000022c9d                matXvec_mh
                0x0000000000022eb4                getval_mh
                0x0000000000022ee9                print_mh
                0x0000000000022f81                test_mh
                0x0000000000023120                bench_mh
                0x0000000000023188                new_m3
                0x0000000000023198                set_m3
                0x00000000000232fe                setrow_m3
                0x0000000000023363                ident_m3
                0x0000000000023466                getcol_m3
                0x00000000000234df                getval_m3
                0x0000000000023514                mul_m3
                0x0000000000023ab0                setmul_m3
                0x0000000000024022                T_m3
                0x0000000000024141                matr_mnXvect_3
                0x00000000000242d7                matXvec_m3
                0x00000000000244b2                matTXvec_m3
                0x000000000002468d                eqaxis_m3
                0x00000000000247f2                RtoXYZf_m3
                0x0000000000024a1d                RtoZYZf_m3
                0x0000000000024c51                XYZftoR_m3
                0x0000000000024e21                new_btfilter
                0x0000000000024ee2                syslog_filter
                0x00000000000250a4                eval_btfilter
                0x0000000000025216                init_btfilter_diff
                0x00000000000254f6                init_btfilter_butterworth_diff
                0x000000000002568b                init_btfilter_lowpass
                0x00000000000258ac                atan2_bt
                0x0000000000025976                interp_bt
                0x00000000000259e8                interpolate_bt
                0x0000000000025a6c                new_btfilter_vn
                0x0000000000025b50                eval_btfilter_vn
                0x0000000000025d3c                init_btfilter_vn_butterworth_diff
                0x0000000000025f4e                init_btfilter_vn_diff
                0x0000000000026327                test_btfilter
                0x000000000002644a                test_filter_vn
                0x000000000002661e                max_bt
                0x0000000000026646                min_bt
                0x000000000002666e                ludcmp
                0x0000000000026b12                lubksb
                0x0000000000026d0d                inv_mn
                0x0000000000026e03                det_mn
 .text          0x0000000000026e93      0x979 ../../lib/libbtsystem.a(btos.o)
                0x000000000002703c                syslog_backtrace
                0x000000000002708f                btmutex_init
                0x0000000000027104                btmutex_lock
                0x0000000000027145                btmutex_unlock
                0x0000000000027186                btptr_ok
                0x00000000000271c8                btptr_chk
                0x00000000000271e5                idx_bounds_ok
                0x000000000002723a                test_and_log
                0x000000000002727d                btmalloc
                0x00000000000272cd                btfree
                0x00000000000272f6                new_btthread
                0x0000000000027312                new_btrt_thread
                0x000000000002732b                free_btthread
                0x0000000000027346                btthread_create
                0x0000000000027459                btthread_done
                0x0000000000027494                btrt_thread_done
                0x00000000000274cf                btthread_stop
                0x000000000002751d                btthread_exit
                0x0000000000027533                btrt_thread_stop
                0x0000000000027559                btrt_thread_exit
                0x000000000002756f                btrt_thread_create
                0x0000000000027668                btrt_set_mode_soft
                0x0000000000027683                btrt_set_mode_hard
                0x000000000002769e                btrt_set_mode_warn
                0x00000000000276b9                btrt_get_time
                0x00000000000276d5                btrt_task_wait_period
                0x00000000000276eb                btrt_thread_join
                0x000000000002770b                btrt_mutex_create
                0x0000000000027743                btrt_mutex_init
                0x000000000002777b                btrt_mutex_lock
                0x00000000000277c6                btrt_mutex_unlock
 .text          0x000000000002780c     0x36a9 ../../lib/libbtsystem.a(btcontrol.o)
                0x000000000002780c                init_btPID
                0x00000000000278de                init_err_btPID
                0x00000000000278f4                reset_btPID
                0x000000000002794d                start_btPID
                0x00000000000279b1                stop_btPID
                0x00000000000279eb                step_btPID
                0x0000000000027bca                sety_btPID
                0x0000000000027c0c                setyref_btPID
                0x0000000000027c4e                setdt_btPID
                0x0000000000027c90                lastresult_btPID
                0x0000000000027cd1                eval_btPID
                0x0000000000027d52                eval_err_btPID
                0x0000000000027dc0                setinputs_btPID
                0x0000000000027e28                setgains_btPID
                0x0000000000027eb2                setsaturation_btPID
                0x0000000000027ef4                getgains_btPID
                0x0000000000027f61                getinputs_btPID
                0x0000000000027fcf                getsaturation_btPID
                0x0000000000028013                btposition_interface_mapf_btPID
                0x000000000002804b                btposition_interface_eval_btPID
                0x0000000000028133                btposition_interface_reset_btPID
                0x0000000000028182                btposition_interface_pause_btPID
                0x00000000000281d1                create_ct
                0x0000000000028219                readfile_ct
                0x0000000000028285                init_ct
                0x00000000000282a6                eval_ct
                0x00000000000282d5                done_ct
                0x0000000000028325                bttrajectory_interface_getstate_ct
                0x000000000002835b                bttrajectory_interface_reset_ct
                0x0000000000028388                bttrajectory_interface_eval_ct
                0x00000000000283ea                bttrajectory_interface_mapf_ct
                0x0000000000028422                start_via_trj
                0x0000000000028937                eval_via_trj
                0x0000000000029110                CalcSegment
                0x000000000002a08f                SetAcc_vt
                0x000000000002a0b0                malloc_vta
                0x000000000002a10d                read_file_vta
                0x000000000002a256                write_file_vta
                0x000000000002a287                sim_vta
                0x000000000002a482                set_acc_vta
                0x000000000002a4ff                set_vel_vta
                0x000000000002a524                new_vta
                0x000000000002a61e                destroy_vta
                0x000000000002a658                next_point_vta
                0x000000000002a67e                prev_point_vta
                0x000000000002a6a4                first_point_vta
                0x000000000002a6ca                last_point_vta
                0x000000000002a6f0                ins_point_vta
                0x000000000002a953                del_point_vta
                0x000000000002a97f                get_current_idx_vta
                0x000000000002a9ab                set_current_idx_vta
                0x000000000002a9df                get_current_point_vta
                0x000000000002aa25                get_vr_vta
                0x000000000002aa45                dist_adjust_vta
                0x000000000002abad                time_scale_vta
                0x000000000002ac76                reset_vta
                0x000000000002acfc                eval_vta
                0x000000000002ad53                bttrajectory_interface_getstate_vt
                0x000000000002ad83                bttrajectory_interface_reset_vt
                0x000000000002ae22                bttrajectory_interface_eval_vt
                0x000000000002ae7d                register_vta
 .text          0x000000000002aeb5     0x15d5 ../../lib/libbtsystem.a(btstatecontrol.o)
                0x000000000002aeb5                setprofile_traptrj
                0x000000000002aefe                start_traptrj
                0x000000000002b062                evaluate_traptrj
                0x000000000002b37b                mapdata_bttrj
                0x000000000002b3a5                mapdata_btpos
                0x000000000002b40c                map_btstatecontrol
                0x000000000002b4fd                maptrajectory_bts
                0x000000000002b5f5                mapposition_bts
                0x000000000002b6dc                init_bts
                0x000000000002b7d9                eval_trj_bts
                0x000000000002b96e                eval_bts
                0x000000000002ba95                getmode_bts
                0x000000000002baa5                get_trjstate_bts
                0x000000000002bae9                setmode_bts
                0x000000000002bbc8                start_trj_bts
                0x000000000002be2c                moveto_bts
                0x000000000002c022                moveparm_bts
                0x000000000002c081                movestatus_bts
                0x000000000002c095                stop_trj_bts
                0x000000000002c0da                pause_trj_bts
                0x000000000002c177                unpause_trj_bts
                0x000000000002c214                init_btramp
                0x000000000002c27b                set_btramp
                0x000000000002c2b7                get_btramp
                0x000000000002c2cc                getstate_btramp
                0x000000000002c2dd                eval_btramp
                0x000000000002c448                setrate_btramp
 .text          0x000000000002c48a     0x1033 ../../lib/libbtsystem.a(btparser.o)
                0x000000000002c48a                stripComments
                0x000000000002c4e7                nestLine
                0x000000000002c586                getKey
                0x000000000002c601                assignLine
                0x000000000002c987                killLine
                0x000000000002c9de                parseFile
                0x000000000002c9ff                btParseFile
                0x000000000002d11e                parseGetVal
                0x000000000002d14c                btParseGetVal
                0x000000000002d456                btParseClose
 .text          0x000000000002d4bd     0x1803 ../../lib/libbtsystem.a(btseg.o)
                0x000000000002d4bd                dump_pb
                0x000000000002d51f                dup_pb
                0x000000000002d584                sp_of_t_pb
                0x000000000002d5e4                s_of_t_pb
                0x000000000002d665                s_of_t_pbl
                0x000000000002d6ed                sp_of_t_pbl
                0x000000000002d775                boundary_pb
                0x000000000002d812                s0sfspftf_pb
                0x000000000002d8eb                blend_pb
                0x000000000002d9ae                new_pa
                0x000000000002da26                destroy_pa
                0x000000000002da41                clear_pa
                0x000000000002da57                add_bseg_pa
                0x000000000002db77                reset_pa
                0x000000000002dbca                eval_pa
                0x000000000002dc3f                new_pavn
                0x000000000002dcdf                destroy_pavn
                0x000000000002dd54                clear_pavn
                0x000000000002dd9b                reset_pavn
                0x000000000002ddfe                eval_pavn
                0x000000000002de73                getstate_pavn
                0x000000000002dec6                vr2pararray
 .text          0x000000000002ecc0      0xcb0 ../../lib/libbtsystem.a(btpath.o)
                0x000000000002ecc0                new_pwl
                0x000000000002ecdc                init_pwl
                0x000000000002ed9c                init_pwl_from_vectray
                0x000000000002ef14                free_pwl
                0x000000000002ef3f                new_param_by_arclen_pwl
                0x000000000002f0ce                idxa_pwl
                0x000000000002f0fc                idxb_pwl
                0x000000000002f12a                add_arclen_point_pwl
                0x000000000002f203                add_point_pwl
                0x000000000002f2ba                clear_pwl
                0x000000000002f322                add_vectray_pwl
                0x000000000002f411                get_segment_pwl
                0x000000000002f532                getnodes_pwl
                0x000000000002f558                getval_pwl
                0x000000000002f6cb                ds_pwl
                0x000000000002f8fc                dsinit_pwl
                0x000000000002f928                arclength_pwl
 .text          0x000000000002f970       0x49 /usr/xenomai/lib/xenomai/bootstrap.o
                0x000000000002f970                xenomai_main
                0x000000000002f970                __wrap_main
 *fill*         0x000000000002f9b9        0x7 
 .text          0x000000000002f9c0       0x72 /usr/lib/x86_64-linux-gnu/libc_nonshared.a(elf-init.oS)
                0x000000000002f9c0                __libc_csu_init
                0x000000000002fa30                __libc_csu_fini
 .text          0x000000000002fa32        0x0 /usr/lib/gcc/x86_64-linux-gnu/7/crtendS.o
 .text          0x000000000002fa32        0x0 /usr/lib/gcc/x86_64-linux-gnu/7/../../../x86_64-linux-gnu/crtn.o
 *(.gnu.warning)

.fini           0x000000000002fa34        0x9
 *(SORT_NONE(.fini))
 .fini          0x000000000002fa34        0x4 /usr/lib/gcc/x86_64-linux-gnu/7/../../../x86_64-linux-gnu/crti.o
                0x000000000002fa34                _fini
 .fini          0x000000000002fa38        0x5 /usr/lib/gcc/x86_64-linux-gnu/7/../../../x86_64-linux-gnu/crtn.o
                [!provide]                        PROVIDE (__etext = .)
                [!provide]                        PROVIDE (_etext = .)
                [!provide]                        PROVIDE (etext = .)

.rodata         0x000000000002fa40     0x3698
 *(.rodata .rodata.* .gnu.linkonce.r.*)
 .rodata.cst4   0x000000000002fa40        0x4 /usr/lib/gcc/x86_64-linux-gnu/7/../../../x86_64-linux-gnu/Scrt1.o
                0x000000000002fa40                _IO_stdin_used
 *fill*         0x000000000002fa44        0x4 
 .rodata        0x000000000002fa48      0x560 main.o
 *fill*         0x000000000002ffa8        0x8 
 .rodata        0x000000000002ffb0      0x690 ../../lib/libbtwam.a(btwam.o)
 .rodata        0x0000000000030640        0x8 ../../lib/libbtwam.a(gimbals.o)
 .rodata        0x0000000000030648      0xf00 ../../lib/libbtsystem.a(btsystem.o)
 .rodata        0x0000000000031548      0x164 ../../lib/libbtsystem.a(btlogger.o)
 *fill*         0x00000000000316ac       0x14 
 .rodata        0x00000000000316c0      0x589 ../../lib/libbtsystem.a(btcan_peakesd.o)
                0x00000000000316c0                dataType
 *fill*         0x0000000000031c49        0x7 
 .rodata        0x0000000000031c50      0x1b0 ../../lib/libbtsystem.a(btrobot.o)
 .rodata        0x0000000000031e00      0x768 ../../lib/libbtsystem.a(btmath.o)
 .rodata        0x0000000000032568      0x1e7 ../../lib/libbtsystem.a(btos.o)
 *fill*         0x000000000003274f        0x1 
 .rodata        0x0000000000032750      0x5e8 ../../lib/libbtsystem.a(btcontrol.o)
 *fill*         0x0000000000032d38        0x8 
 .rodata        0x0000000000032d40      0x188 ../../lib/libbtsystem.a(btstatecontrol.o)
 .rodata        0x0000000000032ec8       0xbc ../../lib/libbtsystem.a(btparser.o)
 *fill*         0x0000000000032f84        0xc 
 .rodata        0x0000000000032f90       0xe8 ../../lib/libbtsystem.a(btseg.o)
 *fill*         0x0000000000033078        0x8 
 .rodata        0x0000000000033080       0x40 ../../lib/libbtsystem.a(btpath.o)
 .rodata.str1.1
                0x00000000000330c0       0x13 /usr/xenomai/lib/xenomai/bootstrap.o
 *fill*         0x00000000000330d3        0x1 
 .rodata        0x00000000000330d4        0x4 /usr/xenomai/lib/xenomai/bootstrap.o
                0x00000000000330d4                xenomai_auto_bootstrap

.rodata1
 *(.rodata1)

.eh_frame_hdr   0x00000000000330d8      0xf84
 *(.eh_frame_hdr)
 .eh_frame_hdr  0x00000000000330d8      0xf84 /usr/lib/gcc/x86_64-linux-gnu/7/../../../x86_64-linux-gnu/Scrt1.o
                0x00000000000330d8                __GNU_EH_FRAME_HDR
 *(.eh_frame_entry .eh_frame_entry.*)

.eh_frame       0x0000000000034060     0x3ef8
 *(.eh_frame)
 .eh_frame      0x0000000000034060       0x30 /usr/lib/gcc/x86_64-linux-gnu/7/../../../x86_64-linux-gnu/Scrt1.o
                                         0x2c (size before relaxing)
 *fill*         0x0000000000034090        0x0 
 .eh_frame      0x0000000000034090       0x40 /usr/lib/gcc/x86_64-linux-gnu/7/../../../x86_64-linux-gnu/Scrt1.o
 .eh_frame      0x00000000000340d0       0x18 /usr/lib/gcc/x86_64-linux-gnu/7/../../../x86_64-linux-gnu/Scrt1.o
                                         0x30 (size before relaxing)
 .eh_frame      0x00000000000340e8       0x40 main.o
                                         0x58 (size before relaxing)
 .eh_frame      0x0000000000034128      0x490 ../../lib/libbtwam.a(btwam.o)
                                        0x4a8 (size before relaxing)
 .eh_frame      0x00000000000345b8       0x40 ../../lib/libbtwam.a(gimbals.o)
                                         0x58 (size before relaxing)
 .eh_frame      0x00000000000345f8      0x2c8 ../../lib/libbtsystem.a(btsystem.o)
                                        0x2e0 (size before relaxing)
 .eh_frame      0x00000000000348c0      0x1c0 ../../lib/libbtsystem.a(btlogger.o)
                                        0x1d8 (size before relaxing)
 .eh_frame      0x0000000000034a80      0x2a0 ../../lib/libbtsystem.a(btcan_peakesd.o)
                                        0x2b8 (size before relaxing)
 .eh_frame      0x0000000000034d20      0x3a8 ../../lib/libbtsystem.a(btrobot.o)
                                        0x3c0 (size before relaxing)
 .eh_frame      0x00000000000350c8     0x1800 ../../lib/libbtsystem.a(btmath.o)
                                       0x1818 (size before relaxing)
 .eh_frame      0x00000000000368c8      0x478 ../../lib/libbtsystem.a(btos.o)
                                        0x490 (size before relaxing)
 .eh_frame      0x0000000000036d40      0x7b0 ../../lib/libbtsystem.a(btcontrol.o)
                                        0x7c8 (size before relaxing)
 .eh_frame      0x00000000000374f0      0x360 ../../lib/libbtsystem.a(btstatecontrol.o)
                                        0x378 (size before relaxing)
 .eh_frame      0x0000000000037850      0x148 ../../lib/libbtsystem.a(btparser.o)
                                        0x160 (size before relaxing)
 .eh_frame      0x0000000000037998      0x2c8 ../../lib/libbtsystem.a(btseg.o)
                                        0x2e0 (size before relaxing)
 .eh_frame      0x0000000000037c60      0x230 ../../lib/libbtsystem.a(btpath.o)
                                        0x248 (size before relaxing)
 .eh_frame      0x0000000000037e90       0x68 /usr/xenomai/lib/xenomai/bootstrap.o
                                         0x80 (size before relaxing)
 .eh_frame      0x0000000000037ef8       0x5c /usr/lib/x86_64-linux-gnu/libc_nonshared.a(elf-init.oS)
                                         0x78 (size before relaxing)
 .eh_frame      0x0000000000037f54        0x4 /usr/lib/gcc/x86_64-linux-gnu/7/crtendS.o
 *(.eh_frame.*)

.gcc_except_table
 *(.gcc_except_table .gcc_except_table.*)

.gnu_extab
 *(.gnu_extab*)

.exception_ranges
 *(.exception_ranges .exception_ranges*)
                0x0000000000238a30                . = DATA_SEGMENT_ALIGN (CONSTANT (MAXPAGESIZE), CONSTANT (COMMONPAGESIZE))

.eh_frame
 *(.eh_frame)
 *(.eh_frame.*)

.gnu_extab
 *(.gnu_extab)

.gcc_except_table
 *(.gcc_except_table .gcc_except_table.*)

.exception_ranges
 *(.exception_ranges .exception_ranges*)

.tdata
 *(.tdata .tdata.* .gnu.linkonce.td.*)

.tbss
 *(.tbss .tbss.* .gnu.linkonce.tb.*)
 *(.tcommon)

.preinit_array  0x0000000000238a30        0x0
                [!provide]                        PROVIDE (__preinit_array_start = .)
 *(.preinit_array)
                [!provide]                        PROVIDE (__preinit_array_end = .)

.init_array     0x0000000000238a30       0x10
                0x0000000000238a30                PROVIDE (__init_array_start = .)
 *(SORT_BY_INIT_PRIORITY(.init_array.*) SORT_BY_INIT_PRIORITY(.ctors.*))
 .init_array.00220
                0x0000000000238a30        0x8 /usr/xenomai/lib/xenomai/bootstrap.o
 *(.init_array EXCLUDE_FILE(*crtend?.o *crtend.o *crtbegin?.o *crtbegin.o) .ctors)
 .init_array    0x0000000000238a38        0x8 /usr/lib/gcc/x86_64-linux-gnu/7/crtbeginS.o
                0x0000000000238a40                PROVIDE (__init_array_end = .)

.fini_array     0x0000000000238a40        0x8
                [!provide]                        PROVIDE (__fini_array_start = .)
 *(SORT_BY_INIT_PRIORITY(.fini_array.*) SORT_BY_INIT_PRIORITY(.dtors.*))
 *(.fini_array EXCLUDE_FILE(*crtend?.o *crtend.o *crtbegin?.o *crtbegin.o) .dtors)
 .fini_array    0x0000000000238a40        0x8 /usr/lib/gcc/x86_64-linux-gnu/7/crtbeginS.o
                [!provide]                        PROVIDE (__fini_array_end = .)

.ctors
 *crtbegin.o(.ctors)
 *crtbegin?.o(.ctors)
 *(EXCLUDE_FILE(*crtend?.o *crtend.o) .ctors)
 *(SORT_BY_NAME(.ctors.*))
 *(.ctors)

.dtors
 *crtbegin.o(.dtors)
 *crtbegin?.o(.dtors)
 *(EXCLUDE_FILE(*crtend?.o *crtend.o) .dtors)
 *(SORT_BY_NAME(.dtors.*))
 *(.dtors)

.jcr
 *(.jcr)

.data.rel.ro    0x0000000000238a48        0x0
 *(.data.rel.ro.local* .gnu.linkonce.d.rel.ro.local.*)
 *(.data.rel.ro .data.rel.ro.* .gnu.linkonce.d.rel.ro.*)
 .data.rel.ro   0x0000000000238a48        0x0 /usr/lib/gcc/x86_64-linux-gnu/7/../../../x86_64-linux-gnu/Scrt1.o

.dynamic        0x0000000000238a48      0x280
 *(.dynamic)
 .dynamic       0x0000000000238a48      0x280 /usr/lib/gcc/x86_64-linux-gnu/7/../../../x86_64-linux-gnu/Scrt1.o
                0x0000000000238a48                _DYNAMIC

.got            0x0000000000238cc8      0x338
 *(.got.plt)
 .got.plt       0x0000000000238cc8      0x310 /usr/lib/gcc/x86_64-linux-gnu/7/../../../x86_64-linux-gnu/Scrt1.o
                0x0000000000238cc8                _GLOBAL_OFFSET_TABLE_
 *(.igot.plt)
 *(.got)
 .got           0x0000000000238fd8       0x28 /usr/lib/gcc/x86_64-linux-gnu/7/../../../x86_64-linux-gnu/Scrt1.o
 *(.igot)
                0x0000000000239000                . = DATA_SEGMENT_RELRO_END (., 0x0)

.data           0x0000000000239000      0x31d
 *(.data .data.* .gnu.linkonce.d.*)
 .data          0x0000000000239000        0x4 /usr/lib/gcc/x86_64-linux-gnu/7/../../../x86_64-linux-gnu/Scrt1.o
                0x0000000000239000                data_start
                0x0000000000239000                __data_start
 .data          0x0000000000239004        0x0 /usr/lib/gcc/x86_64-linux-gnu/7/../../../x86_64-linux-gnu/crti.o
 .data          0x0000000000239004        0x0 /usr/lib/gcc/x86_64-linux-gnu/7/crtbeginS.o
 *fill*         0x0000000000239004        0x4 
 .data.rel.local
                0x0000000000239008        0x8 /usr/lib/gcc/x86_64-linux-gnu/7/crtbeginS.o
                0x0000000000239008                __dso_handle
 .data          0x0000000000239010        0x0 main.o
 .data          0x0000000000239010        0x0 ../../lib/libbtwam.a(btwam.o)
 .data          0x0000000000239010        0x0 ../../lib/libbtwam.a(gimbals.o)
 .data          0x0000000000239010        0x0 ../../lib/libbtsystem.a(btsystem.o)
 .data          0x0000000000239010        0x0 ../../lib/libbtsystem.a(btlogger.o)
 .data          0x0000000000239010        0x0 ../../lib/libbtsystem.a(btcan_peakesd.o)
 .data          0x0000000000239010        0x0 ../../lib/libbtsystem.a(btrobot.o)
 .data          0x0000000000239010        0x0 ../../lib/libbtsystem.a(btmath.o)
 .data          0x0000000000239010        0x0 ../../lib/libbtsystem.a(btos.o)
 .data          0x0000000000239010        0x0 ../../lib/libbtsystem.a(btcontrol.o)
 .data          0x0000000000239010        0x0 ../../lib/libbtsystem.a(btstatecontrol.o)
 *fill*         0x0000000000239010       0x10 
 .data          0x0000000000239020      0x2fd ../../lib/libbtsystem.a(btparser.o)
                0x0000000000239020                btparser_default
 .data          0x000000000023931d        0x0 ../../lib/libbtsystem.a(btseg.o)
 .data          0x000000000023931d        0x0 ../../lib/libbtsystem.a(btpath.o)
 .data          0x000000000023931d        0x0 /usr/xenomai/lib/xenomai/bootstrap.o
 .data          0x000000000023931d        0x0 /usr/lib/x86_64-linux-gnu/libc_nonshared.a(elf-init.oS)
 .data          0x000000000023931d        0x0 /usr/lib/gcc/x86_64-linux-gnu/7/crtendS.o
 .data          0x000000000023931d        0x0 /usr/lib/gcc/x86_64-linux-gnu/7/../../../x86_64-linux-gnu/crtn.o

.tm_clone_table
                0x0000000000239320        0x0
 .tm_clone_table
                0x0000000000239320        0x0 /usr/lib/gcc/x86_64-linux-gnu/7/crtbeginS.o
 .tm_clone_table
                0x0000000000239320        0x0 /usr/lib/gcc/x86_64-linux-gnu/7/crtendS.o

.data1
 *(.data1)
                0x0000000000239320                _edata = .
                [!provide]                        PROVIDE (edata = .)
                0x0000000000239320                . = .
                0x0000000000239320                __bss_start = .

.bss            0x0000000000239320     0x2a48
 *(.dynbss)
 .dynbss        0x0000000000239320       0x68 /usr/lib/gcc/x86_64-linux-gnu/7/../../../x86_64-linux-gnu/Scrt1.o
                0x0000000000239320                stdout@@GLIBC_2.2.5
                0x0000000000239340                alchemy_clock
 *(.bss .bss.* .gnu.linkonce.b.*)
 .bss           0x0000000000239388        0x0 /usr/lib/gcc/x86_64-linux-gnu/7/../../../x86_64-linux-gnu/Scrt1.o
 .bss           0x0000000000239388        0x0 /usr/lib/gcc/x86_64-linux-gnu/7/../../../x86_64-linux-gnu/crti.o
 .bss           0x0000000000239388        0x1 /usr/lib/gcc/x86_64-linux-gnu/7/crtbeginS.o
 .bss           0x0000000000239389        0x0 main.o
 *fill*         0x0000000000239389        0x3 
 .bss           0x000000000023938c        0x4 ../../lib/libbtwam.a(btwam.o)
                0x000000000023938c                numMaintThreads
 .bss           0x0000000000239390        0x4 ../../lib/libbtwam.a(gimbals.o)
                0x0000000000239390                gimbalsInit
 *fill*         0x0000000000239394        0x4 
 .bss           0x0000000000239398       0x20 ../../lib/libbtsystem.a(btsystem.o)
                0x0000000000239398                act_data_valid
                0x000000000023939c                extra_pucks
                0x00000000002393a0                buses
                0x00000000002393a8                num_buses
                0x00000000002393ac                bus_data_valid
 .bss           0x00000000002393b8        0x0 ../../lib/libbtsystem.a(btlogger.o)
 .bss           0x00000000002393b8        0x0 ../../lib/libbtsystem.a(btcan_peakesd.o)
 .bss           0x00000000002393b8        0x0 ../../lib/libbtsystem.a(btrobot.o)
 *fill*         0x00000000002393b8        0x8 
 .bss           0x00000000002393c0      0x118 ../../lib/libbtsystem.a(btmath.o)
                0x00000000002393c0                num_btptrs
 .bss           0x00000000002394d8        0x0 ../../lib/libbtsystem.a(btos.o)
 .bss           0x00000000002394d8        0x0 ../../lib/libbtsystem.a(btcontrol.o)
 .bss           0x00000000002394d8        0x0 ../../lib/libbtsystem.a(btstatecontrol.o)
 .bss           0x00000000002394d8        0x4 ../../lib/libbtsystem.a(btparser.o)
                0x00000000002394d8                multi
 .bss           0x00000000002394dc        0x0 ../../lib/libbtsystem.a(btseg.o)
 .bss           0x00000000002394dc        0x0 ../../lib/libbtsystem.a(btpath.o)
 *fill*         0x00000000002394dc        0x4 
 .bss           0x00000000002394e0        0xc /usr/xenomai/lib/xenomai/bootstrap.o
 .bss           0x00000000002394ec        0x0 /usr/lib/x86_64-linux-gnu/libc_nonshared.a(elf-init.oS)
 .bss           0x00000000002394ec        0x0 /usr/lib/gcc/x86_64-linux-gnu/7/crtendS.o
 .bss           0x00000000002394ec        0x0 /usr/lib/gcc/x86_64-linux-gnu/7/../../../x86_64-linux-gnu/crtn.o
 *(COMMON)
 *fill*         0x00000000002394ec       0x14 
 COMMON         0x0000000000239500      0x35c main.o
                0x0000000000239500                PEN
                0x0000000000239504                COMMON_END
                0x0000000000239508                wam
                0x0000000000239510                LOAD
                0x0000000000239514                JIDX
                0x0000000000239518                VL1
                0x000000000023951c                IOFF
                0x0000000000239520                VOLTL1
                0x0000000000239524                SAFETY_END
                0x0000000000239528                LOG1
                0x000000000023952c                BAUD
                0x0000000000239530                LOG3
                0x0000000000239534                VALUE
                0x0000000000239538                ROLE
                0x000000000023953c                LFAP
                0x0000000000239540                SAVE
                0x0000000000239544                LFDP
                0x0000000000239548                KD
                0x000000000023954c                D
                0x0000000000239550                LSG
                0x0000000000239554                B
                0x0000000000239558                HSG
                0x000000000023955c                TIE
                0x0000000000239560                VOLTH2
                0x0000000000239564                SN
                0x0000000000239568                IOFST
                0x000000000023956c                T
                0x0000000000239570                KP
                0x0000000000239574                IMOTOR
                0x0000000000239578                P
                0x000000000023957c                V
                0x0000000000239580                CT
                0x0000000000239584                JOFST
                0x0000000000239588                VLOGIC
                0x000000000023958c                TSTOP
                0x0000000000239590                TACT
                0x0000000000239594                EN2
                0x0000000000239598                P2
                0x000000000023959c                X0
                0x00000000002395a0                HALLS
                0x00000000002395a4                FIND
                0x00000000002395a8                GRPA
                0x00000000002395ac                GAIN2
                0x00000000002395b0                MPE
                0x00000000002395b4                X2
                0x00000000002395b8                ANA1
                0x00000000002395bc                X4
                0x00000000002395c0                X6
                0x00000000002395c4                IKI
                0x00000000002395c8                ACCEL
                0x00000000002395cc                GRPC
                0x00000000002395d0                TORQ
                0x00000000002395d4                VNOM
                0x00000000002395e0                wam_thd
                0x0000000000239638                ISQ
                0x000000000023963c                POLES
                0x0000000000239640                MOFST
                0x0000000000239644                LCVC
                0x0000000000239648                TEMP
                0x000000000023964c                HOLD
                0x0000000000239650                OFFSET3
                0x0000000000239654                MAXPWR
                0x0000000000239658                BRAKE
                0x000000000023965c                TETAE
                0x0000000000239660                PWR
                0x0000000000239664                AP2
                0x0000000000239668                E2
                0x000000000023966c                HALLH2
                0x0000000000239670                MT
                0x0000000000239674                LOCK
                0x0000000000239678                OFFSET1
                0x000000000023967c                MCV
                0x0000000000239680                M2
                0x0000000000239684                PIDX
                0x0000000000239688                IVEL
                0x000000000023968c                VERS
                0x0000000000239690                _DS
                0x0000000000239694                EN
                0x0000000000239698                MD
                0x000000000023969c                DIG1
                0x00000000002396a0                DP2
                0x00000000002396a4                MV
                0x00000000002396c0                can_thd
                0x0000000000239718                FET1
                0x000000000023971c                TENSO
                0x0000000000239720                CTS
                0x0000000000239724                MECH2
                0x0000000000239728                OT2
                0x000000000023972c                CMD
                0x0000000000239730                TENSION
                0x0000000000239734                LFV
                0x0000000000239738                LFT
                0x000000000023973c                TL2
                0x0000000000239740                JP
                0x0000000000239744                VL2
                0x0000000000239748                RATIO
                0x000000000023974c                OTEMP
                0x0000000000239750                SAMPLE
                0x0000000000239754                LCTC
                0x0000000000239758                LOG2
                0x000000000023975c                LOG4
                0x0000000000239760                IOFF2
                0x0000000000239764                HALLH
                0x0000000000239768                SG
                0x000000000023976c                E
                0x0000000000239770                JP2
                0x0000000000239774                STAT
                0x0000000000239778                VOLTL2
                0x000000000023977c                M
                0x0000000000239780                LCV
                0x0000000000239784                VOLTH1
                0x0000000000239788                JOFST2
                0x000000000023978c                IPNM
                0x0000000000239790                IKCOR
                0x0000000000239794                OD
                0x0000000000239798                ADDR
                0x000000000023979c                KI
                0x00000000002397a0                OT
                0x00000000002397a4                DEF
                0x00000000002397a8                X1
                0x00000000002397ac                X3
                0x00000000002397b0                X5
                0x00000000002397b4                GAIN1
                0x00000000002397b8                X7
                0x00000000002397bc                GAIN3
                0x00000000002397c0                ANA0
                0x00000000002397c4                IKP
                0x00000000002397c8                GRPB
                0x00000000002397cc                MDS
                0x00000000002397d0                LOG
                0x00000000002397d4                MECH
                0x00000000002397d8                DP
                0x00000000002397dc                CTS2
                0x00000000002397e0                ERROR
                0x00000000002397e4                ECMIN
                0x00000000002397e8                ECMAX
                0x00000000002397ec                startDone
                0x00000000002397f0                UPSECS
                0x00000000002397f4                UNITS
                0x00000000002397f8                LFLAGS
                0x00000000002397fc                ID
                0x0000000000239800                PROP_END
                0x0000000000239804                PTEMP
                0x0000000000239808                TACTID
                0x000000000023980c                MOV
                0x0000000000239810                OFFSET2
                0x0000000000239814                ZERO
                0x0000000000239818                MODE
                0x000000000023981c                _LOCK
                0x0000000000239820                THERM
                0x0000000000239824                AP
                0x0000000000239828                TENST
                0x000000000023982c                DIG0
                0x0000000000239830                SAFE
                0x0000000000239834                CT2
                0x0000000000239838                FET0
                0x000000000023983c                IFAULT
                0x0000000000239840                VALUE32
                0x0000000000239844                LFS
                0x0000000000239848                TL1
                0x000000000023984c                P_OLD
                0x0000000000239850                DUMP
                0x0000000000239854                VBUS
                0x0000000000239858                ILOGIC
 *fill*         0x000000000023985c        0x4 
 COMMON         0x0000000000239860       0x38 ../../lib/libbtwam.a(gimbals.o)
                0x0000000000239860                gimbalsGain
                0x0000000000239880                gimbalsOffset
 *fill*         0x0000000000239898        0x8 
 COMMON         0x00000000002398a0      0x154 ../../lib/libbtsystem.a(btsystem.o)
                0x00000000002398a0                firstPos
                0x00000000002398b0                timev
                0x00000000002398c0                insanePos
                0x0000000000239940                CPU_cycles_per_second
                0x0000000000239960                invalidPos
                0x00000000002399e0                act
                0x00000000002399e8                safetyBoardID
                0x00000000002399f0                num_actuators
 *fill*         0x00000000002399f4        0xc 
 COMMON         0x0000000000239a00      0x14c ../../lib/libbtsystem.a(btcan_peakesd.o)
                0x0000000000239a00                commMutex
                0x0000000000239a20                can_accept
                0x0000000000239a30                canDev
                0x0000000000239a40                jointPosition
                0x0000000000239b40                mask
 *fill*         0x0000000000239b4c       0x14 
 COMMON         0x0000000000239b60     0x1f40 ../../lib/libbtsystem.a(btmath.o)
                0x0000000000239b60                btptrs
 COMMON         0x000000000023baa0      0x1b8 ../../lib/libbtsystem.a(btos.o)
                0x000000000023baa0                backtracesize
                0x000000000023bac0                backtracearray
                0x000000000023bc50                backtracestrings
 *fill*         0x000000000023bc58        0x8 
 COMMON         0x000000000023bc60      0x108 ../../lib/libbtsystem.a(btparser.o)
                0x000000000023bc60                hdr
                0x000000000023bd60                outFile
                0x000000000023bd68                . = ALIGN ((. != 0x0)?0x8:0x1)

.lbss
 *(.dynlbss)
 *(.lbss .lbss.* .gnu.linkonce.lb.*)
 *(LARGE_COMMON)
                0x000000000023bd68                . = ALIGN (0x8)
                0x000000000023bd68                . = SEGMENT_START ("ldata-segment", .)

.lrodata
 *(.lrodata .lrodata.* .gnu.linkonce.lr.*)

.ldata          0x000000000063bd68        0x0
 *(.ldata .ldata.* .gnu.linkonce.l.*)
                0x000000000063bd68                . = ALIGN ((. != 0x0)?0x8:0x1)
                0x000000000063bd68                . = ALIGN (0x8)
                0x000000000063bd68                _end = .
                [!provide]                        PROVIDE (end = .)
                0x000000000063bd68                . = DATA_SEGMENT_END (.)

.stab
 *(.stab)

.stabstr
 *(.stabstr)

.stab.excl
 *(.stab.excl)

.stab.exclstr
 *(.stab.exclstr)

.stab.index
 *(.stab.index)

.stab.indexstr
 *(.stab.indexstr)

.comment        0x0000000000000000       0x2a
 *(.comment)
 .comment       0x0000000000000000       0x2a /usr/lib/gcc/x86_64-linux-gnu/7/crtbeginS.o
                                         0x2b (size before relaxing)
 .comment       0x000000000000002a       0x2b main.o
 .comment       0x000000000000002a       0x2b ../../lib/libbtwam.a(btwam.o)
 .comment       0x000000000000002a       0x2b ../../lib/libbtwam.a(gimbals.o)
 .comment       0x000000000000002a       0x2b ../../lib/libbtsystem.a(btsystem.o)
 .comment       0x000000000000002a       0x2b ../../lib/libbtsystem.a(btlogger.o)
 .comment       0x000000000000002a       0x2b ../../lib/libbtsystem.a(btcan_peakesd.o)
 .comment       0x000000000000002a       0x2b ../../lib/libbtsystem.a(btrobot.o)
 .comment       0x000000000000002a       0x2b ../../lib/libbtsystem.a(btmath.o)
 .comment       0x000000000000002a       0x2b ../../lib/libbtsystem.a(btos.o)
 .comment       0x000000000000002a       0x2b ../../lib/libbtsystem.a(btcontrol.o)
 .comment       0x000000000000002a       0x2b ../../lib/libbtsystem.a(btstatecontrol.o)
 .comment       0x000000000000002a       0x2b ../../lib/libbtsystem.a(btparser.o)
 .comment       0x000000000000002a       0x2b ../../lib/libbtsystem.a(btseg.o)
 .comment       0x000000000000002a       0x2b ../../lib/libbtsystem.a(btpath.o)
 .comment       0x000000000000002a       0x2b /usr/xenomai/lib/xenomai/bootstrap.o
 .comment       0x000000000000002a       0x2b /usr/lib/gcc/x86_64-linux-gnu/7/crtendS.o

.debug
 *(.debug)

.line
 *(.line)

.debug_srcinfo
 *(.debug_srcinfo)

.debug_sfnames
 *(.debug_sfnames)

.debug_aranges  0x0000000000000000      0x2a0
 *(.debug_aranges)
 .debug_aranges
                0x0000000000000000       0x30 main.o
 .debug_aranges
                0x0000000000000030       0x30 ../../lib/libbtwam.a(btwam.o)
 .debug_aranges
                0x0000000000000060       0x30 ../../lib/libbtwam.a(gimbals.o)
 .debug_aranges
                0x0000000000000090       0x30 ../../lib/libbtsystem.a(btsystem.o)
 .debug_aranges
                0x00000000000000c0       0x30 ../../lib/libbtsystem.a(btlogger.o)
 .debug_aranges
                0x00000000000000f0       0x30 ../../lib/libbtsystem.a(btcan_peakesd.o)
 .debug_aranges
                0x0000000000000120       0x30 ../../lib/libbtsystem.a(btrobot.o)
 .debug_aranges
                0x0000000000000150       0x30 ../../lib/libbtsystem.a(btmath.o)
 .debug_aranges
                0x0000000000000180       0x30 ../../lib/libbtsystem.a(btos.o)
 .debug_aranges
                0x00000000000001b0       0x30 ../../lib/libbtsystem.a(btcontrol.o)
 .debug_aranges
                0x00000000000001e0       0x30 ../../lib/libbtsystem.a(btstatecontrol.o)
 .debug_aranges
                0x0000000000000210       0x30 ../../lib/libbtsystem.a(btparser.o)
 .debug_aranges
                0x0000000000000240       0x30 ../../lib/libbtsystem.a(btseg.o)
 .debug_aranges
                0x0000000000000270       0x30 ../../lib/libbtsystem.a(btpath.o)

.debug_pubnames
 *(.debug_pubnames)

.debug_info     0x0000000000000000    0x1c114
 *(.debug_info .gnu.linkonce.wi.*)
 .debug_info    0x0000000000000000     0x2840 main.o
 .debug_info    0x0000000000002840     0x3a6f ../../lib/libbtwam.a(btwam.o)
 .debug_info    0x00000000000062af     0x27e9 ../../lib/libbtwam.a(gimbals.o)
 .debug_info    0x0000000000008a98     0x2afc ../../lib/libbtsystem.a(btsystem.o)
 .debug_info    0x000000000000b594      0xcc4 ../../lib/libbtsystem.a(btlogger.o)
 .debug_info    0x000000000000c258     0x26c1 ../../lib/libbtsystem.a(btcan_peakesd.o)
 .debug_info    0x000000000000e919     0x160d ../../lib/libbtsystem.a(btrobot.o)
 .debug_info    0x000000000000ff26     0x4dd5 ../../lib/libbtsystem.a(btmath.o)
 .debug_info    0x0000000000014cfb      0xf77 ../../lib/libbtsystem.a(btos.o)
 .debug_info    0x0000000000015c72     0x2550 ../../lib/libbtsystem.a(btcontrol.o)
 .debug_info    0x00000000000181c2     0x14a0 ../../lib/libbtsystem.a(btstatecontrol.o)
 .debug_info    0x0000000000019662      0xb83 ../../lib/libbtsystem.a(btparser.o)
 .debug_info    0x000000000001a1e5     0x1206 ../../lib/libbtsystem.a(btseg.o)
 .debug_info    0x000000000001b3eb      0xd29 ../../lib/libbtsystem.a(btpath.o)

.debug_abbrev   0x0000000000000000     0x277e
 *(.debug_abbrev)
 .debug_abbrev  0x0000000000000000      0x262 main.o
 .debug_abbrev  0x0000000000000262      0x38f ../../lib/libbtwam.a(btwam.o)
 .debug_abbrev  0x00000000000005f1      0x268 ../../lib/libbtwam.a(gimbals.o)
 .debug_abbrev  0x0000000000000859      0x352 ../../lib/libbtsystem.a(btsystem.o)
 .debug_abbrev  0x0000000000000bab      0x266 ../../lib/libbtsystem.a(btlogger.o)
 .debug_abbrev  0x0000000000000e11      0x2e9 ../../lib/libbtsystem.a(btcan_peakesd.o)
 .debug_abbrev  0x00000000000010fa      0x28f ../../lib/libbtsystem.a(btrobot.o)
 .debug_abbrev  0x0000000000001389      0x375 ../../lib/libbtsystem.a(btmath.o)
 .debug_abbrev  0x00000000000016fe      0x2d9 ../../lib/libbtsystem.a(btos.o)
 .debug_abbrev  0x00000000000019d7      0x318 ../../lib/libbtsystem.a(btcontrol.o)
 .debug_abbrev  0x0000000000001cef      0x2e0 ../../lib/libbtsystem.a(btstatecontrol.o)
 .debug_abbrev  0x0000000000001fcf      0x2ab ../../lib/libbtsystem.a(btparser.o)
 .debug_abbrev  0x000000000000227a      0x2d2 ../../lib/libbtsystem.a(btseg.o)
 .debug_abbrev  0x000000000000254c      0x232 ../../lib/libbtsystem.a(btpath.o)

.debug_line     0x0000000000000000     0x671b
 *(.debug_line .debug_line.* .debug_line_end)
 .debug_line    0x0000000000000000      0x41d main.o
 .debug_line    0x000000000000041d      0xa5c ../../lib/libbtwam.a(btwam.o)
 .debug_line    0x0000000000000e79      0x344 ../../lib/libbtwam.a(gimbals.o)
 .debug_line    0x00000000000011bd      0xb32 ../../lib/libbtsystem.a(btsystem.o)
 .debug_line    0x0000000000001cef      0x4e3 ../../lib/libbtsystem.a(btlogger.o)
 .debug_line    0x00000000000021d2      0x7fa ../../lib/libbtsystem.a(btcan_peakesd.o)
 .debug_line    0x00000000000029cc      0x9f0 ../../lib/libbtsystem.a(btrobot.o)
 .debug_line    0x00000000000033bc     0x156f ../../lib/libbtsystem.a(btmath.o)
 .debug_line    0x000000000000492b      0x3c3 ../../lib/libbtsystem.a(btos.o)
 .debug_line    0x0000000000004cee      0x8b8 ../../lib/libbtsystem.a(btcontrol.o)
 .debug_line    0x00000000000055a6      0x4c5 ../../lib/libbtsystem.a(btstatecontrol.o)
 .debug_line    0x0000000000005a6b      0x402 ../../lib/libbtsystem.a(btparser.o)
 .debug_line    0x0000000000005e6d      0x505 ../../lib/libbtsystem.a(btseg.o)
 .debug_line    0x0000000000006372      0x3a9 ../../lib/libbtsystem.a(btpath.o)

.debug_frame
 *(.debug_frame)

.debug_str      0x0000000000000000     0x4c18
 *(.debug_str)
 .debug_str     0x0000000000000000      0xe28 main.o
                                       0x1056 (size before relaxing)
 .debug_str     0x0000000000000e28      0x78a ../../lib/libbtwam.a(btwam.o)
                                       0x1712 (size before relaxing)
 .debug_str     0x00000000000015b2       0x50 ../../lib/libbtwam.a(gimbals.o)
                                       0x1042 (size before relaxing)
 .debug_str     0x0000000000001602     0x132c ../../lib/libbtsystem.a(btsystem.o)
                                       0x1dc7 (size before relaxing)
 .debug_str     0x000000000000292e      0x126 ../../lib/libbtsystem.a(btlogger.o)
                                        0x7a3 (size before relaxing)
 .debug_str     0x0000000000002a54      0x685 ../../lib/libbtsystem.a(btcan_peakesd.o)
                                        0xf94 (size before relaxing)
 .debug_str     0x00000000000030d9      0x35f ../../lib/libbtsystem.a(btrobot.o)
                                        0xabf (size before relaxing)
 .debug_str     0x0000000000003438      0x98a ../../lib/libbtsystem.a(btmath.o)
                                       0x1131 (size before relaxing)
 .debug_str     0x0000000000003dc2      0x3bb ../../lib/libbtsystem.a(btos.o)
                                        0x886 (size before relaxing)
 .debug_str     0x000000000000417d      0x56d ../../lib/libbtsystem.a(btcontrol.o)
                                        0xe69 (size before relaxing)
 .debug_str     0x00000000000046ea      0x206 ../../lib/libbtsystem.a(btstatecontrol.o)
                                        0xa84 (size before relaxing)
 .debug_str     0x00000000000048f0       0xf4 ../../lib/libbtsystem.a(btparser.o)
                                        0x73f (size before relaxing)
 .debug_str     0x00000000000049e4      0x145 ../../lib/libbtsystem.a(btseg.o)
                                        0x87f (size before relaxing)
 .debug_str     0x0000000000004b29       0xef ../../lib/libbtsystem.a(btpath.o)
                                        0x787 (size before relaxing)

.debug_loc
 *(.debug_loc)

.debug_macinfo
 *(.debug_macinfo)

.debug_weaknames
 *(.debug_weaknames)

.debug_funcnames
 *(.debug_funcnames)

.debug_typenames
 *(.debug_typenames)

.debug_varnames
 *(.debug_varnames)

.debug_pubtypes
 *(.debug_pubtypes)

.debug_ranges   0x0000000000000000       0x60
 *(.debug_ranges)
 .debug_ranges  0x0000000000000000       0x60 ../../lib/libbtsystem.a(btcan_peakesd.o)

.debug_macro
 *(.debug_macro)

.debug_addr
 *(.debug_addr)

.gnu.attributes
 *(.gnu.attributes)

/DISCARD/
 *(.note.GNU-stack)
 *(.gnu_debuglink)
 *(.gnu.lto_*)
OUTPUT(ex5 elf64-x86-64)

Cross Reference Table

Symbol                                            File
ACCEL                                             ../../lib/libbtsystem.a(btcan_peakesd.o)
                                                  ../../lib/libbtsystem.a(btsystem.o)
                                                  ../../lib/libbtwam.a(gimbals.o)
                                                  ../../lib/libbtwam.a(btwam.o)
                                                  main.o
ADDR                                              ../../lib/libbtsystem.a(btcan_peakesd.o)
                                                  ../../lib/libbtsystem.a(btsystem.o)
                                                  ../../lib/libbtwam.a(gimbals.o)
                                                  ../../lib/libbtwam.a(btwam.o)
                                                  main.o
ANA0                                              ../../lib/libbtsystem.a(btcan_peakesd.o)
                                                  ../../lib/libbtsystem.a(btsystem.o)
                                                  ../../lib/libbtwam.a(gimbals.o)
                                                  ../../lib/libbtwam.a(btwam.o)
                                                  main.o
ANA1                                              ../../lib/libbtsystem.a(btcan_peakesd.o)
                                                  ../../lib/libbtsystem.a(btsystem.o)
                                                  ../../lib/libbtwam.a(gimbals.o)
                                                  ../../lib/libbtwam.a(btwam.o)
                                                  main.o
AP                                                ../../lib/libbtsystem.a(btcan_peakesd.o)
                                                  ../../lib/libbtsystem.a(btsystem.o)
                                                  ../../lib/libbtwam.a(gimbals.o)
                                                  ../../lib/libbtwam.a(btwam.o)
                                                  main.o
AP2                                               ../../lib/libbtsystem.a(btcan_peakesd.o)
                                                  ../../lib/libbtsystem.a(btsystem.o)
                                                  ../../lib/libbtwam.a(gimbals.o)
                                                  ../../lib/libbtwam.a(btwam.o)
                                                  main.o
ActAngle2Mpos                                     ../../lib/libbtwam.a(btwam.o)
AddDataDL                                         ../../lib/libbtsystem.a(btlogger.o)
                                                  ../../lib/libbtwam.a(btwam.o)
AllIndexed                                        ../../lib/libbtsystem.a(btsystem.o)
B                                                 ../../lib/libbtsystem.a(btcan_peakesd.o)
                                                  ../../lib/libbtsystem.a(btsystem.o)
                                                  ../../lib/libbtwam.a(gimbals.o)
                                                  ../../lib/libbtwam.a(btwam.o)
                                                  main.o
BAUD                                              ../../lib/libbtsystem.a(btcan_peakesd.o)
                                                  ../../lib/libbtsystem.a(btsystem.o)
                                                  ../../lib/libbtwam.a(gimbals.o)
                                                  ../../lib/libbtwam.a(btwam.o)
                                                  main.o
BRAKE                                             ../../lib/libbtsystem.a(btcan_peakesd.o)
                                                  ../../lib/libbtsystem.a(btsystem.o)
                                                  ../../lib/libbtwam.a(gimbals.o)
                                                  ../../lib/libbtwam.a(btwam.o)
                                                  main.o
BlankWAMcallback                                  ../../lib/libbtwam.a(btwam.o)
CMD                                               ../../lib/libbtsystem.a(btcan_peakesd.o)
                                                  ../../lib/libbtsystem.a(btsystem.o)
                                                  ../../lib/libbtwam.a(gimbals.o)
                                                  ../../lib/libbtwam.a(btwam.o)
                                                  main.o
COMMON_END                                        ../../lib/libbtsystem.a(btcan_peakesd.o)
                                                  ../../lib/libbtsystem.a(btsystem.o)
                                                  ../../lib/libbtwam.a(gimbals.o)
                                                  ../../lib/libbtwam.a(btwam.o)
                                                  main.o
CPU_cycles_per_second                             ../../lib/libbtsystem.a(btsystem.o)
CT                                                ../../lib/libbtsystem.a(btcan_peakesd.o)
                                                  ../../lib/libbtsystem.a(btsystem.o)
                                                  ../../lib/libbtwam.a(gimbals.o)
                                                  ../../lib/libbtwam.a(btwam.o)
                                                  main.o
CT2                                               ../../lib/libbtsystem.a(btcan_peakesd.o)
                                                  ../../lib/libbtsystem.a(btsystem.o)
                                                  ../../lib/libbtwam.a(gimbals.o)
                                                  ../../lib/libbtwam.a(btwam.o)
                                                  main.o
CTS                                               ../../lib/libbtsystem.a(btcan_peakesd.o)
                                                  ../../lib/libbtsystem.a(btsystem.o)
                                                  ../../lib/libbtwam.a(gimbals.o)
                                                  ../../lib/libbtwam.a(btwam.o)
                                                  main.o
CTS2                                              ../../lib/libbtsystem.a(btcan_peakesd.o)
                                                  ../../lib/libbtsystem.a(btsystem.o)
                                                  ../../lib/libbtwam.a(gimbals.o)
                                                  ../../lib/libbtwam.a(btwam.o)
                                                  main.o
C_q                                               ../../lib/libbtsystem.a(btmath.o)
C_v3                                              ../../lib/libbtsystem.a(btmath.o)
                                                  ../../lib/libbtsystem.a(btrobot.o)
CalcSegment                                       ../../lib/libbtsystem.a(btcontrol.o)
CloseDL                                           ../../lib/libbtsystem.a(btlogger.o)
                                                  ../../lib/libbtwam.a(btwam.o)
CloseSystem                                       ../../lib/libbtsystem.a(btsystem.o)
                                                  ../../lib/libbtwam.a(btwam.o)
                                                  main.o
CloseWAM                                          ../../lib/libbtwam.a(btwam.o)
D                                                 ../../lib/libbtsystem.a(btcan_peakesd.o)
                                                  ../../lib/libbtsystem.a(btsystem.o)
                                                  ../../lib/libbtwam.a(gimbals.o)
                                                  ../../lib/libbtwam.a(btwam.o)
                                                  main.o
DEF                                               ../../lib/libbtsystem.a(btcan_peakesd.o)
                                                  ../../lib/libbtsystem.a(btsystem.o)
                                                  ../../lib/libbtwam.a(gimbals.o)
                                                  ../../lib/libbtwam.a(btwam.o)
                                                  main.o
DIG0                                              ../../lib/libbtsystem.a(btcan_peakesd.o)
                                                  ../../lib/libbtsystem.a(btsystem.o)
                                                  ../../lib/libbtwam.a(gimbals.o)
                                                  ../../lib/libbtwam.a(btwam.o)
                                                  main.o
DIG1                                              ../../lib/libbtsystem.a(btcan_peakesd.o)
                                                  ../../lib/libbtsystem.a(btsystem.o)
                                                  ../../lib/libbtwam.a(gimbals.o)
                                                  ../../lib/libbtwam.a(btwam.o)
                                                  main.o
DLoff                                             ../../lib/libbtsystem.a(btlogger.o)
                                                  ../../lib/libbtwam.a(btwam.o)
DLon                                              ../../lib/libbtsystem.a(btlogger.o)
                                                  ../../lib/libbtwam.a(btwam.o)
DLwrite                                           ../../lib/libbtsystem.a(btlogger.o)
DP                                                ../../lib/libbtsystem.a(btcan_peakesd.o)
                                                  ../../lib/libbtsystem.a(btsystem.o)
                                                  ../../lib/libbtwam.a(gimbals.o)
                                                  ../../lib/libbtwam.a(btwam.o)
                                                  main.o
DP2                                               ../../lib/libbtsystem.a(btcan_peakesd.o)
                                                  ../../lib/libbtsystem.a(btsystem.o)
                                                  ../../lib/libbtwam.a(gimbals.o)
                                                  ../../lib/libbtwam.a(btwam.o)
                                                  main.o
DUMP                                              ../../lib/libbtsystem.a(btcan_peakesd.o)
                                                  ../../lib/libbtsystem.a(btsystem.o)
                                                  ../../lib/libbtwam.a(gimbals.o)
                                                  ../../lib/libbtwam.a(btwam.o)
                                                  main.o
DataSizeDL                                        ../../lib/libbtsystem.a(btlogger.o)
DecodeDL                                          ../../lib/libbtsystem.a(btlogger.o)
DefineWAMpos                                      ../../lib/libbtwam.a(btwam.o)
DiscoverSystem                                    ../../lib/libbtsystem.a(btsystem.o)
DumpData2Syslog                                   ../../lib/libbtsystem.a(btsystem.o)
DumpWAM2Syslog                                    ../../lib/libbtwam.a(btwam.o)
E                                                 ../../lib/libbtsystem.a(btcan_peakesd.o)
                                                  ../../lib/libbtsystem.a(btsystem.o)
                                                  ../../lib/libbtwam.a(gimbals.o)
                                                  ../../lib/libbtwam.a(btwam.o)
                                                  main.o
E2                                                ../../lib/libbtsystem.a(btcan_peakesd.o)
                                                  ../../lib/libbtsystem.a(btsystem.o)
                                                  ../../lib/libbtwam.a(gimbals.o)
                                                  ../../lib/libbtwam.a(btwam.o)
                                                  main.o
ECMAX                                             ../../lib/libbtsystem.a(btcan_peakesd.o)
                                                  ../../lib/libbtsystem.a(btsystem.o)
                                                  ../../lib/libbtwam.a(gimbals.o)
                                                  ../../lib/libbtwam.a(btwam.o)
                                                  main.o
ECMIN                                             ../../lib/libbtsystem.a(btcan_peakesd.o)
                                                  ../../lib/libbtsystem.a(btsystem.o)
                                                  ../../lib/libbtwam.a(gimbals.o)
                                                  ../../lib/libbtwam.a(btwam.o)
                                                  main.o
EN                                                ../../lib/libbtsystem.a(btcan_peakesd.o)
                                                  ../../lib/libbtsystem.a(btsystem.o)
                                                  ../../lib/libbtwam.a(gimbals.o)
                                                  ../../lib/libbtwam.a(btwam.o)
                                                  main.o
EN2                                               ../../lib/libbtsystem.a(btcan_peakesd.o)
                                                  ../../lib/libbtsystem.a(btsystem.o)
                                                  ../../lib/libbtwam.a(gimbals.o)
                                                  ../../lib/libbtwam.a(btwam.o)
                                                  main.o
ERROR                                             ../../lib/libbtsystem.a(btcan_peakesd.o)
                                                  ../../lib/libbtsystem.a(btsystem.o)
                                                  ../../lib/libbtwam.a(gimbals.o)
                                                  ../../lib/libbtwam.a(btwam.o)
                                                  main.o
EnergizeActuators                                 ../../lib/libbtsystem.a(btsystem.o)
EnumerateSystem                                   ../../lib/libbtsystem.a(btsystem.o)
FET0                                              ../../lib/libbtsystem.a(btcan_peakesd.o)
                                                  ../../lib/libbtsystem.a(btsystem.o)
                                                  ../../lib/libbtwam.a(gimbals.o)
                                                  ../../lib/libbtwam.a(btwam.o)
                                                  main.o
FET1                                              ../../lib/libbtsystem.a(btcan_peakesd.o)
                                                  ../../lib/libbtsystem.a(btsystem.o)
                                                  ../../lib/libbtwam.a(gimbals.o)
                                                  ../../lib/libbtwam.a(btwam.o)
                                                  main.o
FIND                                              ../../lib/libbtsystem.a(btcan_peakesd.o)
                                                  ../../lib/libbtsystem.a(btsystem.o)
                                                  ../../lib/libbtwam.a(gimbals.o)
                                                  ../../lib/libbtwam.a(btwam.o)
                                                  main.o
GAIN1                                             ../../lib/libbtsystem.a(btcan_peakesd.o)
                                                  ../../lib/libbtsystem.a(btsystem.o)
                                                  ../../lib/libbtwam.a(gimbals.o)
                                                  ../../lib/libbtwam.a(btwam.o)
                                                  main.o
GAIN2                                             ../../lib/libbtsystem.a(btcan_peakesd.o)
                                                  ../../lib/libbtsystem.a(btsystem.o)
                                                  ../../lib/libbtwam.a(gimbals.o)
                                                  ../../lib/libbtwam.a(btwam.o)
                                                  main.o
GAIN3                                             ../../lib/libbtsystem.a(btcan_peakesd.o)
                                                  ../../lib/libbtsystem.a(btsystem.o)
                                                  ../../lib/libbtwam.a(gimbals.o)
                                                  ../../lib/libbtwam.a(btwam.o)
                                                  main.o
GCaxis_q                                          ../../lib/libbtsystem.a(btmath.o)
GCdist_q                                          ../../lib/libbtsystem.a(btmath.o)
GCompSample                                       ../../lib/libbtwam.a(btwam.o)
GLIBC_2.10                                        /lib/x86_64-linux-gnu/libc.so.6
GLIBC_2.11                                        /lib/x86_64-linux-gnu/libpthread.so.0
                                                  /lib/x86_64-linux-gnu/libc.so.6
GLIBC_2.12                                        /lib/x86_64-linux-gnu/libpthread.so.0
                                                  /lib/x86_64-linux-gnu/libc.so.6
GLIBC_2.13                                        /lib/x86_64-linux-gnu/libc.so.6
GLIBC_2.14                                        /lib/x86_64-linux-gnu/libc.so.6
GLIBC_2.15                                        /lib/x86_64-linux-gnu/libm.so.6
                                                  /lib/x86_64-linux-gnu/libc.so.6
GLIBC_2.16                                        /lib/x86_64-linux-gnu/libc.so.6
GLIBC_2.17                                        /lib/x86_64-linux-gnu/libc.so.6
GLIBC_2.18                                        /lib/x86_64-linux-gnu/libm.so.6
                                                  /lib/x86_64-linux-gnu/libc.so.6
                                                  /lib/x86_64-linux-gnu/libpthread.so.0
GLIBC_2.2.5                                       /lib/x86_64-linux-gnu/libm.so.6
                                                  /lib/x86_64-linux-gnu/ld-linux-x86-64.so.2
                                                  /lib/x86_64-linux-gnu/libc.so.6
                                                  /usr/lib/gcc/x86_64-linux-gnu/7/../../../x86_64-linux-gnu/librt.so
                                                  /lib/x86_64-linux-gnu/libpthread.so.0
GLIBC_2.2.6                                       /lib/x86_64-linux-gnu/libpthread.so.0
                                                  /lib/x86_64-linux-gnu/libc.so.6
GLIBC_2.22                                        /lib/x86_64-linux-gnu/libc.so.6
GLIBC_2.23                                        /lib/x86_64-linux-gnu/libm.so.6
                                                  /lib/x86_64-linux-gnu/libc.so.6
GLIBC_2.24                                        /lib/x86_64-linux-gnu/libm.so.6
                                                  /lib/x86_64-linux-gnu/libc.so.6
GLIBC_2.25                                        /lib/x86_64-linux-gnu/libm.so.6
                                                  /lib/x86_64-linux-gnu/libc.so.6
GLIBC_2.26                                        /lib/x86_64-linux-gnu/libm.so.6
                                                  /lib/x86_64-linux-gnu/libc.so.6
GLIBC_2.27                                        /lib/x86_64-linux-gnu/libm.so.6
                                                  /lib/x86_64-linux-gnu/libc.so.6